
CLOT Allocation (ingress):
+------+-----------------------------------+---------------+-----------+
| CLOT |              Fields               |     Bits      | Property  |
+------+-----------------------------------+---------------+-----------+
|  0   |     state ingress::parse_tcp      |   20 bytes    |           |
|      |                                   |               |           |
|      |       ingress::p.tcp.sport        |  16 [0..15]   |           |
|      |       ingress::p.tcp.dport        |  16 [16..31]  |           |
|      |        ingress::p.tcp.seq         |  32 [32..63]  |           |
|      |        ingress::p.tcp.ack         |  32 [64..95]  |           |
|      |      ingress::p.tcp.dataofs       |  4 [96..99]   |           |
|      |      ingress::p.tcp.reserved      | 4 [100..103]  |           |
|      |       ingress::p.tcp.flags        | 8 [104..111]  |           |
|      |       ingress::p.tcp.window       | 16 [112..127] |           |
|      |       ingress::p.tcp.chksum       | 16 [128..143] |           |
|      |       ingress::p.tcp.urgptr       | 16 [144..159] |           |
+------+-----------------------------------+---------------+-----------+
|  1   | state ingress::$entry_point.start |   14 bytes    |           |
|      |                                   |               |           |
|      |      ingress::p.ethernet.dst      |  48 [0..47]   |           |
|      |      ingress::p.ethernet.src      |  48 [48..95]  |           |
|      |   ingress::p.ethernet.etherType   | 16 [96..111]  |           |
+------+-----------------------------------+---------------+-----------+
|  2   |      state ingress::parse_ip      |   20 bytes    |           |
|      |                                   |               |           |
|      |      ingress::p.ipv4.version      |   4 [0..3]    |           |
|      |        ingress::p.ipv4.ihl        |   4 [4..7]    |           |
|      |        ingress::p.ipv4.tos        |   8 [8..15]   |           |
|      |        ingress::p.ipv4.len        |  16 [16..31]  |           |
|      |        ingress::p.ipv4.id         |  16 [32..47]  |           |
|      |       ingress::p.ipv4.flags       |  3 [48..50]   |           |
|      |       ingress::p.ipv4.frag        |  13 [51..63]  |           |
|      |        ingress::p.ipv4.ttl        |  8 [64..71]   |           |
|      |       ingress::p.ipv4.proto       |  8 [72..79]   |  ( phv )  |
|      |      ingress::p.ipv4.chksum       |  16 [80..95]  |           |
|      |        ingress::p.ipv4.src        | 32 [96..127]  |  ( phv )  |
|      |        ingress::p.ipv4.dst        | 32 [128..159] |  ( phv )  |
+------+-----------------------------------+---------------+-----------+
|  3   |     state ingress::parse_udp      |    8 bytes    |           |
|      |                                   |               |           |
|      |       ingress::p.udp.sport        |  16 [0..15]   |  ( phv )  |
|      |       ingress::p.udp.dport        |  16 [16..31]  |  ( phv )  |
|      |        ingress::p.udp.len         |  16 [32..47]  |           |
|      |       ingress::p.udp.chksum       |  16 [48..63]  |           |
+------+-----------------------------------+---------------+-----------+
|      |            Total Bits             |      496      |           |
+------+-----------------------------------+---------------+-----------+

  Packets will use up to 3 CLOTs.
  The parser path(s) that will use the most CLOTs contain the following states:
    ingress::parse_tcp (1 CLOTs)
    ingress::parse_udp (1 CLOTs)
    ingress::parse_ip (1 CLOTs)
    $entry_point.start (1 CLOTs)

CLOT Allocation (egress):
+------+----------------------------------+---------------+----------+
| CLOT |              Fields              |     Bits      | Property |
+------+----------------------------------+---------------+----------+
|  0   |      state egress::parse_ip      |   20 bytes    |          |
|      |                                  |               |          |
|      |      egress::p.ipv4.version      |   4 [0..3]    |          |
|      |        egress::p.ipv4.ihl        |   4 [4..7]    |          |
|      |        egress::p.ipv4.tos        |   8 [8..15]   |          |
|      |        egress::p.ipv4.len        |  16 [16..31]  |          |
|      |        egress::p.ipv4.id         |  16 [32..47]  |          |
|      |       egress::p.ipv4.flags       |  3 [48..50]   |          |
|      |       egress::p.ipv4.frag        |  13 [51..63]  |          |
|      |        egress::p.ipv4.ttl        |  8 [64..71]   |          |
|      |       egress::p.ipv4.proto       |  8 [72..79]   |          |
|      |      egress::p.ipv4.chksum       |  16 [80..95]  |          |
|      |        egress::p.ipv4.src        | 32 [96..127]  |          |
|      |        egress::p.ipv4.dst        | 32 [128..159] |          |
+------+----------------------------------+---------------+----------+
|  1   | state egress::$entry_point.start |   14 bytes    |          |
|      |                                  |               |          |
|      |      egress::p.ethernet.dst      |  48 [0..47]   |          |
|      |      egress::p.ethernet.src      |  48 [48..95]  |          |
|      |   egress::p.ethernet.etherType   | 16 [96..111]  |          |
+------+----------------------------------+---------------+----------+
|      |            Total Bits            |      272      |          |
+------+----------------------------------+---------------+----------+

  Packets will use up to 2 CLOTs.
  The parser path(s) that will use the most CLOTs contain the following states:
    egress::parse_ip (1 CLOTs)
    $entry_point.start (1 CLOTs)

All fields:
+--------------------------------+------+-------+-----------+
|             Field              | Bits | CLOTs | Property  |
+--------------------------------+------+-------+-----------+
|    ingress::p.ethernet.dst     |  48  |   1   |  unused   |
|    ingress::p.ethernet.src     |  48  |   1   |  unused   |
| ingress::p.ethernet.etherType  |  16  |   1   |  unused   |
|    ingress::p.ipv4.version     |  4   |   2   |  unused   |
|      ingress::p.ipv4.ihl       |  4   |   2   |  unused   |
|      ingress::p.ipv4.tos       |  8   |   2   |  unused   |
|      ingress::p.ipv4.len       |  16  |   2   |  unused   |
|       ingress::p.ipv4.id       |  16  |   2   |  unused   |
|     ingress::p.ipv4.flags      |  3   |   2   |  unused   |
|      ingress::p.ipv4.frag      |  13  |   2   |  unused   |
|      ingress::p.ipv4.ttl       |  8   |   2   |  unused   |
|     ingress::p.ipv4.proto      |  8   |   2   | read-only |
|     ingress::p.ipv4.chksum     |  16  |   2   |  unused   |
|      ingress::p.ipv4.src       |  32  |   2   | read-only |
|      ingress::p.ipv4.dst       |  32  |   2   | read-only |
|      ingress::p.tcp.sport      |  16  |   0   |  unused   |
|      ingress::p.tcp.dport      |  16  |   0   |  unused   |
|       ingress::p.tcp.seq       |  32  |   0   |  unused   |
|       ingress::p.tcp.ack       |  32  |   0   |  unused   |
|     ingress::p.tcp.dataofs     |  4   |   0   |  unused   |
|    ingress::p.tcp.reserved     |  4   |   0   |  unused   |
|      ingress::p.tcp.flags      |  8   |   0   |  unused   |
|     ingress::p.tcp.window      |  16  |   0   |  unused   |
|     ingress::p.tcp.chksum      |  16  |   0   |  unused   |
|     ingress::p.tcp.urgptr      |  16  |   0   |  unused   |
|      ingress::p.udp.sport      |  16  |   3   | read-only |
|      ingress::p.udp.dport      |  16  |   3   | read-only |
|       ingress::p.udp.len       |  16  |   3   |  unused   |
|     ingress::p.udp.chksum      |  16  |   3   |  unused   |
| egress::eg_intr_md.egress_port |  9   |       | read-only |
|     egress::p.ethernet.dst     |  48  |   1   |  unused   |
|     egress::p.ethernet.src     |  48  |   1   |  unused   |
|  egress::p.ethernet.etherType  |  16  |   1   |  unused   |
|     egress::p.ipv4.version     |  4   |   0   |  unused   |
|       egress::p.ipv4.ihl       |  4   |   0   |  unused   |
|       egress::p.ipv4.tos       |  8   |   0   |  unused   |
|       egress::p.ipv4.len       |  16  |   0   |  unused   |
|       egress::p.ipv4.id        |  16  |   0   |  unused   |
|      egress::p.ipv4.flags      |  3   |   0   |  unused   |
|      egress::p.ipv4.frag       |  13  |   0   |  unused   |
|       egress::p.ipv4.ttl       |  8   |   0   |  unused   |
|      egress::p.ipv4.proto      |  8   |   0   |  unused   |
|     egress::p.ipv4.chksum      |  16  |   0   |  unused   |
|       egress::p.ipv4.src       |  32  |   0   |  unused   |
|       egress::p.ipv4.dst       |  32  |   0   |  unused   |
+--------------------------------+------+-------+-----------+
|         Unused fields          |  39  |       |           |
|          Unused bits           | 664  |       |           |
|  Unused CLOT-allocated fields  |  39  |       |           |
|   Unused CLOT-allocated bits   | 664  |       |           |
+--------------------------------+------+-------+-----------+

