+---------------------------------------------------------------------+
|  Log file: mau.characterize.log                                     |
|  Compiler version: 9.13.1 (e558d01)                                 |
|  Created on: Tue Nov 25 16:43:23 2025                               |
|  Run ID: 0bee7d560cb1406f                                           |
+---------------------------------------------------------------------+

Match+Action Resource Usage
---------------------------------------------------------------------------------------------------------------------------------------------------------------------------------------------------------------------------------------------------------------------------------------------------------------------------------------------
|                   1                    |    2    |   3    |       4        |  5   |        6        |   7   |          8           |      9       |    10   |   11  |          12         |       13       |       14      |      15      |   16   |     17    |       18      |      19      |       20       |       21      |    22   |
|                 Table                  |   Dir   | Stage  |       P4       | Mem  |      Total      | Total |        Table         |    Match     |   TCAM  |  SRAM |        Match        |      Imm.      |      TCAM     |     SRAM     |   P4   |   Action  |     Ideal     |    Actual    |      TCAM      |      SRAM     |   SRAM  |
|                  Name                  |         |        |     Lookup     | Type |      SRAMs      | TCAMs |       Entries        |     Bits     |  Over-  | Over- |       Overhead      |     Action     |      Bits     |     Bits     | Action |    Bits   |     Match     |    Match     |     Match      |     Match     |  Action |
|                                        |         |        |    Type(s)     |      | TOT(M/A/S/MT/I) |       |      Requested       |     Per      |   head  |  head |      Structure      |      Data      |      Per      |     Per      |  Bits  |    Per    |    Entries-   |   Entries-   |    Packing     |    Packing    | Packing |
|                                        |         |        |                |      |     (legend     |       |          /           |    Entry     |   Bits  |  Bits | NT/AI/AD/M/S/SL/V/I |       in       |     Entry     |    Entry     |        |   Entry   |     Number    |    Number    |      Eff.      |      Eff.     |   Eff.  |
|                                        |         |        |                |      |      below)     |       |      Allocated       |  R/A(diff)   |   Per   |  Per  |       (legend       |    Overhead    |   R/A(diff)   |  R/A(diff)   |        | R/A(diff) |      Per      |     Per      |     Ideal/     |     Ideal/    |  Ideal/ |
|                                        |         |        |                |      |                 |       |        (diff)        |              |  Entry  | Entry |        below)       |   R/A(diff)    |               |              |        |           |     Memory    |    Memory    |     Actual     |     Actual    |  Actual |
|                                        |         |        |                |      |                 |       |                      |              | ver/vld |       |                     |                |               |              |        |           |     Units     |    Units     |                |               |         |
|                                        |         |        |                |      |                 |       |                      |              |         |       |                     |                |               |              |        |           |     (bits)    |    (bits)    |                |               |         |
---------------------------------------------------------------------------------------------------------------------------------------------------------------------------------------------------------------------------------------------------------------------------------------------------------------------------------------------
|   SwitchIngressParser.$PORT_METADATA   | ingress | parser |     exact      | buf  |  0 (0/0/0/0/0)  |   0   |    288 / 288 (0)     |  9 / 0 (-9)  |    0    |   0   |   0/0/0/0/0/0/0/0   | 128 / 0 (-128) |   0 / 0 (0)   |  0 / 0 (0)   |  128   | 0 / 0 (0) |  1 in 2 (256) | 1 in 1 (128) |     - / -      |     - / -     |  - / -  |
|                                        |         |        |                |      |                 |       |                      |              |         |       |                     |                |               |              |        |           |               |              |                |               |         |
|         SwitchIngress.ip_table         | ingress |   0    | exact, ternary | tcam |  1 (0/0/0/0/1)  |   6   |   1024 / 1024 (0)    | 88 / 88 (0)  |    0    |   24  |   0/0/0/0/0/0/0/24  |  18 / 24 (6)   | 92 / 132 (40) | 24 / 32 (8)  |   18   | 0 / 0 (0) |  1 in 2 (88)  | 1 in 3 (132) | 100.0% / 66.7% | 98.4% / 56.2% |  - / -  |
|             stage 0 totals             |    -    |   -    |       -        |  -   |  1 (0/0/0/0/1)  |   6   |          -           |      -       |    -    |   -   |          -          |       -        |       -       |      -       |   -    |     -     |       -       |      -       |       -        |       -       |    -    |
|                                        |         |        |                |      |                 |       |                      |              |         |       |                     |                |               |              |        |           |               |              |                |               |         |
|      SwitchIngress.src_tcam_table      | ingress |   1    | exact, ternary | tcam |  1 (0/0/0/0/1)  |   4   |   2048 / 2048 (0)    | 25 / 25 (0)  |    0    |   9   |   0/0/0/0/0/0/0/9   |   9 / 9 (0)    |  29 / 44 (15) |  9 / 16 (7)  |   9    | 0 / 0 (0) |  1 in 1 (44)  | 1 in 1 (44)  | 56.8% / 56.8%  | 98.4% / 56.2% |  - / -  |
|               tbl_drop_1               | ingress |   1    |       -        | sram |  0 (0/0/0/0/0)  |   0   |      0 / 0 (0)       |  0 / 0 (0)   |    0    |   0   |   0/0/0/0/0/0/0/0   |   0 / 0 (0)    |   0 / 0 (0)   |  0 / 0 (0)   |   0    | 0 / 0 (0) |   0 in 0 (0)  |  1 in 0 (0)  |     - / -      |     - / -     |  - / -  |
|             stage 1 totals             |    -    |   -    |       -        |  -   |  1 (0/0/0/0/1)  |   4   |          -           |      -       |    -    |   -   |          -          |       -        |       -       |      -       |   -    |     -     |       -       |      -       |       -        |       -       |    -    |
|                                        |         |        |                |      |                 |       |                      |              |         |       |                     |                |               |              |        |           |               |              |                |               |         |
|      SwitchIngress.src_sram_table      | ingress |   2    |     exact      | sram |  4 (4/0/0/0/0)  |   0   | 4096 / 16384 (12288) | 20 / 11 (-9) |    0    |   13  |   0/0/0/0/0/0/4/9   |   9 / 9 (0)    |   0 / 0 (0)   | 33 / 24 (-9) |   41   | 0 / 0 (0) | 22 in 5 (640) | 4 in 1 (128) |     - / -      | 99.7% / 59.4% |  - / -  |
|               tbl_act_1                | ingress |   2    |       -        | sram |  0 (0/0/0/0/0)  |   0   |      0 / 0 (0)       |  0 / 0 (0)   |    0    |   0   |   0/0/0/0/0/0/0/0   |   0 / 0 (0)    |   0 / 0 (0)   |  0 / 0 (0)   |   0    | 0 / 0 (0) |   0 in 0 (0)  |  1 in 0 (0)  |     - / -      |     - / -     |  - / -  |
|             stage 2 totals             |    -    |   -    |       -        |  -   |  4 (4/0/0/0/0)  |   0   |          -           |      -       |    -    |   -   |          -          |       -        |       -       |      -       |   -    |     -     |       -       |      -       |       -        |       -       |    -    |
|                                        |         |        |                |      |                 |       |                      |              |         |       |                     |                |               |              |        |           |               |              |                |               |         |
|                tbl_act                 | ingress |   3    |       -        | sram |  0 (0/0/0/0/0)  |   0   |      0 / 0 (0)       |  0 / 0 (0)   |    0    |   0   |   0/0/0/0/0/0/0/0   |   0 / 0 (0)    |   0 / 0 (0)   |  0 / 0 (0)   |   0    | 0 / 0 (0) |   0 in 0 (0)  |  1 in 0 (0)  |     - / -      |     - / -     |  - / -  |
|             stage 3 totals             |    -    |   -    |       -        |  -   |  0 (0/0/0/0/0)  |   0   |          -           |      -       |    -    |   -   |          -          |       -        |       -       |      -       |   -    |     -     |       -       |      -       |       -        |       -       |    -    |
|                                        |         |        |                |      |                 |       |                      |              |         |       |                     |                |               |              |        |           |               |              |                |               |         |
| SwitchIngress.src_tcam_table_secondary | ingress |   4    | exact, ternary | tcam |  1 (0/0/0/0/1)  |   4   |   2048 / 2048 (0)    | 25 / 25 (0)  |    0    |   9   |   0/0/0/0/0/0/0/9   |   9 / 9 (0)    |  29 / 44 (15) |  9 / 16 (7)  |   9    | 0 / 0 (0) |  1 in 1 (44)  | 1 in 1 (44)  | 56.8% / 56.8%  | 98.4% / 56.2% |  - / -  |
|               tbl_act_3                | ingress |   4    |       -        | sram |  0 (0/0/0/0/0)  |   0   |      0 / 0 (0)       |  0 / 0 (0)   |    0    |   0   |   0/0/0/0/0/0/0/0   |   0 / 0 (0)    |   0 / 0 (0)   |  0 / 0 (0)   |   0    | 0 / 0 (0) |   0 in 0 (0)  |  1 in 0 (0)  |     - / -      |     - / -     |  - / -  |
|             stage 4 totals             |    -    |   -    |       -        |  -   |  1 (0/0/0/0/1)  |   4   |          -           |      -       |    -    |   -   |          -          |       -        |       -       |      -       |   -    |     -     |       -       |      -       |       -        |       -       |    -    |
|                                        |         |        |                |      |                 |       |                      |              |         |       |                     |                |               |              |        |           |               |              |                |               |         |
| SwitchIngress.src_sram_table_secondary | ingress |   5    |     exact      | sram |  4 (4/0/0/0/0)  |   0   | 4096 / 16384 (12288) | 20 / 11 (-9) |    0    |   13  |   0/0/0/0/0/0/4/9   |   9 / 9 (0)    |   0 / 0 (0)   | 33 / 24 (-9) |   41   | 0 / 0 (0) | 22 in 5 (640) | 4 in 1 (128) |     - / -      | 99.7% / 59.4% |  - / -  |
|               tbl_act_5                | ingress |   5    |       -        | sram |  0 (0/0/0/0/0)  |   0   |      0 / 0 (0)       |  0 / 0 (0)   |    0    |   0   |   0/0/0/0/0/0/0/0   |   0 / 0 (0)    |   0 / 0 (0)   |  0 / 0 (0)   |   0    | 0 / 0 (0) |   0 in 0 (0)  |  1 in 0 (0)  |     - / -      |     - / -     |  - / -  |
|             stage 5 totals             |    -    |   -    |       -        |  -   |  4 (4/0/0/0/0)  |   0   |          -           |      -       |    -    |   -   |          -          |       -        |       -       |      -       |   -    |     -     |       -       |      -       |       -        |       -       |    -    |
|                                        |         |        |                |      |                 |       |                      |              |         |       |                     |                |               |              |        |           |               |              |                |               |         |
|            tbl_tofino2l358             | ingress |   6    |       -        | sram |  0 (0/0/0/0/0)  |   0   |      0 / 0 (0)       |  0 / 0 (0)   |    0    |   0   |   0/0/0/0/0/0/0/0   |   0 / 0 (0)    |   0 / 0 (0)   |  0 / 0 (0)   |   0    | 0 / 0 (0) |   0 in 0 (0)  |  1 in 0 (0)  |     - / -      |     - / -     |  - / -  |
|             stage 6 totals             |    -    |   -    |       -        |  -   |  0 (0/0/0/0/0)  |   0   |          -           |      -       |    -    |   -   |          -          |       -        |       -       |      -       |   -    |     -     |       -       |      -       |       -        |       -       |    -    |
|                                        |         |        |                |      |                 |       |                      |              |         |       |                     |                |               |              |        |           |               |              |                |               |         |
|      SwitchIngress.dst_tcam_table      | ingress |   7    | exact, ternary | tcam |  1 (0/0/0/0/1)  |   4   |   2048 / 2048 (0)    | 25 / 25 (0)  |    0    |   9   |   0/0/0/0/0/0/0/9   |   9 / 9 (0)    |  29 / 44 (15) |  9 / 16 (7)  |   9    | 0 / 0 (0) |  1 in 1 (44)  | 1 in 1 (44)  | 56.8% / 56.8%  | 98.4% / 56.2% |  - / -  |
|               tbl_act_7                | ingress |   7    |       -        | sram |  0 (0/0/0/0/0)  |   0   |      0 / 0 (0)       |  0 / 0 (0)   |    0    |   0   |   0/0/0/0/0/0/0/0   |   0 / 0 (0)    |   0 / 0 (0)   |  0 / 0 (0)   |   0    | 0 / 0 (0) |   0 in 0 (0)  |  1 in 0 (0)  |     - / -      |     - / -     |  - / -  |
|               tbl_drop_0               | ingress |   7    |       -        | sram |  0 (0/0/0/0/0)  |   0   |      0 / 0 (0)       |  0 / 0 (0)   |    0    |   0   |   0/0/0/0/0/0/0/0   |   0 / 0 (0)    |   0 / 0 (0)   |  0 / 0 (0)   |   0    | 0 / 0 (0) |   0 in 0 (0)  |  1 in 0 (0)  |     - / -      |     - / -     |  - / -  |
|             stage 7 totals             |    -    |   -    |       -        |  -   |  1 (0/0/0/0/1)  |   4   |          -           |      -       |    -    |   -   |          -          |       -        |       -       |      -       |   -    |     -     |       -       |      -       |       -        |       -       |    -    |
|                                        |         |        |                |      |                 |       |                      |              |         |       |                     |                |               |              |        |           |               |              |                |               |         |
|      SwitchIngress.dst_sram_table      | ingress |   8    |     exact      | sram |  4 (4/0/0/0/0)  |   0   | 4096 / 16384 (12288) | 20 / 11 (-9) |    0    |   13  |   0/0/0/0/0/0/4/9   |   9 / 9 (0)    |   0 / 0 (0)   | 33 / 24 (-9) |   41   | 0 / 0 (0) | 22 in 5 (640) | 4 in 1 (128) |     - / -      | 99.7% / 59.4% |  - / -  |
|               tbl_act_9                | ingress |   8    |       -        | sram |  0 (0/0/0/0/0)  |   0   |      0 / 0 (0)       |  0 / 0 (0)   |    0    |   0   |   0/0/0/0/0/0/0/0   |   0 / 0 (0)    |   0 / 0 (0)   |  0 / 0 (0)   |   0    | 0 / 0 (0) |   0 in 0 (0)  |  1 in 0 (0)  |     - / -      |     - / -     |  - / -  |
|             stage 8 totals             |    -    |   -    |       -        |  -   |  4 (4/0/0/0/0)  |   0   |          -           |      -       |    -    |   -   |          -          |       -        |       -       |      -       |   -    |     -     |       -       |      -       |       -        |       -       |    -    |
|                                        |         |        |                |      |                 |       |                      |              |         |       |                     |                |               |              |        |           |               |              |                |               |         |
|                tbl_drop                | ingress |   9    |       -        | sram |  0 (0/0/0/0/0)  |   0   |      0 / 0 (0)       |  0 / 0 (0)   |    0    |   0   |   0/0/0/0/0/0/0/0   |   0 / 0 (0)    |   0 / 0 (0)   |  0 / 0 (0)   |   0    | 0 / 0 (0) |   0 in 0 (0)  |  1 in 0 (0)  |     - / -      |     - / -     |  - / -  |
|             stage 9 totals             |    -    |   -    |       -        |  -   |  0 (0/0/0/0/0)  |   0   |          -           |      -       |    -    |   -   |          -          |       -        |       -       |      -       |   -    |     -     |       -       |      -       |       -        |       -       |    -    |
|                                        |         |        |                |      |                 |       |                      |              |         |       |                     |                |               |              |        |           |               |              |                |               |         |
|        overall totals (ingress)        |    -    |   -    |       -        |  -   | 16 (12/0/0/0/4) |   18  |          -           |      -       |    -    |   -   |          -          |       -        |       -       |      -       |   -    |     -     |       -       |      -       |       -        |       -       |    -    |
|                                        |         |        |                |      |                 |       |                      |              |         |       |                     |                |               |              |        |           |               |              |                |               |         |
|        overall totals (egress)         |    -    |   -    |       -        |  -   |  0 (0/0/0/0/0)  |   0   |          -           |      -       |    -    |   -   |          -          |       -        |       -       |      -       |   -    |     -     |       -       |      -       |       -        |       -       |    -    |
|                                        |         |        |                |      |                 |       |                      |              |         |       |                     |                |               |              |        |           |               |              |                |               |         |
|             overall totals             |    -    |   -    |       -        |  -   | 16 (12/0/0/0/4) |   18  |          -           |      -       |    -    |   -   |          -          |       -        |       -       |      -       |   -    |     -     |       -       |      -       |       -        |       -       |    -    |
---------------------------------------------------------------------------------------------------------------------------------------------------------------------------------------------------------------------------------------------------------------------------------------------------------------------------------------------

Total SRAMs Legend:
TOT (M/A/S/MT/I)
TOT = Total
M = Match
A = Action
S = Statistics
MT = Meter / Stateful / Selection
I = Ternary Indirection

Match Overhead Structure Legend:
NT/AI/AD/M/S/SL/V/I
NT = Next Table Pointer
AI = Action Instruction Pointer
AD = Action Data Pointer
M = Meter/Selection/Stateful Pointer
S = Statistics Pointer
SL = Selection Length
V = Entry Version
I = Immediate Action Data





+----------------------------------------------------------------+
    OVERHEAD STRUCTURES
+----------------------------------------------------------------+

+----------------------------------------------------------------+
   SwitchIngress.dst_sram_table
+----------------------------------------------------------------+
Match Overhead:
  Field --version_valid-- [3:0] (4 bits)
  Field --immediate-- [8:0] (9 bits)

  Total bits: 13
+----------------------------------------------------------------+
   SwitchIngress.dst_tcam_table
+----------------------------------------------------------------+
Match Overhead:
  Field --immediate-- [8:0] (9 bits)

  Total bits: 9
+----------------------------------------------------------------+
   SwitchIngress.ip_table
+----------------------------------------------------------------+
Match Overhead:
  Field --immediate-- [23:0] (24 bits)

  Total bits: 24
+----------------------------------------------------------------+
   SwitchIngress.src_sram_table
+----------------------------------------------------------------+
Match Overhead:
  Field --version_valid-- [3:0] (4 bits)
  Field --immediate-- [8:0] (9 bits)

  Total bits: 13
+----------------------------------------------------------------+
   SwitchIngress.src_sram_table_secondary
+----------------------------------------------------------------+
Match Overhead:
  Field --version_valid-- [3:0] (4 bits)
  Field --immediate-- [8:0] (9 bits)

  Total bits: 13
+----------------------------------------------------------------+
   SwitchIngress.src_tcam_table
+----------------------------------------------------------------+
Match Overhead:
  Field --immediate-- [8:0] (9 bits)

  Total bits: 9
+----------------------------------------------------------------+
   SwitchIngress.src_tcam_table_secondary
+----------------------------------------------------------------+
Match Overhead:
  Field --immediate-- [8:0] (9 bits)

  Total bits: 9
+----------------------------------------------------------------+
   SwitchIngressParser.$PORT_METADATA
+----------------------------------------------------------------+
Match Overhead:

  Total bits: 0
+----------------------------------------------------------------+
   tbl_act
+----------------------------------------------------------------+
Match Overhead:

  Total bits: 0
+----------------------------------------------------------------+
   tbl_act_1
+----------------------------------------------------------------+
Match Overhead:

  Total bits: 0
+----------------------------------------------------------------+
   tbl_act_3
+----------------------------------------------------------------+
Match Overhead:

  Total bits: 0
+----------------------------------------------------------------+
   tbl_act_5
+----------------------------------------------------------------+
Match Overhead:

  Total bits: 0
+----------------------------------------------------------------+
   tbl_act_7
+----------------------------------------------------------------+
Match Overhead:

  Total bits: 0
+----------------------------------------------------------------+
   tbl_act_9
+----------------------------------------------------------------+
Match Overhead:

  Total bits: 0
+----------------------------------------------------------------+
   tbl_drop
+----------------------------------------------------------------+
Match Overhead:

  Total bits: 0
+----------------------------------------------------------------+
   tbl_drop_0
+----------------------------------------------------------------+
Match Overhead:

  Total bits: 0
+----------------------------------------------------------------+
   tbl_drop_1
+----------------------------------------------------------------+
Match Overhead:

  Total bits: 0
+----------------------------------------------------------------+
   tbl_tofino2l358
+----------------------------------------------------------------+
Match Overhead:

  Total bits: 0





+----------------------------------------------------------------+
    MATCH AND ACTION FORMATS
+----------------------------------------------------------------+

+----------------------------------------------------------------+
  SwitchIngress.dst_sram_table
+----------------------------------------------------------------+
+------------------------------------------------+
   Match format for SwitchIngress.dst_sram_table
+------------------------------------------------+
Stage 8:
Pack Format:
  table_word_width: 128
  memory_word_width: 128
  entries_per_table_word: 4
  number_memory_units_per_table_word: 1
  entry_list: [
    entry_number : 3
    field_list : [
       Field action [0:0]                : in bits [3:3]
       Field immediate [8:0]             : in bits [39:31]
       Field version [3:0]               : in bits [99:96]
       Field ig_md.Group_id2 [7:6]       : in bits [103:102]
       Field ig_md.dst_quotient [15:8]   : in bits [95:88]
    ]
    entry_number : 2
    field_list : [
       Field action [0:0]                : in bits [2:2]
       Field immediate [8:0]             : in bits [30:22]
       Field version [3:0]               : in bits [83:80]
       Field ig_md.Group_id2 [7:6]       : in bits [87:86]
       Field ig_md.dst_quotient [15:8]   : in bits [79:72]
    ]
    entry_number : 1
    field_list : [
       Field action [0:0]                : in bits [1:1]
       Field immediate [8:0]             : in bits [21:13]
       Field version [3:0]               : in bits [67:64]
       Field ig_md.Group_id2 [7:6]       : in bits [71:70]
       Field ig_md.dst_quotient [15:8]   : in bits [63:56]
    ]
    entry_number : 0
    field_list : [
       Field action [0:0]                : in bits [0:0]
       Field immediate [8:0]             : in bits [12:4]
       Field version [3:0]               : in bits [51:48]
       Field ig_md.Group_id2 [7:6]       : in bits [55:54]
       Field ig_md.dst_quotient [15:8]   : in bits [47:40]
    ]
  ]
+----------------------------------------------------------------+
  SwitchIngress.dst_tcam_table
+----------------------------------------------------------------+
+------------------------------------------------+
   Match format for SwitchIngress.dst_tcam_table
+------------------------------------------------+
Stage 7:
Pack Format:
  table_word_width: 44
  memory_word_width: 44
  entries_per_table_word: 1
  number_memory_units_per_table_word: 1
  entry_list: [
    entry_number : 0
    field_list : [
       Field --version-- [1:0]       : in bits [43:42]
       Field p.udp.dport [15:0]      : in bits [15:0]
       Field ig_md.Group_id2 [8:0]   : in bits [24:16]
    ]
  ]
+----------------------------------------------------------------+
  SwitchIngress.ip_table
+----------------------------------------------------------------+
+------------------------------------------------+
   Match format for SwitchIngress.ip_table
+------------------------------------------------+
Stage 0:
Pack Format:
  table_word_width: 132
  memory_word_width: 44
  entries_per_table_word: 1
  number_memory_units_per_table_word: 3
  entry_list: [
    entry_number : 0
    field_list : [
       Field --version-- [1:0]    : in bits [43:42]
       Field p.ipv4.dst [7:0]     : in bits [95:88]
       Field p.ipv4.src [15:8]    : in bits [103:96]
       Field p.ipv4.dst [31:16]   : in bits [119:104]
       Field p.ipv4.src [7:0]     : in bits [127:120]
       Field p.ipv4.src [31:16]   : in bits [59:44]
       Field vrf [15:0]           : in bits [75:60]
       Field p.ipv4.proto [7:0]   : in bits [83:76]
       Field p.ipv4.dst [11:8]    : in bits [131:128]
       Field p.ipv4.dst [15:12]   : in bits [87:84]
    ]
  ]
+----------------------------------------------------------------+
  SwitchIngress.src_sram_table
+----------------------------------------------------------------+
+------------------------------------------------+
   Match format for SwitchIngress.src_sram_table
+------------------------------------------------+
Stage 2:
Pack Format:
  table_word_width: 128
  memory_word_width: 128
  entries_per_table_word: 4
  number_memory_units_per_table_word: 1
  entry_list: [
    entry_number : 3
    field_list : [
       Field action [0:0]                : in bits [3:3]
       Field immediate [8:0]             : in bits [39:31]
       Field version [3:0]               : in bits [99:96]
       Field ig_md.Group_id [7:6]        : in bits [103:102]
       Field ig_md.src_quotient [15:8]   : in bits [95:88]
    ]
    entry_number : 2
    field_list : [
       Field action [0:0]                : in bits [2:2]
       Field immediate [8:0]             : in bits [30:22]
       Field version [3:0]               : in bits [83:80]
       Field ig_md.Group_id [7:6]        : in bits [87:86]
       Field ig_md.src_quotient [15:8]   : in bits [79:72]
    ]
    entry_number : 1
    field_list : [
       Field action [0:0]                : in bits [1:1]
       Field immediate [8:0]             : in bits [21:13]
       Field version [3:0]               : in bits [67:64]
       Field ig_md.Group_id [7:6]        : in bits [71:70]
       Field ig_md.src_quotient [15:8]   : in bits [63:56]
    ]
    entry_number : 0
    field_list : [
       Field action [0:0]                : in bits [0:0]
       Field immediate [8:0]             : in bits [12:4]
       Field version [3:0]               : in bits [51:48]
       Field ig_md.Group_id [7:6]        : in bits [55:54]
       Field ig_md.src_quotient [15:8]   : in bits [47:40]
    ]
  ]
+----------------------------------------------------------------+
  SwitchIngress.src_sram_table_secondary
+----------------------------------------------------------------+
+------------------------------------------------+
   Match format for SwitchIngress.src_sram_table_secondary
+------------------------------------------------+
Stage 5:
Pack Format:
  table_word_width: 128
  memory_word_width: 128
  entries_per_table_word: 4
  number_memory_units_per_table_word: 1
  entry_list: [
    entry_number : 3
    field_list : [
       Field action [0:0]                     : in bits [3:3]
       Field immediate [8:0]                  : in bits [39:31]
       Field version [3:0]                    : in bits [99:96]
       Field ig_md.Group_id_secondary [7:6]   : in bits [103:102]
       Field ig_md.src_quotient [15:8]        : in bits [95:88]
    ]
    entry_number : 2
    field_list : [
       Field action [0:0]                     : in bits [2:2]
       Field immediate [8:0]                  : in bits [30:22]
       Field version [3:0]                    : in bits [83:80]
       Field ig_md.Group_id_secondary [7:6]   : in bits [87:86]
       Field ig_md.src_quotient [15:8]        : in bits [79:72]
    ]
    entry_number : 1
    field_list : [
       Field action [0:0]                     : in bits [1:1]
       Field immediate [8:0]                  : in bits [21:13]
       Field version [3:0]                    : in bits [67:64]
       Field ig_md.Group_id_secondary [7:6]   : in bits [71:70]
       Field ig_md.src_quotient [15:8]        : in bits [63:56]
    ]
    entry_number : 0
    field_list : [
       Field action [0:0]                     : in bits [0:0]
       Field immediate [8:0]                  : in bits [12:4]
       Field version [3:0]                    : in bits [51:48]
       Field ig_md.Group_id_secondary [7:6]   : in bits [55:54]
       Field ig_md.src_quotient [15:8]        : in bits [47:40]
    ]
  ]
+----------------------------------------------------------------+
  SwitchIngress.src_tcam_table
+----------------------------------------------------------------+
+------------------------------------------------+
   Match format for SwitchIngress.src_tcam_table
+------------------------------------------------+
Stage 1:
Pack Format:
  table_word_width: 44
  memory_word_width: 44
  entries_per_table_word: 1
  number_memory_units_per_table_word: 1
  entry_list: [
    entry_number : 0
    field_list : [
       Field --version-- [1:0]      : in bits [43:42]
       Field ig_md.Group_id [8:0]   : in bits [8:0]
       Field p.udp.sport [15:0]     : in bits [31:16]
    ]
  ]
+----------------------------------------------------------------+
  SwitchIngress.src_tcam_table_secondary
+----------------------------------------------------------------+
+------------------------------------------------+
   Match format for SwitchIngress.src_tcam_table_secondary
+------------------------------------------------+
Stage 4:
Pack Format:
  table_word_width: 44
  memory_word_width: 44
  entries_per_table_word: 1
  number_memory_units_per_table_word: 1
  entry_list: [
    entry_number : 0
    field_list : [
       Field --version-- [1:0]                : in bits [43:42]
       Field ig_md.Group_id_secondary [7:0]   : in bits [7:0]
       Field ig_md.Group_id_secondary [8:8]   : in bits [9:9]
       Field p.udp.sport [15:0]               : in bits [31:16]
    ]
  ]
+----------------------------------------------------------------+
  SwitchIngressParser.$PORT_METADATA
+----------------------------------------------------------------+
+------------------------------------------------+
   Match format for SwitchIngressParser.$PORT_METADATA
+------------------------------------------------+
Stage -1:
Pack Format:
  table_word_width: 128
  memory_word_width: 128
  entries_per_table_word: 1
  number_memory_units_per_table_word: 1
  entry_list: [
    entry_number : 0
    field_list : [
       Field ig_intr_md [127:0]   : in bits [127:0]
    ]
  ]
+----------------------------------------------------------------+
  tbl_act
+----------------------------------------------------------------+
+------------------------------------------------+
   Match format for tbl_act
+------------------------------------------------+
Stage 3:
No match entries required.
+----------------------------------------------------------------+
  tbl_act_1
+----------------------------------------------------------------+
+------------------------------------------------+
   Match format for tbl_act_1
+------------------------------------------------+
Stage 2:
No match entries required.
+----------------------------------------------------------------+
  tbl_act_3
+----------------------------------------------------------------+
+------------------------------------------------+
   Match format for tbl_act_3
+------------------------------------------------+
Stage 4:
No match entries required.
+----------------------------------------------------------------+
  tbl_act_5
+----------------------------------------------------------------+
+------------------------------------------------+
   Match format for tbl_act_5
+------------------------------------------------+
Stage 5:
No match entries required.
+----------------------------------------------------------------+
  tbl_act_7
+----------------------------------------------------------------+
+------------------------------------------------+
   Match format for tbl_act_7
+------------------------------------------------+
Stage 7:
No match entries required.
+----------------------------------------------------------------+
  tbl_act_9
+----------------------------------------------------------------+
+------------------------------------------------+
   Match format for tbl_act_9
+------------------------------------------------+
Stage 8:
No match entries required.
+----------------------------------------------------------------+
  tbl_drop
+----------------------------------------------------------------+
+------------------------------------------------+
   Match format for tbl_drop
+------------------------------------------------+
Stage 9:
No match entries required.
+----------------------------------------------------------------+
  tbl_drop_0
+----------------------------------------------------------------+
+------------------------------------------------+
   Match format for tbl_drop_0
+------------------------------------------------+
Stage 7:
No match entries required.
+----------------------------------------------------------------+
  tbl_drop_1
+----------------------------------------------------------------+
+------------------------------------------------+
   Match format for tbl_drop_1
+------------------------------------------------+
Stage 1:
No match entries required.
+----------------------------------------------------------------+
  tbl_tofino2l358
+----------------------------------------------------------------+
+------------------------------------------------+
   Match format for tbl_tofino2l358
+------------------------------------------------+
Stage 6:
No match entries required.
