+---------------------------------------------------------------------+
|  Log file: pa.characterize.log                                      |
|  Compiler version: 9.13.1                                           |
|  Created on: Tue Oct 28 15:15:13 2025                               |
|  Run ID: c06e08363adf4ad8                                           |
+---------------------------------------------------------------------+

Program: tofino2.p4

-----------------------------------------------------------------------------------------------------------------------------------------------------------------------------------------
| Container |  Gress  |                        Name                       | Class |  | P | 0 | 1 | 2 | 3 | 4 | 5 | 6 | 7 | 8 | 9 | 10 | 11 | 12 | 13 | 14 | 15 | 16 | 17 | 18 | 19 | D |
-----------------------------------------------------------------------------------------------------------------------------------------------------------------------------------------
|    phv0   |    -    |                                                   |       |  |   |   |   |   |   |   |   |   |   |   |   |    |    |    |    |    |    |    |    |    |    |   |
|    phv1   |    -    |                                                   |       |  |   |   |   |   |   |   |   |   |   |   |   |    |    |    |    |    |    |    |    |    |    |   |
|    phv2   |    -    |                                                   |       |  |   |   |   |   |   |   |   |   |   |   |   |    |    |    |    |    |    |    |    |    |    |   |
|    phv3   |    -    |                                                   |       |  |   |   |   |   |   |   |   |   |   |   |   |    |    |    |    |    |    |    |    |    |    |   |
|    phv4   |    -    |                                                   |       |  |   |   |   |   |   |   |   |   |   |   |   |    |    |    |    |    |    |    |    |    |    |   |
|    phv5   |    -    |                                                   |       |  |   |   |   |   |   |   |   |   |   |   |   |    |    |    |    |    |    |    |    |    |    |   |
|    phv6   |    -    |                                                   |       |  |   |   |   |   |   |   |   |   |   |   |   |    |    |    |    |    |    |    |    |    |    |   |
|    phv7   |    -    |                                                   |       |  |   |   |   |   |   |   |   |   |   |   |   |    |    |    |    |    |    |    |    |    |    |   |
|    phv8   |    -    |                                                   |       |  |   |   |   |   |   |   |   |   |   |   |   |    |    |    |    |    |    |    |    |    |    |   |
|    phv9   |    -    |                                                   |       |  |   |   |   |   |   |   |   |   |   |   |   |    |    |    |    |    |    |    |    |    |    |   |
|   phv10   |    -    |                                                   |       |  |   |   |   |   |   |   |   |   |   |   |   |    |    |    |    |    |    |    |    |    |    |   |
|   phv11   |    -    |                                                   |       |  |   |   |   |   |   |   |   |   |   |   |   |    |    |    |    |    |    |    |    |    |    |   |
|           |         |                                                   |       |  |   |   |   |   |   |   |   |   |   |   |   |    |    |    |    |    |    |    |    |    |    |   |
|   phv12   | ingress |                                                   |   SH  |  |   |   |   |   |   |   |   |   |   |   |   |    |    |    |    |    |    |    |    |    |    |   |
|   [31:16] | ingress |                 p.udp.sport[15:0]                 |  pkt  |  | W | ~ | R | ~ | ~ | ~ | ~ | ~ | ~ | ~ | ~ | ~  | ~  | ~  | ~  | ~  | ~  | ~  | ~  | ~  | ~  | R |
|   [15:0]  | ingress |                 p.udp.dport[15:0]                 |  pkt  |  | W | ~ | R | ~ | ~ | ~ | ~ | ~ | ~ | ~ | ~ | ~  | ~  | ~  | ~  | ~  | ~  | ~  | ~  | ~  | ~  | R |
|   phv13   | ingress |                                                   |       |  |   |   |   |   |   |   |   |   |   |   |   |    |    |    |    |    |    |    |    |    |    |   |
|   [31:0]  | ingress |                  p.ipv4.dst[31:0]                 |  pkt  |  | W | R | ~ | ~ | ~ | ~ | ~ | ~ | ~ | ~ | ~ | ~  | ~  | ~  | ~  | ~  | ~  | ~  | ~  | ~  | ~  | R |
|   phv14   | ingress |                                                   |       |  |   |   |   |   |   |   |   |   |   |   |   |    |    |    |    |    |    |    |    |    |    |   |
|   [31:0]  | ingress |                  p.ipv4.src[31:0]                 |  pkt  |  | W | R | ~ | ~ | ~ | ~ | ~ | ~ | ~ | ~ | ~ | ~  | ~  | ~  | ~  | ~  | ~  | ~  | ~  | ~  | ~  | R |
|   phv15   |    -    |                                                   |       |  |   |   |   |   |   |   |   |   |   |   |   |    |    |    |    |    |    |    |    |    |    |   |
|           |         |                                                   |       |  |   |   |   |   |   |   |   |   |   |   |   |    |    |    |    |    |    |    |    |    |    |   |
|   phv16   |    -    |                                                   |       |  |   |   |   |   |   |   |   |   |   |   |   |    |    |    |    |    |    |    |    |    |    |   |
|   phv17   |    -    |                                                   |       |  |   |   |   |   |   |   |   |   |   |   |   |    |    |    |    |    |    |    |    |    |    |   |
|   phv18   |    -    |                                                   |       |  |   |   |   |   |   |   |   |   |   |   |   |    |    |    |    |    |    |    |    |    |    |   |
|   phv19   |    -    |                                                   |       |  |   |   |   |   |   |   |   |   |   |   |   |    |    |    |    |    |    |    |    |    |    |   |
|           |         |                                                   |       |  |   |   |   |   |   |   |   |   |   |   |   |    |    |    |    |    |    |    |    |    |    |   |
|   phv20   |    -    |                                                   |       |  |   |   |   |   |   |   |   |   |   |   |   |    |    |    |    |    |    |    |    |    |    |   |
|   phv21   |    -    |                                                   |       |  |   |   |   |   |   |   |   |   |   |   |   |    |    |    |    |    |    |    |    |    |    |   |
|   phv22   |    -    |                                                   |       |  |   |   |   |   |   |   |   |   |   |   |   |    |    |    |    |    |    |    |    |    |    |   |
|   phv23   |    -    |                                                   |       |  |   |   |   |   |   |   |   |   |   |   |   |    |    |    |    |    |    |    |    |    |    |   |
|   phv24   |    -    |                                                   |       |  |   |   |   |   |   |   |   |   |   |   |   |    |    |    |    |    |    |    |    |    |    |   |
|   phv25   |    -    |                                                   |       |  |   |   |   |   |   |   |   |   |   |   |   |    |    |    |    |    |    |    |    |    |    |   |
|   phv26   |    -    |                                                   |       |  |   |   |   |   |   |   |   |   |   |   |   |    |    |    |    |    |    |    |    |    |    |   |
|   phv27   |    -    |                                                   |       |  |   |   |   |   |   |   |   |   |   |   |   |    |    |    |    |    |    |    |    |    |    |   |
|   phv28   |    -    |                                                   |       |  |   |   |   |   |   |   |   |   |   |   |   |    |    |    |    |    |    |    |    |    |    |   |
|   phv29   |    -    |                                                   |       |  |   |   |   |   |   |   |   |   |   |   |   |    |    |    |    |    |    |    |    |    |    |   |
|   phv30   |    -    |                                                   |       |  |   |   |   |   |   |   |   |   |   |   |   |    |    |    |    |    |    |    |    |    |    |   |
|   phv31   |    -    |                                                   |       |  |   |   |   |   |   |   |   |   |   |   |   |    |    |    |    |    |    |    |    |    |    |   |
|           |         |                                                   |       |  |   |   |   |   |   |   |   |   |   |   |   |    |    |    |    |    |    |    |    |    |    |   |
|   phv32   |    -    |                                                   |       |  |   |   |   |   |   |   |   |   |   |   |   |    |    |    |    |    |    |    |    |    |    |   |
|   phv33   |    -    |                                                   |       |  |   |   |   |   |   |   |   |   |   |   |   |    |    |    |    |    |    |    |    |    |    |   |
|   phv34   |    -    |                                                   |       |  |   |   |   |   |   |   |   |   |   |   |   |    |    |    |    |    |    |    |    |    |    |   |
|   phv35   |    -    |                                                   |       |  |   |   |   |   |   |   |   |   |   |   |   |    |    |    |    |    |    |    |    |    |    |   |
|           |         |                                                   |       |  |   |   |   |   |   |   |   |   |   |   |   |    |    |    |    |    |    |    |    |    |    |   |
|   phv36   |    -    |                                                   |       |  |   |   |   |   |   |   |   |   |   |   |   |    |    |    |    |    |    |    |    |    |    |   |
|   phv37   |    -    |                                                   |       |  |   |   |   |   |   |   |   |   |   |   |   |    |    |    |    |    |    |    |    |    |    |   |
|   phv38   |    -    |                                                   |       |  |   |   |   |   |   |   |   |   |   |   |   |    |    |    |    |    |    |    |    |    |    |   |
|   phv39   |    -    |                                                   |       |  |   |   |   |   |   |   |   |   |   |   |   |    |    |    |    |    |    |    |    |    |    |   |
|           |         |                                                   |       |  |   |   |   |   |   |   |   |   |   |   |   |    |    |    |    |    |    |    |    |    |    |   |
|   phv40   |    -    |                                                   |       |  |   |   |   |   |   |   |   |   |   |   |   |    |    |    |    |    |    |    |    |    |    |   |
|   phv41   |    -    |                                                   |       |  |   |   |   |   |   |   |   |   |   |   |   |    |    |    |    |    |    |    |    |    |    |   |
|   phv42   |    -    |                                                   |       |  |   |   |   |   |   |   |   |   |   |   |   |    |    |    |    |    |    |    |    |    |    |   |
|   phv43   |    -    |                                                   |       |  |   |   |   |   |   |   |   |   |   |   |   |    |    |    |    |    |    |    |    |    |    |   |
|   phv44   |    -    |                                                   |       |  |   |   |   |   |   |   |   |   |   |   |   |    |    |    |    |    |    |    |    |    |    |   |
|   phv45   |    -    |                                                   |       |  |   |   |   |   |   |   |   |   |   |   |   |    |    |    |    |    |    |    |    |    |    |   |
|   phv46   |    -    |                                                   |       |  |   |   |   |   |   |   |   |   |   |   |   |    |    |    |    |    |    |    |    |    |    |   |
|   phv47   |    -    |                                                   |       |  |   |   |   |   |   |   |   |   |   |   |   |    |    |    |    |    |    |    |    |    |    |   |
|   phv48   |    -    |                                                   |       |  |   |   |   |   |   |   |   |   |   |   |   |    |    |    |    |    |    |    |    |    |    |   |
|   phv49   |    -    |                                                   |       |  |   |   |   |   |   |   |   |   |   |   |   |    |    |    |    |    |    |    |    |    |    |   |
|   phv50   |    -    |                                                   |       |  |   |   |   |   |   |   |   |   |   |   |   |    |    |    |    |    |    |    |    |    |    |   |
|   phv51   |    -    |                                                   |       |  |   |   |   |   |   |   |   |   |   |   |   |    |    |    |    |    |    |    |    |    |    |   |
|           |         |                                                   |       |  |   |   |   |   |   |   |   |   |   |   |   |    |    |    |    |    |    |    |    |    |    |   |
|   phv52   |    -    |                                                   |       |  |   |   |   |   |   |   |   |   |   |   |   |    |    |    |    |    |    |    |    |    |    |   |
|   phv53   |    -    |                                                   |       |  |   |   |   |   |   |   |   |   |   |   |   |    |    |    |    |    |    |    |    |    |    |   |
|   phv54   |    -    |                                                   |       |  |   |   |   |   |   |   |   |   |   |   |   |    |    |    |    |    |    |    |    |    |    |   |
|   phv55   |    -    |                                                   |       |  |   |   |   |   |   |   |   |   |   |   |   |    |    |    |    |    |    |    |    |    |    |   |
|           |         |                                                   |       |  |   |   |   |   |   |   |   |   |   |   |   |    |    |    |    |    |    |    |    |    |    |   |
|   phv56   |    -    |                                                   |       |  |   |   |   |   |   |   |   |   |   |   |   |    |    |    |    |    |    |    |    |    |    |   |
|   phv57   |    -    |                                                   |       |  |   |   |   |   |   |   |   |   |   |   |   |    |    |    |    |    |    |    |    |    |    |   |
|   phv58   |    -    |                                                   |       |  |   |   |   |   |   |   |   |   |   |   |   |    |    |    |    |    |    |    |    |    |    |   |
|   phv59   |    -    |                                                   |       |  |   |   |   |   |   |   |   |   |   |   |   |    |    |    |    |    |    |    |    |    |    |   |
|           |         |                                                   |       |  |   |   |   |   |   |   |   |   |   |   |   |    |    |    |    |    |    |    |    |    |    |   |
|   phv60   |    -    |                                                   |       |  |   |   |   |   |   |   |   |   |   |   |   |    |    |    |    |    |    |    |    |    |    |   |
|   phv61   |    -    |                                                   |       |  |   |   |   |   |   |   |   |   |   |   |   |    |    |    |    |    |    |    |    |    |    |   |
|   phv62   |    -    |                                                   |       |  |   |   |   |   |   |   |   |   |   |   |   |    |    |    |    |    |    |    |    |    |    |   |
|   phv63   |    -    |                                                   |       |  |   |   |   |   |   |   |   |   |   |   |   |    |    |    |    |    |    |    |    |    |    |   |
|   phv64   |    -    |                                                   |       |  |   |   |   |   |   |   |   |   |   |   |   |    |    |    |    |    |    |    |    |    |    |   |
|   phv65   |    -    |                                                   |       |  |   |   |   |   |   |   |   |   |   |   |   |    |    |    |    |    |    |    |    |    |    |   |
|   phv66   |    -    |                                                   |       |  |   |   |   |   |   |   |   |   |   |   |   |    |    |    |    |    |    |    |    |    |    |   |
|   phv67   |    -    |                                                   |       |  |   |   |   |   |   |   |   |   |   |   |   |    |    |    |    |    |    |    |    |    |    |   |
|   phv68   |    -    |                                                   |       |  |   |   |   |   |   |   |   |   |   |   |   |    |    |    |    |    |    |    |    |    |    |   |
|   phv69   |    -    |                                                   |       |  |   |   |   |   |   |   |   |   |   |   |   |    |    |    |    |    |    |    |    |    |    |   |
|   phv70   |    -    |                                                   |       |  |   |   |   |   |   |   |   |   |   |   |   |    |    |    |    |    |    |    |    |    |    |   |
|   phv71   |    -    |                                                   |       |  |   |   |   |   |   |   |   |   |   |   |   |    |    |    |    |    |    |    |    |    |    |   |
|           |         |                                                   |       |  |   |   |   |   |   |   |   |   |   |   |   |    |    |    |    |    |    |    |    |    |    |   |
|   phv72   |    -    |                                                   |       |  |   |   |   |   |   |   |   |   |   |   |   |    |    |    |    |    |    |    |    |    |    |   |
|   phv73   |    -    |                                                   |       |  |   |   |   |   |   |   |   |   |   |   |   |    |    |    |    |    |    |    |    |    |    |   |
|   phv74   |    -    |                                                   |       |  |   |   |   |   |   |   |   |   |   |   |   |    |    |    |    |    |    |    |    |    |    |   |
|   phv75   |    -    |                                                   |       |  |   |   |   |   |   |   |   |   |   |   |   |    |    |    |    |    |    |    |    |    |    |   |
|           |         |                                                   |       |  |   |   |   |   |   |   |   |   |   |   |   |    |    |    |    |    |    |    |    |    |    |   |
|   phv76   |    -    |                                                   |       |  |   |   |   |   |   |   |   |   |   |   |   |    |    |    |    |    |    |    |    |    |    |   |
|   phv77   |    -    |                                                   |       |  |   |   |   |   |   |   |   |   |   |   |   |    |    |    |    |    |    |    |    |    |    |   |
|   phv78   |    -    |                                                   |       |  |   |   |   |   |   |   |   |   |   |   |   |    |    |    |    |    |    |    |    |    |    |   |
|   phv79   |    -    |                                                   |       |  |   |   |   |   |   |   |   |   |   |   |   |    |    |    |    |    |    |    |    |    |    |   |
|           |         |                                                   |       |  |   |   |   |   |   |   |   |   |   |   |   |    |    |    |    |    |    |    |    |    |    |   |
|   phv80   | ingress |                                                   |       |  |   |   |   |   |   |   |   |   |   |   |   |    |    |    |    |    |    |    |    |    |    |   |
|    [7:0]  | ingress |                     $tmp2[7:0]                    |  meta |  |   |   |   |   |   |   |   |   |   |   |   |    |    |    |    |    |    |    |    |    |    | R |
|   phv81   | ingress |                                                   |   SH  |  |   |   |   |   |   |   |   |   |   |   |   |    |    |    |    |    |    |    |    |    |    |   |
|    [6:6]  | ingress |                 p.udp.$valid[0:0]                 |  pov  |  | W | ~ | ~ | ~ | ~ | ~ | ~ | ~ | ~ | ~ | ~ | ~  | ~  | ~  | ~  | ~  | ~  | ~  | ~  | ~  | ~  | R |
|    [5:5]  | ingress |                 p.tcp.$valid[0:0]                 |  pov  |  | W | ~ | ~ | ~ | ~ | ~ | ~ | ~ | ~ | ~ | ~ | ~  | ~  | ~  | ~  | ~  | ~  | ~  | ~  | ~  | ~  | R |
|    [4:4]  | ingress |                 p.ipv4.$valid[0:0]                |  pov  |  | W | ~ | ~ | ~ | ~ | ~ | ~ | ~ | ~ | ~ | ~ | ~  | ~  | ~  | ~  | ~  | ~  | ~  | ~  | ~  | ~  | R |
|    [3:3]  | ingress |               p.ethernet.$valid[0:0]              |  pov  |  | W | ~ | ~ | ~ | ~ | ~ | ~ | ~ | ~ | ~ | ~ | ~  | ~  | ~  | ~  | ~  | ~  | ~  | ~  | ~  | ~  | R |
|    [2:2]  | ingress |  ig_intr_md_for_tm.ucast_egress_port.$valid[0:0]  |  meta |  |   |   | W | ~ | ~ | ~ | ~ | ~ | ~ | ~ | ~ | ~  | ~  | ~  | ~  | ~  | ~  | ~  | ~  | ~  | ~  | R |
|    [1:1]  | ingress |     ig_intr_md_for_dprsr.drop_ctl.$valid[0:0]     |  meta |  |   | W | W | ~ | ~ | ~ | ~ | ~ | ~ | ~ | ~ | ~  | ~  | ~  | ~  | ~  | ~  | ~  | ~  | ~  | ~  | R |
|    [0:0]  | ingress |    ig_intr_md_for_dprsr.mirror_type.$valid[0:0]   |  meta |  | W | ~ | ~ | ~ | ~ | ~ | ~ | ~ | ~ | ~ | ~ | ~  | ~  | ~  | ~  | ~  | ~  | ~  | ~  | ~  | ~  | R |
|   phv82   |    -    |                                                   |       |  |   |   |   |   |   |   |   |   |   |   |   |    |    |    |    |    |    |    |    |    |    |   |
|   phv83   |    -    |                                                   |       |  |   |   |   |   |   |   |   |   |   |   |   |    |    |    |    |    |    |    |    |    |    |   |
|   phv84   |    -    |                                                   |       |  |   |   |   |   |   |   |   |   |   |   |   |    |    |    |    |    |    |    |    |    |    |   |
|   phv85   |    -    |                                                   |       |  |   |   |   |   |   |   |   |   |   |   |   |    |    |    |    |    |    |    |    |    |    |   |
|   phv86   |    -    |                                                   |       |  |   |   |   |   |   |   |   |   |   |   |   |    |    |    |    |    |    |    |    |    |    |   |
|   phv87   |    -    |                                                   |       |  |   |   |   |   |   |   |   |   |   |   |   |    |    |    |    |    |    |    |    |    |    |   |
|   phv88   |    -    |                                                   |       |  |   |   |   |   |   |   |   |   |   |   |   |    |    |    |    |    |    |    |    |    |    |   |
|   phv89   |    -    |                                                   |       |  |   |   |   |   |   |   |   |   |   |   |   |    |    |    |    |    |    |    |    |    |    |   |
|   phv90   |    -    |                                                   |       |  |   |   |   |   |   |   |   |   |   |   |   |    |    |    |    |    |    |    |    |    |    |   |
|   phv91   |    -    |                                                   |       |  |   |   |   |   |   |   |   |   |   |   |   |    |    |    |    |    |    |    |    |    |    |   |
|           |         |                                                   |       |  |   |   |   |   |   |   |   |   |   |   |   |    |    |    |    |    |    |    |    |    |    |   |
|   phv92   |  egress |                                                   |   SH  |  |   |   |   |   |   |   |   |   |   |   |   |    |    |    |    |    |    |    |    |    |    |   |
|    [4:4]  |  egress |     eg_intr_md_for_dprsr.mirror_io_select[0:0]    | imeta |  | W | ~ | ~ | ~ | ~ | ~ | ~ | ~ | ~ | ~ | ~ | ~  | ~  | ~  | ~  | ~  | ~  | ~  | ~  | ~  | ~  | R |
|    [3:3]  |  egress |                 p.ipv4.$valid[0:0]                |  pov  |  | W | ~ | ~ | ~ | ~ | ~ | ~ | ~ | ~ | ~ | ~ | ~  | ~  | ~  | ~  | ~  | ~  | ~  | ~  | ~  | ~  | R |
|    [2:2]  |  egress |               p.ethernet.$valid[0:0]              |  pov  |  | W | ~ | ~ | ~ | ~ | ~ | ~ | ~ | ~ | ~ | ~ | ~  | ~  | ~  | ~  | ~  | ~  | ~  | ~  | ~  | ~  | R |
|    [1:1]  |  egress |         eg_intr_md.egress_port.$valid[0:0]        |  meta |  | W | ~ | ~ | ~ | ~ | ~ | ~ | ~ | ~ | ~ | ~ | ~  | ~  | ~  | ~  | ~  | ~  | ~  | ~  | ~  | ~  | R |
|    [0:0]  |  egress | eg_intr_md_for_dprsr.mirror_io_select.$valid[0:0] |  meta |  | W | ~ | ~ | ~ | ~ | ~ | ~ | ~ | ~ | ~ | ~ | ~  | ~  | ~  | ~  | ~  | ~  | ~  | ~  | ~  | ~  | R |
|   phv93   |    -    |                                                   |       |  |   |   |   |   |   |   |   |   |   |   |   |    |    |    |    |    |    |    |    |    |    |   |
|   phv94   |    -    |                                                   |       |  |   |   |   |   |   |   |   |   |   |   |   |    |    |    |    |    |    |    |    |    |    |   |
|   phv95   |    -    |                                                   |       |  |   |   |   |   |   |   |   |   |   |   |   |    |    |    |    |    |    |    |    |    |    |   |
|           |         |                                                   |       |  |   |   |   |   |   |   |   |   |   |   |   |    |    |    |    |    |    |    |    |    |    |   |
|   phv96   |    -    |                                                   |       |  |   |   |   |   |   |   |   |   |   |   |   |    |    |    |    |    |    |    |    |    |    |   |
|   phv97   |    -    |                                                   |       |  |   |   |   |   |   |   |   |   |   |   |   |    |    |    |    |    |    |    |    |    |    |   |
|   phv98   |    -    |                                                   |       |  |   |   |   |   |   |   |   |   |   |   |   |    |    |    |    |    |    |    |    |    |    |   |
|   phv99   |    -    |                                                   |       |  |   |   |   |   |   |   |   |   |   |   |   |    |    |    |    |    |    |    |    |    |    |   |
|           |         |                                                   |       |  |   |   |   |   |   |   |   |   |   |   |   |    |    |    |    |    |    |    |    |    |    |   |
|   phv100  |    -    |                                                   |       |  |   |   |   |   |   |   |   |   |   |   |   |    |    |    |    |    |    |    |    |    |    |   |
|   phv101  |    -    |                                                   |       |  |   |   |   |   |   |   |   |   |   |   |   |    |    |    |    |    |    |    |    |    |    |   |
|   phv102  |    -    |                                                   |       |  |   |   |   |   |   |   |   |   |   |   |   |    |    |    |    |    |    |    |    |    |    |   |
|   phv103  |    -    |                                                   |       |  |   |   |   |   |   |   |   |   |   |   |   |    |    |    |    |    |    |    |    |    |    |   |
|   phv104  |    -    |                                                   |       |  |   |   |   |   |   |   |   |   |   |   |   |    |    |    |    |    |    |    |    |    |    |   |
|   phv105  |    -    |                                                   |       |  |   |   |   |   |   |   |   |   |   |   |   |    |    |    |    |    |    |    |    |    |    |   |
|   phv106  |    -    |                                                   |       |  |   |   |   |   |   |   |   |   |   |   |   |    |    |    |    |    |    |    |    |    |    |   |
|   phv107  |    -    |                                                   |       |  |   |   |   |   |   |   |   |   |   |   |   |    |    |    |    |    |    |    |    |    |    |   |
|   phv108  |    -    |                                                   |       |  |   |   |   |   |   |   |   |   |   |   |   |    |    |    |    |    |    |    |    |    |    |   |
|   phv109  |    -    |                                                   |       |  |   |   |   |   |   |   |   |   |   |   |   |    |    |    |    |    |    |    |    |    |    |   |
|   phv110  |    -    |                                                   |       |  |   |   |   |   |   |   |   |   |   |   |   |    |    |    |    |    |    |    |    |    |    |   |
|   phv111  |    -    |                                                   |       |  |   |   |   |   |   |   |   |   |   |   |   |    |    |    |    |    |    |    |    |    |    |   |
|           |         |                                                   |       |  |   |   |   |   |   |   |   |   |   |   |   |    |    |    |    |    |    |    |    |    |    |   |
|   phv112  | ingress |                                                   |       |  |   |   |   |   |   |   |   |   |   |   |   |    |    |    |    |    |    |    |    |    |    |   |
|    [3:0]  | ingress |       ig_intr_md_for_dprsr.mirror_type[3:0]       | imeta |  |   |   |   |   |   |   |   |   |   |   |   |    |    |    |    |    |    |    |    |    |    | R |
|   phv113  | ingress |                                                   |       |  |   |   |   |   |   |   |   |   |   |   |   |    |    |    |    |    |    |    |    |    |    |   |
|    [2:0]  | ingress |         ig_intr_md_for_dprsr.drop_ctl[2:0]        | imeta |  |   | W | W | ~ | ~ | ~ | ~ | ~ | ~ | ~ | ~ | ~  | ~  | ~  | ~  | ~  | ~  | ~  | ~  | ~  | ~  | R |
|   phv114  | ingress |                                                   |       |  |   |   |   |   |   |   |   |   |   |   |   |    |    |    |    |    |    |    |    |    |    |   |
|    [7:0]  | ingress |                 p.ipv4.proto[7:0]                 |  pkt  |  | W | R | ~ | ~ | ~ | ~ | ~ | ~ | ~ | ~ | ~ | ~  | ~  | ~  | ~  | ~  | ~  | ~  | ~  | ~  | ~  | R |
|   phv115  |    -    |                                                   |       |  |   |   |   |   |   |   |   |   |   |   |   |    |    |    |    |    |    |    |    |    |    |   |
|           |         |                                                   |       |  |   |   |   |   |   |   |   |   |   |   |   |    |    |    |    |    |    |    |    |    |    |   |
|   phv116  |    -    |                                                   |       |  |   |   |   |   |   |   |   |   |   |   |   |    |    |    |    |    |    |    |    |    |    |   |
|   phv117  |    -    |                                                   |       |  |   |   |   |   |   |   |   |   |   |   |   |    |    |    |    |    |    |    |    |    |    |   |
|   phv118  |    -    |                                                   |       |  |   |   |   |   |   |   |   |   |   |   |   |    |    |    |    |    |    |    |    |    |    |   |
|   phv119  |    -    |                                                   |       |  |   |   |   |   |   |   |   |   |   |   |   |    |    |    |    |    |    |    |    |    |    |   |
|           |         |                                                   |       |  |   |   |   |   |   |   |   |   |   |   |   |    |    |    |    |    |    |    |    |    |    |   |
|   phv120  |    -    |                                                   |       |  |   |   |   |   |   |   |   |   |   |   |   |    |    |    |    |    |    |    |    |    |    |   |
|   phv121  |    -    |                                                   |       |  |   |   |   |   |   |   |   |   |   |   |   |    |    |    |    |    |    |    |    |    |    |   |
|   phv122  |    -    |                                                   |       |  |   |   |   |   |   |   |   |   |   |   |   |    |    |    |    |    |    |    |    |    |    |   |
|   phv123  |    -    |                                                   |       |  |   |   |   |   |   |   |   |   |   |   |   |    |    |    |    |    |    |    |    |    |    |   |
|   phv124  |    -    |                                                   |       |  |   |   |   |   |   |   |   |   |   |   |   |    |    |    |    |    |    |    |    |    |    |   |
|   phv125  |    -    |                                                   |       |  |   |   |   |   |   |   |   |   |   |   |   |    |    |    |    |    |    |    |    |    |    |   |
|   phv126  |    -    |                                                   |       |  |   |   |   |   |   |   |   |   |   |   |   |    |    |    |    |    |    |    |    |    |    |   |
|   phv127  |    -    |                                                   |       |  |   |   |   |   |   |   |   |   |   |   |   |    |    |    |    |    |    |    |    |    |    |   |
|   phv128  |    -    |                                                   |       |  |   |   |   |   |   |   |   |   |   |   |   |    |    |    |    |    |    |    |    |    |    |   |
|   phv129  |    -    |                                                   |       |  |   |   |   |   |   |   |   |   |   |   |   |    |    |    |    |    |    |    |    |    |    |   |
|   phv130  |    -    |                                                   |       |  |   |   |   |   |   |   |   |   |   |   |   |    |    |    |    |    |    |    |    |    |    |   |
|   phv131  |    -    |                                                   |       |  |   |   |   |   |   |   |   |   |   |   |   |    |    |    |    |    |    |    |    |    |    |   |
|           |         |                                                   |       |  |   |   |   |   |   |   |   |   |   |   |   |    |    |    |    |    |    |    |    |    |    |   |
|   phv132  |    -    |                                                   |       |  |   |   |   |   |   |   |   |   |   |   |   |    |    |    |    |    |    |    |    |    |    |   |
|   phv133  |    -    |                                                   |       |  |   |   |   |   |   |   |   |   |   |   |   |    |    |    |    |    |    |    |    |    |    |   |
|   phv134  |    -    |                                                   |       |  |   |   |   |   |   |   |   |   |   |   |   |    |    |    |    |    |    |    |    |    |    |   |
|   phv135  |    -    |                                                   |       |  |   |   |   |   |   |   |   |   |   |   |   |    |    |    |    |    |    |    |    |    |    |   |
|           |         |                                                   |       |  |   |   |   |   |   |   |   |   |   |   |   |    |    |    |    |    |    |    |    |    |    |   |
|   phv136  |    -    |                                                   |       |  |   |   |   |   |   |   |   |   |   |   |   |    |    |    |    |    |    |    |    |    |    |   |
|   phv137  |    -    |                                                   |       |  |   |   |   |   |   |   |   |   |   |   |   |    |    |    |    |    |    |    |    |    |    |   |
|   phv138  |    -    |                                                   |       |  |   |   |   |   |   |   |   |   |   |   |   |    |    |    |    |    |    |    |    |    |    |   |
|   phv139  |    -    |                                                   |       |  |   |   |   |   |   |   |   |   |   |   |   |    |    |    |    |    |    |    |    |    |    |   |
|           |         |                                                   |       |  |   |   |   |   |   |   |   |   |   |   |   |    |    |    |    |    |    |    |    |    |    |   |
|   phv140  |    -    |                                                   |       |  |   |   |   |   |   |   |   |   |   |   |   |    |    |    |    |    |    |    |    |    |    |   |
|   phv141  |    -    |                                                   |       |  |   |   |   |   |   |   |   |   |   |   |   |    |    |    |    |    |    |    |    |    |    |   |
|   phv142  |    -    |                                                   |       |  |   |   |   |   |   |   |   |   |   |   |   |    |    |    |    |    |    |    |    |    |    |   |
|   phv143  |    -    |                                                   |       |  |   |   |   |   |   |   |   |   |   |   |   |    |    |    |    |    |    |    |    |    |    |   |
|   phv144  |    -    |                                                   |       |  |   |   |   |   |   |   |   |   |   |   |   |    |    |    |    |    |    |    |    |    |    |   |
|   phv145  |    -    |                                                   |       |  |   |   |   |   |   |   |   |   |   |   |   |    |    |    |    |    |    |    |    |    |    |   |
|   phv146  |    -    |                                                   |       |  |   |   |   |   |   |   |   |   |   |   |   |    |    |    |    |    |    |    |    |    |    |   |
|   phv147  |    -    |                                                   |       |  |   |   |   |   |   |   |   |   |   |   |   |    |    |    |    |    |    |    |    |    |    |   |
|   phv148  |    -    |                                                   |       |  |   |   |   |   |   |   |   |   |   |   |   |    |    |    |    |    |    |    |    |    |    |   |
|   phv149  |    -    |                                                   |       |  |   |   |   |   |   |   |   |   |   |   |   |    |    |    |    |    |    |    |    |    |    |   |
|   phv150  |    -    |                                                   |       |  |   |   |   |   |   |   |   |   |   |   |   |    |    |    |    |    |    |    |    |    |    |   |
|   phv151  |    -    |                                                   |       |  |   |   |   |   |   |   |   |   |   |   |   |    |    |    |    |    |    |    |    |    |    |   |
|           |         |                                                   |       |  |   |   |   |   |   |   |   |   |   |   |   |    |    |    |    |    |    |    |    |    |    |   |
|   phv152  |    -    |                                                   |       |  |   |   |   |   |   |   |   |   |   |   |   |    |    |    |    |    |    |    |    |    |    |   |
|   phv153  |    -    |                                                   |       |  |   |   |   |   |   |   |   |   |   |   |   |    |    |    |    |    |    |    |    |    |    |   |
|   phv154  |    -    |                                                   |       |  |   |   |   |   |   |   |   |   |   |   |   |    |    |    |    |    |    |    |    |    |    |   |
|   phv155  |    -    |                                                   |       |  |   |   |   |   |   |   |   |   |   |   |   |    |    |    |    |    |    |    |    |    |    |   |
|           |         |                                                   |       |  |   |   |   |   |   |   |   |   |   |   |   |    |    |    |    |    |    |    |    |    |    |   |
|   phv156  |    -    |                                                   |       |  |   |   |   |   |   |   |   |   |   |   |   |    |    |    |    |    |    |    |    |    |    |   |
|   phv157  |    -    |                                                   |       |  |   |   |   |   |   |   |   |   |   |   |   |    |    |    |    |    |    |    |    |    |    |   |
|   phv158  |    -    |                                                   |       |  |   |   |   |   |   |   |   |   |   |   |   |    |    |    |    |    |    |    |    |    |    |   |
|   phv159  |    -    |                                                   |       |  |   |   |   |   |   |   |   |   |   |   |   |    |    |    |    |    |    |    |    |    |    |   |
|           |         |                                                   |       |  |   |   |   |   |   |   |   |   |   |   |   |    |    |    |    |    |    |    |    |    |    |   |
|   phv160  |    -    |                                                   |       |  |   |   |   |   |   |   |   |   |   |   |   |    |    |    |    |    |    |    |    |    |    |   |
|   phv161  |    -    |                                                   |       |  |   |   |   |   |   |   |   |   |   |   |   |    |    |    |    |    |    |    |    |    |    |   |
|   phv162  |    -    |                                                   |       |  |   |   |   |   |   |   |   |   |   |   |   |    |    |    |    |    |    |    |    |    |    |   |
|   phv163  |    -    |                                                   |       |  |   |   |   |   |   |   |   |   |   |   |   |    |    |    |    |    |    |    |    |    |    |   |
|   phv164  |    -    |                                                   |       |  |   |   |   |   |   |   |   |   |   |   |   |    |    |    |    |    |    |    |    |    |    |   |
|   phv165  |    -    |                                                   |       |  |   |   |   |   |   |   |   |   |   |   |   |    |    |    |    |    |    |    |    |    |    |   |
|   phv166  |    -    |                                                   |       |  |   |   |   |   |   |   |   |   |   |   |   |    |    |    |    |    |    |    |    |    |    |   |
|   phv167  |    -    |                                                   |       |  |   |   |   |   |   |   |   |   |   |   |   |    |    |    |    |    |    |    |    |    |    |   |
|   phv168  |    -    |                                                   |       |  |   |   |   |   |   |   |   |   |   |   |   |    |    |    |    |    |    |    |    |    |    |   |
|   phv169  |    -    |                                                   |       |  |   |   |   |   |   |   |   |   |   |   |   |    |    |    |    |    |    |    |    |    |    |   |
|   phv170  |    -    |                                                   |       |  |   |   |   |   |   |   |   |   |   |   |   |    |    |    |    |    |    |    |    |    |    |   |
|   phv171  |    -    |                                                   |       |  |   |   |   |   |   |   |   |   |   |   |   |    |    |    |    |    |    |    |    |    |    |   |
|           |         |                                                   |       |  |   |   |   |   |   |   |   |   |   |   |   |    |    |    |    |    |    |    |    |    |    |   |
|   phv172  |  egress |                                                   |       |  |   |   |   |   |   |   |   |   |   |   |   |    |    |    |    |    |    |    |    |    |    |   |
|    [8:0]  |  egress |            eg_intr_md.egress_port[8:0]            | imeta |  | W | ~ | ~ | ~ | ~ | ~ | ~ | ~ | ~ | ~ | ~ | ~  | ~  | ~  | ~  | ~  | ~  | ~  | ~  | ~  | ~  | R |
|   phv173  | ingress |                                                   |       |  |   |   |   |   |   |   |   |   |   |   |   |    |    |    |    |    |    |    |    |    |    |   |
|   [15:0]  | ingress |                    vrf_0[15:0]                    |  meta |  |   | R |   |   |   |   |   |   |   |   |   |    |    |    |    |    |    |    |    |    |    |   |
|   phv174  | ingress |                                                   |       |  |   |   |   |   |   |   |   |   |   |   |   |    |    |    |    |    |    |    |    |    |    |   |
|    [8:0]  | ingress |                ig_md.Group_id[8:0]                |  meta |  |   | W | R |   |   |   |   |   |   |   |   |    |    |    |    |    |    |    |    |    |    |   |
|   phv175  |    -    |                                                   |       |  |   |   |   |   |   |   |   |   |   |   |   |    |    |    |    |    |    |    |    |    |    |   |
|           |         |                                                   |       |  |   |   |   |   |   |   |   |   |   |   |   |    |    |    |    |    |    |    |    |    |    |   |
|   phv176  |    -    |                                                   |       |  |   |   |   |   |   |   |   |   |   |   |   |    |    |    |    |    |    |    |    |    |    |   |
|   phv177  |    -    |                                                   |       |  |   |   |   |   |   |   |   |   |   |   |   |    |    |    |    |    |    |    |    |    |    |   |
|   phv178  |    -    |                                                   |       |  |   |   |   |   |   |   |   |   |   |   |   |    |    |    |    |    |    |    |    |    |    |   |
|   phv179  |    -    |                                                   |       |  |   |   |   |   |   |   |   |   |   |   |   |    |    |    |    |    |    |    |    |    |    |   |
|           |         |                                                   |       |  |   |   |   |   |   |   |   |   |   |   |   |    |    |    |    |    |    |    |    |    |    |   |
|   phv180  |    -    |                                                   |       |  |   |   |   |   |   |   |   |   |   |   |   |    |    |    |    |    |    |    |    |    |    |   |
|   phv181  |    -    |                                                   |       |  |   |   |   |   |   |   |   |   |   |   |   |    |    |    |    |    |    |    |    |    |    |   |
|   phv182  |    -    |                                                   |       |  |   |   |   |   |   |   |   |   |   |   |   |    |    |    |    |    |    |    |    |    |    |   |
|   phv183  |    -    |                                                   |       |  |   |   |   |   |   |   |   |   |   |   |   |    |    |    |    |    |    |    |    |    |    |   |
|   phv184  |    -    |                                                   |       |  |   |   |   |   |   |   |   |   |   |   |   |    |    |    |    |    |    |    |    |    |    |   |
|   phv185  |    -    |                                                   |       |  |   |   |   |   |   |   |   |   |   |   |   |    |    |    |    |    |    |    |    |    |    |   |
|   phv186  |    -    |                                                   |       |  |   |   |   |   |   |   |   |   |   |   |   |    |    |    |    |    |    |    |    |    |    |   |
|   phv187  |    -    |                                                   |       |  |   |   |   |   |   |   |   |   |   |   |   |    |    |    |    |    |    |    |    |    |    |   |
|   phv188  |    -    |                                                   |       |  |   |   |   |   |   |   |   |   |   |   |   |    |    |    |    |    |    |    |    |    |    |   |
|   phv189  |    -    |                                                   |       |  |   |   |   |   |   |   |   |   |   |   |   |    |    |    |    |    |    |    |    |    |    |   |
|   phv190  |    -    |                                                   |       |  |   |   |   |   |   |   |   |   |   |   |   |    |    |    |    |    |    |    |    |    |    |   |
|   phv191  |    -    |                                                   |       |  |   |   |   |   |   |   |   |   |   |   |   |    |    |    |    |    |    |    |    |    |    |   |
|           |         |                                                   |       |  |   |   |   |   |   |   |   |   |   |   |   |    |    |    |    |    |    |    |    |    |    |   |
|   phv192  | ingress |                                                   |       |  |   |   |   |   |   |   |   |   |   |   |   |    |    |    |    |    |    |    |    |    |    |   |
|    [8:0]  | ingress |      ig_intr_md_for_tm.ucast_egress_port[8:0]     | imeta |  |   |   | W | ~ | ~ | ~ | ~ | ~ | ~ | ~ | ~ | ~  | ~  | ~  | ~  | ~  | ~  | ~  | ~  | ~  | ~  | R |
|   phv193  |    -    |                                                   |       |  |   |   |   |   |   |   |   |   |   |   |   |    |    |    |    |    |    |    |    |    |    |   |
|   phv194  |    -    |                                                   |       |  |   |   |   |   |   |   |   |   |   |   |   |    |    |    |    |    |    |    |    |    |    |   |
|   phv195  |    -    |                                                   |       |  |   |   |   |   |   |   |   |   |   |   |   |    |    |    |    |    |    |    |    |    |    |   |
|           |         |                                                   |       |  |   |   |   |   |   |   |   |   |   |   |   |    |    |    |    |    |    |    |    |    |    |   |
|   phv196  |    -    |                                                   |       |  |   |   |   |   |   |   |   |   |   |   |   |    |    |    |    |    |    |    |    |    |    |   |
|   phv197  |    -    |                                                   |       |  |   |   |   |   |   |   |   |   |   |   |   |    |    |    |    |    |    |    |    |    |    |   |
|   phv198  |    -    |                                                   |       |  |   |   |   |   |   |   |   |   |   |   |   |    |    |    |    |    |    |    |    |    |    |   |
|   phv199  |    -    |                                                   |       |  |   |   |   |   |   |   |   |   |   |   |   |    |    |    |    |    |    |    |    |    |    |   |
|           |         |                                                   |       |  |   |   |   |   |   |   |   |   |   |   |   |    |    |    |    |    |    |    |    |    |    |   |
|   phv200  |    -    |                                                   |       |  |   |   |   |   |   |   |   |   |   |   |   |    |    |    |    |    |    |    |    |    |    |   |
|   phv201  |    -    |                                                   |       |  |   |   |   |   |   |   |   |   |   |   |   |    |    |    |    |    |    |    |    |    |    |   |
|   phv202  |    -    |                                                   |       |  |   |   |   |   |   |   |   |   |   |   |   |    |    |    |    |    |    |    |    |    |    |   |
|   phv203  |    -    |                                                   |       |  |   |   |   |   |   |   |   |   |   |   |   |    |    |    |    |    |    |    |    |    |    |   |
|   phv204  |    -    |                                                   |       |  |   |   |   |   |   |   |   |   |   |   |   |    |    |    |    |    |    |    |    |    |    |   |
|   phv205  |    -    |                                                   |       |  |   |   |   |   |   |   |   |   |   |   |   |    |    |    |    |    |    |    |    |    |    |   |
|   phv206  |    -    |                                                   |       |  |   |   |   |   |   |   |   |   |   |   |   |    |    |    |    |    |    |    |    |    |    |   |
|   phv207  |    -    |                                                   |       |  |   |   |   |   |   |   |   |   |   |   |   |    |    |    |    |    |    |    |    |    |    |   |
|   phv208  |    -    |                                                   |       |  |   |   |   |   |   |   |   |   |   |   |   |    |    |    |    |    |    |    |    |    |    |   |
|   phv209  |    -    |                                                   |       |  |   |   |   |   |   |   |   |   |   |   |   |    |    |    |    |    |    |    |    |    |    |   |
|   phv210  |    -    |                                                   |       |  |   |   |   |   |   |   |   |   |   |   |   |    |    |    |    |    |    |    |    |    |    |   |
|   phv211  |    -    |                                                   |       |  |   |   |   |   |   |   |   |   |   |   |   |    |    |    |    |    |    |    |    |    |    |   |
|           |         |                                                   |       |  |   |   |   |   |   |   |   |   |   |   |   |    |    |    |    |    |    |    |    |    |    |   |
|   phv212  |    -    |                                                   |       |  |   |   |   |   |   |   |   |   |   |   |   |    |    |    |    |    |    |    |    |    |    |   |
|   phv213  |    -    |                                                   |       |  |   |   |   |   |   |   |   |   |   |   |   |    |    |    |    |    |    |    |    |    |    |   |
|   phv214  |    -    |                                                   |       |  |   |   |   |   |   |   |   |   |   |   |   |    |    |    |    |    |    |    |    |    |    |   |
|   phv215  |    -    |                                                   |       |  |   |   |   |   |   |   |   |   |   |   |   |    |    |    |    |    |    |    |    |    |    |   |
|           |         |                                                   |       |  |   |   |   |   |   |   |   |   |   |   |   |    |    |    |    |    |    |    |    |    |    |   |
|   phv216  |    -    |                                                   |       |  |   |   |   |   |   |   |   |   |   |   |   |    |    |    |    |    |    |    |    |    |    |   |
|   phv217  |    -    |                                                   |       |  |   |   |   |   |   |   |   |   |   |   |   |    |    |    |    |    |    |    |    |    |    |   |
|   phv218  |    -    |                                                   |       |  |   |   |   |   |   |   |   |   |   |   |   |    |    |    |    |    |    |    |    |    |    |   |
|   phv219  |    -    |                                                   |       |  |   |   |   |   |   |   |   |   |   |   |   |    |    |    |    |    |    |    |    |    |    |   |
|           |         |                                                   |       |  |   |   |   |   |   |   |   |   |   |   |   |    |    |    |    |    |    |    |    |    |    |   |
|   phv220  |    -    |                                                   |       |  |   |   |   |   |   |   |   |   |   |   |   |    |    |    |    |    |    |    |    |    |    |   |
|   phv221  |    -    |                                                   |       |  |   |   |   |   |   |   |   |   |   |   |   |    |    |    |    |    |    |    |    |    |    |   |
|   phv222  |    -    |                                                   |       |  |   |   |   |   |   |   |   |   |   |   |   |    |    |    |    |    |    |    |    |    |    |   |
|   phv223  |    -    |                                                   |       |  |   |   |   |   |   |   |   |   |   |   |   |    |    |    |    |    |    |    |    |    |    |   |
|   phv224  |    -    |                                                   |       |  |   |   |   |   |   |   |   |   |   |   |   |    |    |    |    |    |    |    |    |    |    |   |
|   phv225  |    -    |                                                   |       |  |   |   |   |   |   |   |   |   |   |   |   |    |    |    |    |    |    |    |    |    |    |   |
|   phv226  |    -    |                                                   |       |  |   |   |   |   |   |   |   |   |   |   |   |    |    |    |    |    |    |    |    |    |    |   |
|   phv227  |    -    |                                                   |       |  |   |   |   |   |   |   |   |   |   |   |   |    |    |    |    |    |    |    |    |    |    |   |
|   phv228  |    -    |                                                   |       |  |   |   |   |   |   |   |   |   |   |   |   |    |    |    |    |    |    |    |    |    |    |   |
|   phv229  |    -    |                                                   |       |  |   |   |   |   |   |   |   |   |   |   |   |    |    |    |    |    |    |    |    |    |    |   |
|   phv230  |    -    |                                                   |       |  |   |   |   |   |   |   |   |   |   |   |   |    |    |    |    |    |    |    |    |    |    |   |
|   phv231  |    -    |                                                   |       |  |   |   |   |   |   |   |   |   |   |   |   |    |    |    |    |    |    |    |    |    |    |   |
|           |         |                                                   |       |  |   |   |   |   |   |   |   |   |   |   |   |    |    |    |    |    |    |    |    |    |    |   |
|   phv232  |    -    |                                                   |       |  |   |   |   |   |   |   |   |   |   |   |   |    |    |    |    |    |    |    |    |    |    |   |
|   phv233  |    -    |                                                   |       |  |   |   |   |   |   |   |   |   |   |   |   |    |    |    |    |    |    |    |    |    |    |   |
|   phv234  |    -    |                                                   |       |  |   |   |   |   |   |   |   |   |   |   |   |    |    |    |    |    |    |    |    |    |    |   |
|   phv235  |    -    |                                                   |       |  |   |   |   |   |   |   |   |   |   |   |   |    |    |    |    |    |    |    |    |    |    |   |
|           |         |                                                   |       |  |   |   |   |   |   |   |   |   |   |   |   |    |    |    |    |    |    |    |    |    |    |   |
|   phv236  |    -    |                                                   |       |  |   |   |   |   |   |   |   |   |   |   |   |    |    |    |    |    |    |    |    |    |    |   |
|   phv237  |    -    |                                                   |       |  |   |   |   |   |   |   |   |   |   |   |   |    |    |    |    |    |    |    |    |    |    |   |
|   phv238  |    -    |                                                   |       |  |   |   |   |   |   |   |   |   |   |   |   |    |    |    |    |    |    |    |    |    |    |   |
|   phv239  |    -    |                                                   |       |  |   |   |   |   |   |   |   |   |   |   |   |    |    |    |    |    |    |    |    |    |    |   |
|           |         |                                                   |       |  |   |   |   |   |   |   |   |   |   |   |   |    |    |    |    |    |    |    |    |    |    |   |
|   phv240  |    -    |                                                   |       |  |   |   |   |   |   |   |   |   |   |   |   |    |    |    |    |    |    |    |    |    |    |   |
|   phv241  |    -    |                                                   |       |  |   |   |   |   |   |   |   |   |   |   |   |    |    |    |    |    |    |    |    |    |    |   |
|   phv242  |    -    |                                                   |       |  |   |   |   |   |   |   |   |   |   |   |   |    |    |    |    |    |    |    |    |    |    |   |
|   phv243  |    -    |                                                   |       |  |   |   |   |   |   |   |   |   |   |   |   |    |    |    |    |    |    |    |    |    |    |   |
|   phv244  |    -    |                                                   |       |  |   |   |   |   |   |   |   |   |   |   |   |    |    |    |    |    |    |    |    |    |    |   |
|   phv245  |    -    |                                                   |       |  |   |   |   |   |   |   |   |   |   |   |   |    |    |    |    |    |    |    |    |    |    |   |
|   phv246  |    -    |                                                   |       |  |   |   |   |   |   |   |   |   |   |   |   |    |    |    |    |    |    |    |    |    |    |   |
|   phv247  |    -    |                                                   |       |  |   |   |   |   |   |   |   |   |   |   |   |    |    |    |    |    |    |    |    |    |    |   |
|   phv248  |    -    |                                                   |       |  |   |   |   |   |   |   |   |   |   |   |   |    |    |    |    |    |    |    |    |    |    |   |
|   phv249  |    -    |                                                   |       |  |   |   |   |   |   |   |   |   |   |   |   |    |    |    |    |    |    |    |    |    |    |   |
|   phv250  |    -    |                                                   |       |  |   |   |   |   |   |   |   |   |   |   |   |    |    |    |    |    |    |    |    |    |    |   |
|   phv251  |    -    |                                                   |       |  |   |   |   |   |   |   |   |   |   |   |   |    |    |    |    |    |    |    |    |    |    |   |
|           |         |                                                   |       |  |   |   |   |   |   |   |   |   |   |   |   |    |    |    |    |    |    |    |    |    |    |   |
|   phv252  |    -    |                                                   |       |  |   |   |   |   |   |   |   |   |   |   |   |    |    |    |    |    |    |    |    |    |    |   |
|   phv253  |    -    |                                                   |       |  |   |   |   |   |   |   |   |   |   |   |   |    |    |    |    |    |    |    |    |    |    |   |
|   phv254  |    -    |                                                   |       |  |   |   |   |   |   |   |   |   |   |   |   |    |    |    |    |    |    |    |    |    |    |   |
|   phv255  |    -    |                                                   |       |  |   |   |   |   |   |   |   |   |   |   |   |    |    |    |    |    |    |    |    |    |    |   |
|           |         |                                                   |       |  |   |   |   |   |   |   |   |   |   |   |   |    |    |    |    |    |    |    |    |    |    |   |
|   phv256  |    -    |                                                   |       |  |   |   |   |   |   |   |   |   |   |   |   |    |    |    |    |    |    |    |    |    |    |   |
|   phv257  |    -    |                                                   |       |  |   |   |   |   |   |   |   |   |   |   |   |    |    |    |    |    |    |    |    |    |    |   |
|   phv258  |    -    |                                                   |       |  |   |   |   |   |   |   |   |   |   |   |   |    |    |    |    |    |    |    |    |    |    |   |
|   phv259  |    -    |                                                   |       |  |   |   |   |   |   |   |   |   |   |   |   |    |    |    |    |    |    |    |    |    |    |   |
|           |         |                                                   |       |  |   |   |   |   |   |   |   |   |   |   |   |    |    |    |    |    |    |    |    |    |    |   |
|   phv260  |    -    |                                                   |       |  |   |   |   |   |   |   |   |   |   |   |   |    |    |    |    |    |    |    |    |    |    |   |
|   phv261  |    -    |                                                   |       |  |   |   |   |   |   |   |   |   |   |   |   |    |    |    |    |    |    |    |    |    |    |   |
|   phv262  |    -    |                                                   |       |  |   |   |   |   |   |   |   |   |   |   |   |    |    |    |    |    |    |    |    |    |    |   |
|   phv263  |    -    |                                                   |       |  |   |   |   |   |   |   |   |   |   |   |   |    |    |    |    |    |    |    |    |    |    |   |
|   phv264  |    -    |                                                   |       |  |   |   |   |   |   |   |   |   |   |   |   |    |    |    |    |    |    |    |    |    |    |   |
|   phv265  |    -    |                                                   |       |  |   |   |   |   |   |   |   |   |   |   |   |    |    |    |    |    |    |    |    |    |    |   |
|   phv266  |    -    |                                                   |       |  |   |   |   |   |   |   |   |   |   |   |   |    |    |    |    |    |    |    |    |    |    |   |
|   phv267  |    -    |                                                   |       |  |   |   |   |   |   |   |   |   |   |   |   |    |    |    |    |    |    |    |    |    |    |   |
|   phv268  |    -    |                                                   |       |  |   |   |   |   |   |   |   |   |   |   |   |    |    |    |    |    |    |    |    |    |    |   |
|   phv269  |    -    |                                                   |       |  |   |   |   |   |   |   |   |   |   |   |   |    |    |    |    |    |    |    |    |    |    |   |
|   phv270  |    -    |                                                   |       |  |   |   |   |   |   |   |   |   |   |   |   |    |    |    |    |    |    |    |    |    |    |   |
|   phv271  |    -    |                                                   |       |  |   |   |   |   |   |   |   |   |   |   |   |    |    |    |    |    |    |    |    |    |    |   |
|           |         |                                                   |       |  |   |   |   |   |   |   |   |   |   |   |   |    |    |    |    |    |    |    |    |    |    |   |
|   phv272  |    -    |                                                   |       |  |   |   |   |   |   |   |   |   |   |   |   |    |    |    |    |    |    |    |    |    |    |   |
|   phv273  |    -    |                                                   |       |  |   |   |   |   |   |   |   |   |   |   |   |    |    |    |    |    |    |    |    |    |    |   |
|   phv274  |    -    |                                                   |       |  |   |   |   |   |   |   |   |   |   |   |   |    |    |    |    |    |    |    |    |    |    |   |
|   phv275  |    -    |                                                   |       |  |   |   |   |   |   |   |   |   |   |   |   |    |    |    |    |    |    |    |    |    |    |   |
|           |         |                                                   |       |  |   |   |   |   |   |   |   |   |   |   |   |    |    |    |    |    |    |    |    |    |    |   |
|   phv276  |    -    |                                                   |       |  |   |   |   |   |   |   |   |   |   |   |   |    |    |    |    |    |    |    |    |    |    |   |
|   phv277  |    -    |                                                   |       |  |   |   |   |   |   |   |   |   |   |   |   |    |    |    |    |    |    |    |    |    |    |   |
|   phv278  |    -    |                                                   |       |  |   |   |   |   |   |   |   |   |   |   |   |    |    |    |    |    |    |    |    |    |    |   |
|   phv279  |    -    |                                                   |       |  |   |   |   |   |   |   |   |   |   |   |   |    |    |    |    |    |    |    |    |    |    |   |
-----------------------------------------------------------------------------------------------------------------------------------------------------------------------------------------


Containers used: 13
Containers with data overlayed: 0  (0.00%)
Containers shared: 3  (23.08%)

------------------------
  Legend:
------------------------
   P:     Parsed
   D:     Deparsed
   OL:    Overlay
   SH:    Shared
   pkt:   Packet data
   meta:  Metadata
   imeta: Intrinsic Metadata
   pov:   Packet Occupancy Vector bit
   R:     Read
   W:     Write
   ~:     Field is live


---------------------------------------------------------------------------------------------------------------------------------------
| Direction | Location | Fields Live | Bits Live | Header Fields Live | Header Bits Live | Metadata Fields Live | Metadata Bits Live |
---------------------------------------------------------------------------------------------------------------------------------------
|  ingress  |  Parser  | 10 (55.56%) |    109    |    5 (100.00%)     |       104        |      5 (38.46%)      |         5          |
|  ingress  | Stage 0  | 14 (77.78%) |    138    |    5 (100.00%)     |       104        |      9 (69.23%)      |         34         |
|  ingress  | Stage 1  | 14 (77.78%) |    123    |    5 (100.00%)     |       104        |      9 (69.23%)      |         19         |
|  ingress  | Stage 2  | 14 (77.78%) |    123    |    5 (100.00%)     |       104        |      9 (69.23%)      |         19         |
|  ingress  | Stage 3  | 14 (77.78%) |    123    |    5 (100.00%)     |       104        |      9 (69.23%)      |         19         |
|  ingress  | Stage 4  | 14 (77.78%) |    123    |    5 (100.00%)     |       104        |      9 (69.23%)      |         19         |
|  ingress  | Stage 5  | 14 (77.78%) |    123    |    5 (100.00%)     |       104        |      9 (69.23%)      |         19         |
|  ingress  | Stage 6  | 14 (77.78%) |    123    |    5 (100.00%)     |       104        |      9 (69.23%)      |         19         |
|  ingress  | Stage 7  | 14 (77.78%) |    123    |    5 (100.00%)     |       104        |      9 (69.23%)      |         19         |
|  ingress  | Stage 8  | 14 (77.78%) |    123    |    5 (100.00%)     |       104        |      9 (69.23%)      |         19         |
|  ingress  | Stage 9  | 14 (77.78%) |    123    |    5 (100.00%)     |       104        |      9 (69.23%)      |         19         |
|  ingress  | Stage 10 | 14 (77.78%) |    123    |    5 (100.00%)     |       104        |      9 (69.23%)      |         19         |
|  ingress  | Stage 11 | 14 (77.78%) |    123    |    5 (100.00%)     |       104        |      9 (69.23%)      |         19         |
|  ingress  | Stage 12 | 14 (77.78%) |    123    |    5 (100.00%)     |       104        |      9 (69.23%)      |         19         |
|  ingress  | Stage 13 | 14 (77.78%) |    123    |    5 (100.00%)     |       104        |      9 (69.23%)      |         19         |
|  ingress  | Stage 14 | 14 (77.78%) |    123    |    5 (100.00%)     |       104        |      9 (69.23%)      |         19         |
|  ingress  | Stage 15 | 14 (77.78%) |    123    |    5 (100.00%)     |       104        |      9 (69.23%)      |         19         |
|  ingress  | Stage 16 | 14 (77.78%) |    123    |    5 (100.00%)     |       104        |      9 (69.23%)      |         19         |
|  ingress  | Stage 17 | 14 (77.78%) |    123    |    5 (100.00%)     |       104        |      9 (69.23%)      |         19         |
|  ingress  | Stage 18 | 14 (77.78%) |    123    |    5 (100.00%)     |       104        |      9 (69.23%)      |         19         |
|  ingress  | Stage 19 | 14 (77.78%) |    123    |    5 (100.00%)     |       104        |      9 (69.23%)      |         19         |
|  ingress  | Deparser | 16 (88.89%) |    135    |    5 (100.00%)     |       104        |     11 (84.62%)      |         31         |
|           |          |             |           |                    |                  |                      |                    |
|   egress  |  Parser  | 6 (100.00%) |     14    |     0 (0.00%)      |        0         |     6 (100.00%)      |         14         |
|   egress  | Stage 0  | 6 (100.00%) |     14    |     0 (0.00%)      |        0         |     6 (100.00%)      |         14         |
|   egress  | Stage 1  | 6 (100.00%) |     14    |     0 (0.00%)      |        0         |     6 (100.00%)      |         14         |
|   egress  | Stage 2  | 6 (100.00%) |     14    |     0 (0.00%)      |        0         |     6 (100.00%)      |         14         |
|   egress  | Stage 3  | 6 (100.00%) |     14    |     0 (0.00%)      |        0         |     6 (100.00%)      |         14         |
|   egress  | Stage 4  | 6 (100.00%) |     14    |     0 (0.00%)      |        0         |     6 (100.00%)      |         14         |
|   egress  | Stage 5  | 6 (100.00%) |     14    |     0 (0.00%)      |        0         |     6 (100.00%)      |         14         |
|   egress  | Stage 6  | 6 (100.00%) |     14    |     0 (0.00%)      |        0         |     6 (100.00%)      |         14         |
|   egress  | Stage 7  | 6 (100.00%) |     14    |     0 (0.00%)      |        0         |     6 (100.00%)      |         14         |
|   egress  | Stage 8  | 6 (100.00%) |     14    |     0 (0.00%)      |        0         |     6 (100.00%)      |         14         |
|   egress  | Stage 9  | 6 (100.00%) |     14    |     0 (0.00%)      |        0         |     6 (100.00%)      |         14         |
|   egress  | Stage 10 | 6 (100.00%) |     14    |     0 (0.00%)      |        0         |     6 (100.00%)      |         14         |
|   egress  | Stage 11 | 6 (100.00%) |     14    |     0 (0.00%)      |        0         |     6 (100.00%)      |         14         |
|   egress  | Stage 12 | 6 (100.00%) |     14    |     0 (0.00%)      |        0         |     6 (100.00%)      |         14         |
|   egress  | Stage 13 | 6 (100.00%) |     14    |     0 (0.00%)      |        0         |     6 (100.00%)      |         14         |
|   egress  | Stage 14 | 6 (100.00%) |     14    |     0 (0.00%)      |        0         |     6 (100.00%)      |         14         |
|   egress  | Stage 15 | 6 (100.00%) |     14    |     0 (0.00%)      |        0         |     6 (100.00%)      |         14         |
|   egress  | Stage 16 | 6 (100.00%) |     14    |     0 (0.00%)      |        0         |     6 (100.00%)      |         14         |
|   egress  | Stage 17 | 6 (100.00%) |     14    |     0 (0.00%)      |        0         |     6 (100.00%)      |         14         |
|   egress  | Stage 18 | 6 (100.00%) |     14    |     0 (0.00%)      |        0         |     6 (100.00%)      |         14         |
|   egress  | Stage 19 | 6 (100.00%) |     14    |     0 (0.00%)      |        0         |     6 (100.00%)      |         14         |
|   egress  | Deparser | 6 (100.00%) |     14    |     0 (0.00%)      |        0         |     6 (100.00%)      |         14         |
---------------------------------------------------------------------------------------------------------------------------------------




----------------------------------------------------------------------------------------------------------------------------------------------------------------------------------------------------------------------------------------------------------------------------------------------------------------------------------------------
| Direction | Container |    Parser   |   Stage 0   |   Stage 1   |   Stage 2   |   Stage 3   |   Stage 4   |   Stage 5   |   Stage 6   |   Stage 7   |   Stage 8   |   Stage 9   |   Stage 10  |   Stage 11  |   Stage 12  |   Stage 13  |   Stage 14  |   Stage 15  |   Stage 16  |   Stage 17  |   Stage 18  |   Stage 19  |   Deparser  |
----------------------------------------------------------------------------------------------------------------------------------------------------------------------------------------------------------------------------------------------------------------------------------------------------------------------------------------------
|  ingress  |   phv12   | 2 (32 bits) | 2 (32 bits) | 2 (32 bits) | 2 (32 bits) | 2 (32 bits) | 2 (32 bits) | 2 (32 bits) | 2 (32 bits) | 2 (32 bits) | 2 (32 bits) | 2 (32 bits) | 2 (32 bits) | 2 (32 bits) | 2 (32 bits) | 2 (32 bits) | 2 (32 bits) | 2 (32 bits) | 2 (32 bits) | 2 (32 bits) | 2 (32 bits) | 2 (32 bits) | 2 (32 bits) |
|  ingress  |   phv13   | 1 (32 bits) | 1 (32 bits) | 1 (32 bits) | 1 (32 bits) | 1 (32 bits) | 1 (32 bits) | 1 (32 bits) | 1 (32 bits) | 1 (32 bits) | 1 (32 bits) | 1 (32 bits) | 1 (32 bits) | 1 (32 bits) | 1 (32 bits) | 1 (32 bits) | 1 (32 bits) | 1 (32 bits) | 1 (32 bits) | 1 (32 bits) | 1 (32 bits) | 1 (32 bits) | 1 (32 bits) |
|  ingress  |   phv14   | 1 (32 bits) | 1 (32 bits) | 1 (32 bits) | 1 (32 bits) | 1 (32 bits) | 1 (32 bits) | 1 (32 bits) | 1 (32 bits) | 1 (32 bits) | 1 (32 bits) | 1 (32 bits) | 1 (32 bits) | 1 (32 bits) | 1 (32 bits) | 1 (32 bits) | 1 (32 bits) | 1 (32 bits) | 1 (32 bits) | 1 (32 bits) | 1 (32 bits) | 1 (32 bits) | 1 (32 bits) |
|           |           |             |             |             |             |             |             |             |             |             |             |             |             |             |             |             |             |             |             |             |             |             |             |
|  ingress  |   phv80   |      -      |      -      |      -      |      -      |      -      |      -      |      -      |      -      |      -      |      -      |      -      |      -      |      -      |      -      |      -      |      -      |      -      |      -      |      -      |      -      |      -      |  1 (8 bits) |
|  ingress  |   phv81   |  5 (5 bits) |  6 (6 bits) |  7 (7 bits) |  7 (7 bits) |  7 (7 bits) |  7 (7 bits) |  7 (7 bits) |  7 (7 bits) |  7 (7 bits) |  7 (7 bits) |  7 (7 bits) |  7 (7 bits) |  7 (7 bits) |  7 (7 bits) |  7 (7 bits) |  7 (7 bits) |  7 (7 bits) |  7 (7 bits) |  7 (7 bits) |  7 (7 bits) |  7 (7 bits) |  7 (7 bits) |
|           |           |             |             |             |             |             |             |             |             |             |             |             |             |             |             |             |             |             |             |             |             |             |             |
|   egress  |   phv92   |  5 (5 bits) |  5 (5 bits) |  5 (5 bits) |  5 (5 bits) |  5 (5 bits) |  5 (5 bits) |  5 (5 bits) |  5 (5 bits) |  5 (5 bits) |  5 (5 bits) |  5 (5 bits) |  5 (5 bits) |  5 (5 bits) |  5 (5 bits) |  5 (5 bits) |  5 (5 bits) |  5 (5 bits) |  5 (5 bits) |  5 (5 bits) |  5 (5 bits) |  5 (5 bits) |  5 (5 bits) |
|           |           |             |             |             |             |             |             |             |             |             |             |             |             |             |             |             |             |             |             |             |             |             |             |
|  ingress  |   phv112  |      -      |      -      |      -      |      -      |      -      |      -      |      -      |      -      |      -      |      -      |      -      |      -      |      -      |      -      |      -      |      -      |      -      |      -      |      -      |      -      |      -      |  1 (4 bits) |
|  ingress  |   phv113  |      -      |  1 (3 bits) |  1 (3 bits) |  1 (3 bits) |  1 (3 bits) |  1 (3 bits) |  1 (3 bits) |  1 (3 bits) |  1 (3 bits) |  1 (3 bits) |  1 (3 bits) |  1 (3 bits) |  1 (3 bits) |  1 (3 bits) |  1 (3 bits) |  1 (3 bits) |  1 (3 bits) |  1 (3 bits) |  1 (3 bits) |  1 (3 bits) |  1 (3 bits) |  1 (3 bits) |
|  ingress  |   phv114  |  1 (8 bits) |  1 (8 bits) |  1 (8 bits) |  1 (8 bits) |  1 (8 bits) |  1 (8 bits) |  1 (8 bits) |  1 (8 bits) |  1 (8 bits) |  1 (8 bits) |  1 (8 bits) |  1 (8 bits) |  1 (8 bits) |  1 (8 bits) |  1 (8 bits) |  1 (8 bits) |  1 (8 bits) |  1 (8 bits) |  1 (8 bits) |  1 (8 bits) |  1 (8 bits) |  1 (8 bits) |
|           |           |             |             |             |             |             |             |             |             |             |             |             |             |             |             |             |             |             |             |             |             |             |             |
|   egress  |   phv172  |  1 (9 bits) |  1 (9 bits) |  1 (9 bits) |  1 (9 bits) |  1 (9 bits) |  1 (9 bits) |  1 (9 bits) |  1 (9 bits) |  1 (9 bits) |  1 (9 bits) |  1 (9 bits) |  1 (9 bits) |  1 (9 bits) |  1 (9 bits) |  1 (9 bits) |  1 (9 bits) |  1 (9 bits) |  1 (9 bits) |  1 (9 bits) |  1 (9 bits) |  1 (9 bits) |  1 (9 bits) |
|  ingress  |   phv173  |      -      | 1 (16 bits) |      -      |      -      |      -      |      -      |      -      |      -      |      -      |      -      |      -      |      -      |      -      |      -      |      -      |      -      |      -      |      -      |      -      |      -      |      -      |      -      |
|  ingress  |   phv174  |      -      |  1 (9 bits) |      -      |      -      |      -      |      -      |      -      |      -      |      -      |      -      |      -      |      -      |      -      |      -      |      -      |      -      |      -      |      -      |      -      |      -      |      -      |      -      |
|           |           |             |             |             |             |             |             |             |             |             |             |             |             |             |             |             |             |             |             |             |             |             |             |
|  ingress  |   phv192  |      -      |      -      |  1 (9 bits) |  1 (9 bits) |  1 (9 bits) |  1 (9 bits) |  1 (9 bits) |  1 (9 bits) |  1 (9 bits) |  1 (9 bits) |  1 (9 bits) |  1 (9 bits) |  1 (9 bits) |  1 (9 bits) |  1 (9 bits) |  1 (9 bits) |  1 (9 bits) |  1 (9 bits) |  1 (9 bits) |  1 (9 bits) |  1 (9 bits) |  1 (9 bits) |
----------------------------------------------------------------------------------------------------------------------------------------------------------------------------------------------------------------------------------------------------------------------------------------------------------------------------------------------

