Parser Characterization Report:
Number of states on ingress: 6

Number of matches on ingress: 9

Longest path (5 states) on ingress:
    $entry_point.start
    $entry_point.start.$oob_stall_0
    $entry_point.start.$split_0
    parse_ip
    parse_tcp

Shortest path (3 states) on ingress:
    $entry_point.start
    $entry_point.start.$oob_stall_0
    $entry_point.start.$split_0

Timing is met for min-sized packet (73 B) running at 100 Gbps

Extractor usage:
+---------------------------------+--------+-------+--------+--------+---------------------------+---------+
|State                            |Match   |8-bit  |16-bit  |32-bit  |Total Extractors (16-bit)  |Other    |
+---------------------------------+--------+-------+--------+--------+---------------------------+---------+
|$entry_point.start               |*       |1      |0       |0       |1                          |         |
|$entry_point.start.$oob_stall_0  |*       |0      |0       |0       |0                          |         |
|$entry_point.start.$split_0      |0x0800  |0      |0       |0       |0                          |clot 1   |
|-                                |0x****  |0      |0       |0       |0                          |clot 1   |
|parse_ip                         |0x06    |2      |0       |2       |6                          |clot 2   |
|-                                |0x11    |2      |0       |2       |6                          |clot 2   |
|-                                |0x**    |2      |0       |2       |6                          |clot 2   |
|parse_udp                        |0x****  |1      |0       |1       |3                          |clot 3   |
|parse_tcp                        |0x****  |1      |0       |0       |1                          |clot 0   |
+---------------------------------+--------+-------+--------+--------+---------------------------+---------+
Number of states on egress: 3

Number of matches on egress: 4

Longest path (3 states) on egress:
    $entry_point.start
    $entry_point.start.$oob_stall_1
    $entry_point.start.$split_0

Shortest path (3 states) on egress:
    $entry_point.start
    $entry_point.start.$oob_stall_1
    $entry_point.start.$split_0

Timing is met for min-sized packet (73 B) running at 100 Gbps

Extractor usage:
+---------------------------------+--------+-------+--------+--------+---------------------------+---------+
|State                            |Match   |8-bit  |16-bit  |32-bit  |Total Extractors (16-bit)  |Other    |
+---------------------------------+--------+-------+--------+--------+---------------------------+---------+
|$entry_point.start               |*       |1      |1       |0       |2                          |clot 1   |
|$entry_point.start.$oob_stall_1  |*       |0      |0       |0       |0                          |clot 1   |
|$entry_point.start.$split_0      |0x0800  |1      |0       |0       |1                          |clot 0   |
|-                                |0x****  |0      |0       |0       |0                          |         |
+---------------------------------+--------+-------+--------+--------+---------------------------+---------+
