PHV ALLOCATION SUCCESSFUL
PHV Allocation
+-----------+-------+-----------------+------------------------------------------------------+
|Container  |Gress  |Container Slice  |Field Slice                                           |
+-----------+-------+-----------------+------------------------------------------------------+
|B0         |I      |                 |ingress::$tmp2                                        |
|           |       |                 |                                                      |
|MB0        |E      |[0]              |egress::eg_intr_md_for_dprsr.mirror_io_select.$valid  |
|           |       |[1]              |egress::eg_intr_md.egress_port.$valid                 |
|           |       |[2]              |egress::p.ethernet.$valid                             |
|           |       |[3]              |egress::p.ipv4.$valid                                 |
|           |       |[4]              |egress::eg_intr_md_for_dprsr.mirror_io_select         |
|           |       |                 |                                                      |
|...        |       |                 |                                                      |
|           |       |                 |                                                      |
|B1         |I      |[0]              |ingress::ig_intr_md_for_dprsr.mirror_type.$valid      |
|           |       |[1]              |ingress::ig_intr_md_for_dprsr.drop_ctl.$valid         |
|           |       |[2]              |ingress::ig_intr_md_for_tm.ucast_egress_port.$valid   |
|           |       |[3]              |ingress::p.ethernet.$valid                            |
|           |       |[4]              |ingress::p.ipv4.$valid                                |
|           |       |[5]              |ingress::p.tcp.$valid                                 |
|           |       |[6]              |ingress::p.udp.$valid                                 |
|           |       |[7]              |ingress::src_tcam_match_0                             |
|           |       |                 |                                                      |
|MB1        |I      |[0]              |ingress::src_sram_match_0                             |
|           |       |                 |                                                      |
|...        |       |                 |                                                      |
|           |       |                 |                                                      |
|MB2        |I      |[0]              |ingress::dst_tcam_match_0                             |
|           |       |                 |                                                      |
|...        |       |                 |                                                      |
|           |       |                 |                                                      |
|MB3        |I      |[0]              |ingress::dst_sram_match_0                             |
|           |       |                 |                                                      |
|...        |       |                 |                                                      |
|           |       |                 |                                                      |
|MB4        |I      |[3:0]            |ingress::ig_intr_md_for_dprsr.mirror_type             |
|           |       |                 |                                                      |
|...        |       |                 |                                                      |
|           |       |                 |                                                      |
|MB5        |I      |[2:0]            |ingress::ig_intr_md_for_dprsr.drop_ctl                |
|           |       |                 |                                                      |
|...        |       |                 |                                                      |
|           |       |                 |                                                      |
|MB6        |I      |                 |ingress::p.ipv4.proto                                 |
|           |       |                 |                                                      |
|...        |       |                 |                                                      |
|           |       |                 |                                                      |
|MH0        |E      |[8:0]            |egress::eg_intr_md.egress_port                        |
|           |       |                 |                                                      |
|...        |       |                 |                                                      |
|           |       |                 |                                                      |
|MH1        |I      |                 |ingress::vrf_0                                        |
|           |       |                 |                                                      |
|...        |       |                 |                                                      |
|           |       |                 |                                                      |
|MH2        |I      |[8:0]            |ingress::ig_md.Group_id                               |
|           |       |                 |                                                      |
|...        |       |                 |                                                      |
|           |       |                 |                                                      |
|MH3        |I      |[8:0]            |ingress::ig_md.Group_id2                              |
|           |       |                 |                                                      |
|...        |       |                 |                                                      |
|           |       |                 |                                                      |
|MH4        |I      |[8:0]            |ingress::ig_intr_md_for_tm.ucast_egress_port          |
|           |       |                 |                                                      |
|...        |       |                 |                                                      |
|           |       |                 |                                                      |
|MW0        |I      |[4:0]            |ingress::p.udp.dport[4:0]                             |
|           |       |[15:5]           |ingress::p.udp.dport[15:5]                            |
|           |       |[20:16]          |ingress::p.udp.sport[4:0]                             |
|           |       |[31:21]          |ingress::p.udp.sport[15:5]                            |
|           |       |                 |                                                      |
|...        |       |                 |                                                      |
|           |       |                 |                                                      |
|MW1        |I      |                 |ingress::p.ipv4.dst                                   |
|           |       |                 |                                                      |
|...        |       |                 |                                                      |
|           |       |                 |                                                      |
|MW2        |I      |                 |ingress::p.ipv4.src                                   |
|           |       |                 |                                                      |
|...        |       |                 |                                                      |
|           |       |                 |                                                      |
+-----------+-------+-----------------+------------------------------------------------------+


POV Allocation (ingress):
+-----------+-----------------+-----------------------------------------------------+
|Container  |Container Slice  |Field Slice                                          |
+-----------+-----------------+-----------------------------------------------------+
|B1         |[0]              |ingress::ig_intr_md_for_dprsr.mirror_type.$valid     |
|           |[1]              |ingress::ig_intr_md_for_dprsr.drop_ctl.$valid        |
|           |[2]              |ingress::ig_intr_md_for_tm.ucast_egress_port.$valid  |
|           |[3]              |ingress::p.ethernet.$valid                           |
|           |[4]              |ingress::p.ipv4.$valid                               |
|           |[5]              |ingress::p.tcp.$valid                                |
|           |[6]              |ingress::p.udp.$valid                                |
+-----------+-----------------+-----------------------------------------------------+
|           |Total Bits Used  |7 / 128 ( 5.47 %)                                    |
|           |Pack Density     |7 / 8 ( 87.5 %)                                      |
+-----------+-----------------+-----------------------------------------------------+

POV Allocation (egress):
+-----------+-----------------+------------------------------------------------------+
|Container  |Container Slice  |Field Slice                                           |
+-----------+-----------------+------------------------------------------------------+
|MB0        |[0]              |egress::eg_intr_md_for_dprsr.mirror_io_select.$valid  |
|           |[1]              |egress::eg_intr_md.egress_port.$valid                 |
|           |[2]              |egress::p.ethernet.$valid                             |
|           |[3]              |egress::p.ipv4.$valid                                 |
+-----------+-----------------+------------------------------------------------------+
|           |Total Bits Used  |4 / 128 ( 3.12 %)                                     |
|           |Pack Density     |4 / 8 (  50  %)                                       |
+-----------+-----------------+------------------------------------------------------+

+------------------------------------------------------+------------+-----------+----------------+-----------------+
|Field Slice                                           |Live Range  |Container  |Container Type  |Container Slice  |
+------------------------------------------------------+------------+-----------+----------------+-----------------+
|ingress::ig_intr_md_for_dprsr.mirror_type.$valid      |[-1r, 6w]   |B1         |B               |[0]              |
|ingress::p.ipv4.proto                                 |[-1r, 6w]   |MB6        |MB              |                 |
|ingress::p.ipv4.src                                   |[-1r, 6w]   |MW2        |MW              |                 |
|ingress::p.ipv4.dst                                   |[-1r, 6w]   |MW1        |MW              |                 |
|ingress::p.udp.sport[4:0]                             |[-1r, 6w]   |MW0        |MW              |[20:16]          |
|ingress::p.udp.sport[15:5]                            |[-1r, 6w]   |MW0        |MW              |[31:21]          |
|ingress::p.udp.dport[4:0]                             |[-1r, 6w]   |MW0        |MW              |[4:0]            |
|ingress::p.udp.dport[15:5]                            |[-1r, 6w]   |MW0        |MW              |[15:5]           |
|ingress::vrf_0                                        |[-1r, 6w]   |MH1        |MH              |                 |
|ingress::ig_md.Group_id                               |[-1r, 6w]   |MH2        |MH              |[8:0]            |
|ingress::ig_md.Group_id2                              |[-1r, 6w]   |MH3        |MH              |[8:0]            |
|ingress::ig_intr_md_for_dprsr.drop_ctl                |[-1r, 6w]   |MB5        |MB              |[2:0]            |
|ingress::ig_intr_md_for_dprsr.mirror_type             |[-1r, 6w]   |MB4        |MB              |[3:0]            |
|ingress::ig_intr_md_for_dprsr.drop_ctl.$valid         |[-1r, 6w]   |B1         |B               |[1]              |
|ingress::src_tcam_match_0                             |[-1r, 6w]   |B1         |B               |[7]              |
|ingress::src_sram_match_0                             |[-1r, 6w]   |MB1        |MB              |[0]              |
|ingress::ig_intr_md_for_tm.ucast_egress_port          |[-1r, 6w]   |MH4        |MH              |[8:0]            |
|ingress::ig_intr_md_for_tm.ucast_egress_port.$valid   |[-1r, 6w]   |B1         |B               |[2]              |
|ingress::dst_tcam_match_0                             |[-1r, 6w]   |MB2        |MB              |[0]              |
|ingress::dst_sram_match_0                             |[-1r, 6w]   |MB3        |MB              |[0]              |
|ingress::$tmp2                                        |[-1r, 6w]   |B0         |B               |                 |
|egress::eg_intr_md_for_dprsr.mirror_io_select         |[-1r, 6w]   |MB0        |MB              |[4]              |
|egress::eg_intr_md_for_dprsr.mirror_io_select.$valid  |[-1r, 6w]   |MB0        |MB              |[0]              |
|egress::eg_intr_md.egress_port                        |[-1r, 6w]   |MH0        |MH              |[8:0]            |
|egress::eg_intr_md.egress_port.$valid                 |[-1r, 6w]   |MB0        |MB              |[1]              |
|ingress::p.ethernet.$valid                            |[-1r, 6w]   |B1         |B               |[3]              |
|ingress::p.ipv4.$valid                                |[-1r, 6w]   |B1         |B               |[4]              |
|ingress::p.tcp.$valid                                 |[-1r, 6w]   |B1         |B               |[5]              |
|ingress::p.udp.$valid                                 |[-1r, 6w]   |B1         |B               |[6]              |
|egress::p.ethernet.$valid                             |[-1r, 6w]   |MB0        |MB              |[2]              |
|egress::p.ipv4.$valid                                 |[-1r, 6w]   |MB0        |MB              |[3]              |
+------------------------------------------------------+------------+-----------+----------------+-----------------+





PHV Allocation State

MAU Groups:
+--------------------+-----------------+---------------+----------------------+---------------------+----------------+---------------------------+--------------------------+----------------+
|   Container Set    | Containers Used |   Bits Used   | Bits Used on Ingress | Bits Used on Egress | Bits Allocated | Bits Allocated on Ingress | Bits Allocated on Egress | Available Bits |
+--------------------+-----------------+---------------+----------------------+---------------------+----------------+---------------------------+--------------------------+----------------+
|       B0-11        |   2 ( 16.7 %)   | 16 ( 16.7 %)  |     16 ( 16.7 %)     |     0 (   0  %)     |  16 ( 16.7 %)  |       16 ( 16.7 %)        |       0 (   0  %)        |       96       |
|       MB0-3        |   4 (  100 %)   |  8 (  25  %)  |     3 ( 9.38 %)      |     5 ( 15.6 %)     |  8 (  25  %)   |        3 ( 9.38 %)        |       5 ( 15.6 %)        |       32       |
|       DB0-3        |   0 (   0  %)   |  0 (   0  %)  |     0 (   0  %)      |     0 (   0  %)     |  0 (   0  %)   |        0 (   0  %)        |       0 (   0  %)        |       32       |
|                    |                 |               |                      |                     |                |                           |                          |                |
| Usage for Group 1  |   6 (  30  %)   | 24 (  15  %)  |     19 ( 11.9 %)     |     5 ( 3.12 %)     |  24 (  15  %)  |       19 ( 11.9 %)        |       5 ( 3.12 %)        |      160       |
+--------------------+-----------------+---------------+----------------------+---------------------+----------------+---------------------------+--------------------------+----------------+
|       B12-23       |   0 (   0  %)   |  0 (   0  %)  |     0 (   0  %)      |     0 (   0  %)     |  0 (   0  %)   |        0 (   0  %)        |       0 (   0  %)        |       96       |
|       MB4-7        |   3 (  75  %)   | 15 ( 46.9 %)  |     15 ( 46.9 %)     |     0 (   0  %)     |  15 ( 46.9 %)  |       15 ( 46.9 %)        |       0 (   0  %)        |       32       |
|       DB4-7        |   0 (   0  %)   |  0 (   0  %)  |     0 (   0  %)      |     0 (   0  %)     |  0 (   0  %)   |        0 (   0  %)        |       0 (   0  %)        |       32       |
|                    |                 |               |                      |                     |                |                           |                          |                |
| Usage for Group 2  |   3 (  15  %)   | 15 ( 9.38 %)  |     15 ( 9.38 %)     |     0 (   0  %)     |  15 ( 9.38 %)  |       15 ( 9.38 %)        |       0 (   0  %)        |      160       |
+--------------------+-----------------+---------------+----------------------+---------------------+----------------+---------------------------+--------------------------+----------------+
|       B24-35       |   0 (   0  %)   |  0 (   0  %)  |     0 (   0  %)      |     0 (   0  %)     |  0 (   0  %)   |        0 (   0  %)        |       0 (   0  %)        |       96       |
|       MB8-11       |   0 (   0  %)   |  0 (   0  %)  |     0 (   0  %)      |     0 (   0  %)     |  0 (   0  %)   |        0 (   0  %)        |       0 (   0  %)        |       32       |
|       DB8-11       |   0 (   0  %)   |  0 (   0  %)  |     0 (   0  %)      |     0 (   0  %)     |  0 (   0  %)   |        0 (   0  %)        |       0 (   0  %)        |       32       |
|                    |                 |               |                      |                     |                |                           |                          |                |
| Usage for Group 3  |   0 (   0  %)   |  0 (   0  %)  |     0 (   0  %)      |     0 (   0  %)     |  0 (   0  %)   |        0 (   0  %)        |       0 (   0  %)        |      160       |
+--------------------+-----------------+---------------+----------------------+---------------------+----------------+---------------------------+--------------------------+----------------+
|       B36-47       |   0 (   0  %)   |  0 (   0  %)  |     0 (   0  %)      |     0 (   0  %)     |  0 (   0  %)   |        0 (   0  %)        |       0 (   0  %)        |       96       |
|      MB12-15       |   0 (   0  %)   |  0 (   0  %)  |     0 (   0  %)      |     0 (   0  %)     |  0 (   0  %)   |        0 (   0  %)        |       0 (   0  %)        |       32       |
|      DB12-15       |   0 (   0  %)   |  0 (   0  %)  |     0 (   0  %)      |     0 (   0  %)     |  0 (   0  %)   |        0 (   0  %)        |       0 (   0  %)        |       32       |
|                    |                 |               |                      |                     |                |                           |                          |                |
| Usage for Group 4  |   0 (   0  %)   |  0 (   0  %)  |     0 (   0  %)      |     0 (   0  %)     |  0 (   0  %)   |        0 (   0  %)        |       0 (   0  %)        |      160       |
+--------------------+-----------------+---------------+----------------------+---------------------+----------------+---------------------------+--------------------------+----------------+
|       H0-11        |   0 (   0  %)   |  0 (   0  %)  |     0 (   0  %)      |     0 (   0  %)     |  0 (   0  %)   |        0 (   0  %)        |       0 (   0  %)        |      192       |
|       MH0-3        |   4 (  100 %)   | 43 ( 67.2 %)  |     34 ( 53.1 %)     |     9 ( 14.1 %)     |  43 ( 67.2 %)  |       34 ( 53.1 %)        |       9 ( 14.1 %)        |       64       |
|       DH0-3        |   0 (   0  %)   |  0 (   0  %)  |     0 (   0  %)      |     0 (   0  %)     |  0 (   0  %)   |        0 (   0  %)        |       0 (   0  %)        |       64       |
|                    |                 |               |                      |                     |                |                           |                          |                |
| Usage for Group 5  |   4 (  20  %)   | 43 ( 13.4 %)  |     34 ( 10.6 %)     |     9 ( 2.81 %)     |  43 ( 13.4 %)  |       34 ( 10.6 %)        |       9 ( 2.81 %)        |      320       |
+--------------------+-----------------+---------------+----------------------+---------------------+----------------+---------------------------+--------------------------+----------------+
|       H12-23       |   0 (   0  %)   |  0 (   0  %)  |     0 (   0  %)      |     0 (   0  %)     |  0 (   0  %)   |        0 (   0  %)        |       0 (   0  %)        |      192       |
|       MH4-7        |   1 (  25  %)   |  9 ( 14.1 %)  |     9 ( 14.1 %)      |     0 (   0  %)     |  9 ( 14.1 %)   |        9 ( 14.1 %)        |       0 (   0  %)        |       64       |
|       DH4-7        |   0 (   0  %)   |  0 (   0  %)  |     0 (   0  %)      |     0 (   0  %)     |  0 (   0  %)   |        0 (   0  %)        |       0 (   0  %)        |       64       |
|                    |                 |               |                      |                     |                |                           |                          |                |
| Usage for Group 6  |   1 (   5  %)   |  9 ( 2.81 %)  |     9 ( 2.81 %)      |     0 (   0  %)     |  9 ( 2.81 %)   |        9 ( 2.81 %)        |       0 (   0  %)        |      320       |
+--------------------+-----------------+---------------+----------------------+---------------------+----------------+---------------------------+--------------------------+----------------+
|       H24-35       |   0 (   0  %)   |  0 (   0  %)  |     0 (   0  %)      |     0 (   0  %)     |  0 (   0  %)   |        0 (   0  %)        |       0 (   0  %)        |      192       |
|       MH8-11       |   0 (   0  %)   |  0 (   0  %)  |     0 (   0  %)      |     0 (   0  %)     |  0 (   0  %)   |        0 (   0  %)        |       0 (   0  %)        |       64       |
|       DH8-11       |   0 (   0  %)   |  0 (   0  %)  |     0 (   0  %)      |     0 (   0  %)     |  0 (   0  %)   |        0 (   0  %)        |       0 (   0  %)        |       64       |
|                    |                 |               |                      |                     |                |                           |                          |                |
| Usage for Group 7  |   0 (   0  %)   |  0 (   0  %)  |     0 (   0  %)      |     0 (   0  %)     |  0 (   0  %)   |        0 (   0  %)        |       0 (   0  %)        |      320       |
+--------------------+-----------------+---------------+----------------------+---------------------+----------------+---------------------------+--------------------------+----------------+
|       H36-47       |   0 (   0  %)   |  0 (   0  %)  |     0 (   0  %)      |     0 (   0  %)     |  0 (   0  %)   |        0 (   0  %)        |       0 (   0  %)        |      192       |
|      MH12-15       |   0 (   0  %)   |  0 (   0  %)  |     0 (   0  %)      |     0 (   0  %)     |  0 (   0  %)   |        0 (   0  %)        |       0 (   0  %)        |       64       |
|      DH12-15       |   0 (   0  %)   |  0 (   0  %)  |     0 (   0  %)      |     0 (   0  %)     |  0 (   0  %)   |        0 (   0  %)        |       0 (   0  %)        |       64       |
|                    |                 |               |                      |                     |                |                           |                          |                |
| Usage for Group 8  |   0 (   0  %)   |  0 (   0  %)  |     0 (   0  %)      |     0 (   0  %)     |  0 (   0  %)   |        0 (   0  %)        |       0 (   0  %)        |      320       |
+--------------------+-----------------+---------------+----------------------+---------------------+----------------+---------------------------+--------------------------+----------------+
|       H48-59       |   0 (   0  %)   |  0 (   0  %)  |     0 (   0  %)      |     0 (   0  %)     |  0 (   0  %)   |        0 (   0  %)        |       0 (   0  %)        |      192       |
|      MH16-19       |   0 (   0  %)   |  0 (   0  %)  |     0 (   0  %)      |     0 (   0  %)     |  0 (   0  %)   |        0 (   0  %)        |       0 (   0  %)        |       64       |
|      DH16-19       |   0 (   0  %)   |  0 (   0  %)  |     0 (   0  %)      |     0 (   0  %)     |  0 (   0  %)   |        0 (   0  %)        |       0 (   0  %)        |       64       |
|                    |                 |               |                      |                     |                |                           |                          |                |
| Usage for Group 9  |   0 (   0  %)   |  0 (   0  %)  |     0 (   0  %)      |     0 (   0  %)     |  0 (   0  %)   |        0 (   0  %)        |       0 (   0  %)        |      320       |
+--------------------+-----------------+---------------+----------------------+---------------------+----------------+---------------------------+--------------------------+----------------+
|       H60-71       |   0 (   0  %)   |  0 (   0  %)  |     0 (   0  %)      |     0 (   0  %)     |  0 (   0  %)   |        0 (   0  %)        |       0 (   0  %)        |      192       |
|      MH20-23       |   0 (   0  %)   |  0 (   0  %)  |     0 (   0  %)      |     0 (   0  %)     |  0 (   0  %)   |        0 (   0  %)        |       0 (   0  %)        |       64       |
|      DH20-23       |   0 (   0  %)   |  0 (   0  %)  |     0 (   0  %)      |     0 (   0  %)     |  0 (   0  %)   |        0 (   0  %)        |       0 (   0  %)        |       64       |
|                    |                 |               |                      |                     |                |                           |                          |                |
| Usage for Group 10 |   0 (   0  %)   |  0 (   0  %)  |     0 (   0  %)      |     0 (   0  %)     |  0 (   0  %)   |        0 (   0  %)        |       0 (   0  %)        |      320       |
+--------------------+-----------------+---------------+----------------------+---------------------+----------------+---------------------------+--------------------------+----------------+
|       W0-11        |   0 (   0  %)   |  0 (   0  %)  |     0 (   0  %)      |     0 (   0  %)     |  0 (   0  %)   |        0 (   0  %)        |       0 (   0  %)        |      384       |
|       MW0-3        |   3 (  75  %)   | 96 (  75  %)  |     96 (  75  %)     |     0 (   0  %)     |  96 (  75  %)  |       96 (  75  %)        |       0 (   0  %)        |      128       |
|       DW0-3        |   0 (   0  %)   |  0 (   0  %)  |     0 (   0  %)      |     0 (   0  %)     |  0 (   0  %)   |        0 (   0  %)        |       0 (   0  %)        |      128       |
|                    |                 |               |                      |                     |                |                           |                          |                |
| Usage for Group 11 |   3 (  15  %)   | 96 (  15  %)  |     96 (  15  %)     |     0 (   0  %)     |  96 (  15  %)  |       96 (  15  %)        |       0 (   0  %)        |      640       |
+--------------------+-----------------+---------------+----------------------+---------------------+----------------+---------------------------+--------------------------+----------------+
|       W12-23       |   0 (   0  %)   |  0 (   0  %)  |     0 (   0  %)      |     0 (   0  %)     |  0 (   0  %)   |        0 (   0  %)        |       0 (   0  %)        |      384       |
|       MW4-7        |   0 (   0  %)   |  0 (   0  %)  |     0 (   0  %)      |     0 (   0  %)     |  0 (   0  %)   |        0 (   0  %)        |       0 (   0  %)        |      128       |
|       DW4-7        |   0 (   0  %)   |  0 (   0  %)  |     0 (   0  %)      |     0 (   0  %)     |  0 (   0  %)   |        0 (   0  %)        |       0 (   0  %)        |      128       |
|                    |                 |               |                      |                     |                |                           |                          |                |
| Usage for Group 12 |   0 (   0  %)   |  0 (   0  %)  |     0 (   0  %)      |     0 (   0  %)     |  0 (   0  %)   |        0 (   0  %)        |       0 (   0  %)        |      640       |
+--------------------+-----------------+---------------+----------------------+---------------------+----------------+---------------------------+--------------------------+----------------+
|       W24-35       |   0 (   0  %)   |  0 (   0  %)  |     0 (   0  %)      |     0 (   0  %)     |  0 (   0  %)   |        0 (   0  %)        |       0 (   0  %)        |      384       |
|       MW8-11       |   0 (   0  %)   |  0 (   0  %)  |     0 (   0  %)      |     0 (   0  %)     |  0 (   0  %)   |        0 (   0  %)        |       0 (   0  %)        |      128       |
|       DW8-11       |   0 (   0  %)   |  0 (   0  %)  |     0 (   0  %)      |     0 (   0  %)     |  0 (   0  %)   |        0 (   0  %)        |       0 (   0  %)        |      128       |
|                    |                 |               |                      |                     |                |                           |                          |                |
| Usage for Group 13 |   0 (   0  %)   |  0 (   0  %)  |     0 (   0  %)      |     0 (   0  %)     |  0 (   0  %)   |        0 (   0  %)        |       0 (   0  %)        |      640       |
+--------------------+-----------------+---------------+----------------------+---------------------+----------------+---------------------------+--------------------------+----------------+
|       W36-47       |   0 (   0  %)   |  0 (   0  %)  |     0 (   0  %)      |     0 (   0  %)     |  0 (   0  %)   |        0 (   0  %)        |       0 (   0  %)        |      384       |
|      MW12-15       |   0 (   0  %)   |  0 (   0  %)  |     0 (   0  %)      |     0 (   0  %)     |  0 (   0  %)   |        0 (   0  %)        |       0 (   0  %)        |      128       |
|      DW12-15       |   0 (   0  %)   |  0 (   0  %)  |     0 (   0  %)      |     0 (   0  %)     |  0 (   0  %)   |        0 (   0  %)        |       0 (   0  %)        |      128       |
|                    |                 |               |                      |                     |                |                           |                          |                |
| Usage for Group 14 |   0 (   0  %)   |  0 (   0  %)  |     0 (   0  %)      |     0 (   0  %)     |  0 (   0  %)   |        0 (   0  %)        |       0 (   0  %)        |      640       |
+--------------------+-----------------+---------------+----------------------+---------------------+----------------+---------------------------+--------------------------+----------------+
|    Usage for 8b    |   9 ( 11.2 %)   | 39 ( 6.09 %)  |     34 ( 5.31 %)     |     5 ( 0.781%)     |  39 ( 6.09 %)  |       34 ( 5.31 %)        |       5 ( 0.781%)        |      640       |
|   Usage for 16b    |   5 ( 4.17 %)   | 52 ( 2.71 %)  |     43 ( 2.24 %)     |     9 ( 0.469%)     |  52 ( 2.71 %)  |       43 ( 2.24 %)        |       9 ( 0.469%)        |      1920      |
|   Usage for 32b    |   3 ( 3.75 %)   | 96 ( 3.75 %)  |     96 ( 3.75 %)     |     0 (   0  %)     |  96 ( 3.75 %)  |       96 ( 3.75 %)        |       0 (   0  %)        |      2560      |
+--------------------+-----------------+---------------+----------------------+---------------------+----------------+---------------------------+--------------------------+----------------+
|   Usage for dark   |   0 (   0  %)   |  0 (   0  %)  |     0 (   0  %)      |     0 (   0  %)     |  0 (   0  %)   |        0 (   0  %)        |       0 (   0  %)        |      1024      |
|  Usage for mocha   |  15 ( 26.8 %)   | 171 ( 16.7 %) |    157 ( 15.3 %)     |    14 ( 1.37 %)     | 171 ( 16.7 %)  |       157 ( 15.3 %)       |       14 ( 1.37 %)       |      1024      |
|  Usage for normal  |   2 ( 1.19 %)   | 16 ( 0.521%)  |     16 ( 0.521%)     |     0 (   0  %)     |  16 ( 0.521%)  |       16 ( 0.521%)        |       0 (   0  %)        |      3072      |
+--------------------+-----------------+---------------+----------------------+---------------------+----------------+---------------------------+--------------------------+----------------+
| Overall PHV Usage  |  17 ( 6.07 %)   | 187 ( 3.65 %) |    173 ( 3.38 %)     |    14 ( 0.273%)     | 187 ( 3.65 %)  |       173 ( 3.38 %)       |       14 ( 0.273%)       |      5120      |
+--------------------+-----------------+---------------+----------------------+---------------------+----------------+---------------------------+--------------------------+----------------+




