Table allocation done 1 time(s), state = INITIAL
Number of stages in table allocation: 6
  Number of stages for ingress table allocation: 6
  Number of stages for egress table allocation: 0
Critical path length through the table dependency graph: 6
Number of tables allocated: 12
+-------+-----------------+------------------------------+
| Stage | Min / Max Stage |          Table Name          |
+-------+-----------------+------------------------------+
|   0   |    [ -, - ]     |    SwitchIngress.ip_table    |
|   1   |   [ 1, 15 ]     | SwitchIngress.src_tcam_table |
|   1   |   [ 1, 16 ]     |           tbl_act            |
|   1   |   [ 1, 19 ]     |          tbl_drop_1          |
|   2   |   [ 2, 16 ]     | SwitchIngress.src_sram_table |
|   2   |   [ 2, 16 ]     |          tbl_act_1           |
|   3   |    [ -, - ]     | SwitchIngress.dst_tcam_table |
|   3   |   [ 3, 18 ]     |          tbl_act_3           |
|   3   |   [ 3, 19 ]     |          tbl_drop_0          |
|   4   |   [ 4, 18 ]     | SwitchIngress.dst_sram_table |
|   4   |   [ 4, 18 ]     |          tbl_act_5           |
|   5   |   [ 5, 19 ]     |           tbl_drop           |
+-------+-----------------+------------------------------+

NOTES:  - A '*' next to the min / max stage column indicates the table is placed outside its allowed scope

