#pipeline pipe
#stage 0
^ -- -- - -- -- - --- -- - ip_table_0(0,11) : ingress
#stage 1
A ^- -- - -- -- - --- -- - src_tcam_table_0(1,12) : ingress
B -^ -- - -- -- - --- -- - tbl_drop_1(1,19) : ingress
#stage 2
A C- ^- - -- -- - --- -- - src_sram_table_0(2,13) : ingress
- -- D^ - -- -- - --- -- - tbl_act_1(2,13) : ingress
#stage 3
- D- -- ^ -- -- - --- -- - tbl_act(1,13) : ingress
#stage 4
E C- CF F ^- -- - --- -- - src_tcam_table_secondary_0(3,14) : ingress
- -- -- - D^ -- - --- -- - tbl_act_3(3,15) : ingress
#stage 5
G C- C- - H- ^- - --- -- - src_sram_table_secondary_0(4,15) : ingress
- -- -- - -- D^ - --- -- - tbl_act_5(4,15) : ingress
#stage 6
- -- -- - IF -F ^ --- -- - tbl_tofino2l358(5,16) : ingress
#stage 7
J K- KF F G- G- F ^-- -- - dst_tcam_table_0(6,17) : ingress
- -- -- - -- -- - D^- -- - tbl_act_7(6,18) : ingress
C C- C- - -- -- - L-^ -- - tbl_drop_0(6,19) : ingress
#stage 8
C K- K- - G- G- - H-- ^- - dst_sram_table_0(7,18) : ingress
- -- -- - -- -- - --- D^ - tbl_act_9(7,18) : ingress
#stage 9
C C- C- - -- -- - HF- CF ^ tbl_drop(8,19) : ingress
#dependencies
A :  CONTROL_TABLE_HIT IXBAR_READ OUTPUT
B :  CONTROL_TABLE_MISS OUTPUT
C :  OUTPUT
D :  CONTROL_TABLE_HIT
E :  CONTROL_TABLE_HIT IXBAR_READ ACTION_READ
F :  ACTION_READ
G :  IXBAR_READ
H :  CONTROL_TABLE_HIT CONTROL_TABLE_MISS OUTPUT
I :  CONTROL_TABLE_HIT CONTROL_TABLE_MISS
J :  CONTROL_TABLE_HIT OUTPUT
K :  IXBAR_READ OUTPUT
L :  CONTROL_COND_FALSE

*** Table dependency chains (of minimum length 14) ***
