FindDependencyGraph : After Instruction Selection
ingress: [22] 0
  tbl_tofino2l338
  ip_table_0
    $hit: [23]
        +--tbl_tofino2l344
        0+--src_tcam_table_0
        00+--src_sram_table_0
        000+--tbl_tofino2l353
        0000+--cond-5
        00000+--cond-7
      tbl_tofino2l344
      src_tcam_table_0
        $hit: [24]
          tbl_act
        $miss: [25]
          tbl_act_0
      src_sram_table_0
        $hit: [26]
          tbl_act_1
        $miss: [27]
          tbl_act_2
      tbl_tofino2l353
      cond-5(ingress::src_tcam_match_0 => $false, ingress::src_sram_match_0 => $false, ingress::ig_md.Group_id_secondary == 511; => $false, 1 => $true)
        $true: [28] 0 00
          src_tcam_table_secondary_0
            $hit: [29]
              tbl_act_3
            $miss: [30]
              tbl_act_4
          src_sram_table_secondary_0
            $hit: [31]
              tbl_act_5
            $miss: [32]
              tbl_act_6
          cond-6(ingress::src_tcam_match_sec_0 => $true, ingress::src_sram_match_sec_0 => $true, 1 => $false)
            $true: [33]
              tbl_tofino2l358
      cond-7(ingress::src_tcam_match_0 => $true, ingress::src_sram_match_0 => $true, ingress::src_match_secondary_0 => $true, 1 => $false)
        $true: [34] 0 00
          dst_tcam_table_0
            $hit: [35]
              tbl_act_7
            $miss: [36]
              tbl_act_8
          dst_sram_table_0
            $hit: [37]
              tbl_act_9
            $miss: [38]
              tbl_act_10
          cond-8(!ingress::dst_tcam_match_0 && !ingress::dst_sram_match_0; => $true, 1 => $false)
            $true: [39]
              tbl_drop
        $false: [40]
          tbl_drop_0
    $miss: [41]
      tbl_drop_1
egress: [42]

DepStagesThruDomFrontier postorder : tbl_tofino2l338
DepStagesThruDomFrontier postorder : tbl_tofino2l344
DepStagesThruDomFrontier postorder : tbl_act
DepStagesThruDomFrontier postorder : tbl_act_0
DepStagesThruDomFrontier postorder : src_tcam_table_0
DepStagesThruDomFrontier postorder : tbl_act_1
DepStagesThruDomFrontier postorder : tbl_act_2
DepStagesThruDomFrontier postorder : src_sram_table_0
DepStagesThruDomFrontier postorder : tbl_tofino2l353
DepStagesThruDomFrontier postorder : tbl_act_3
DepStagesThruDomFrontier postorder : tbl_act_4
DepStagesThruDomFrontier postorder : src_tcam_table_secondary_0
DepStagesThruDomFrontier postorder : tbl_act_5
DepStagesThruDomFrontier postorder : tbl_act_6
DepStagesThruDomFrontier postorder : src_sram_table_secondary_0
DepStagesThruDomFrontier postorder : tbl_tofino2l358
DepStagesThruDomFrontier postorder : cond-6
DepStagesThruDomFrontier postorder : cond-5
DepStagesThruDomFrontier postorder : tbl_act_7
DepStagesThruDomFrontier postorder : tbl_act_8
DepStagesThruDomFrontier postorder : dst_tcam_table_0
DepStagesThruDomFrontier postorder : tbl_act_9
DepStagesThruDomFrontier postorder : tbl_act_10
DepStagesThruDomFrontier postorder : dst_sram_table_0
DepStagesThruDomFrontier postorder : tbl_drop
DepStagesThruDomFrontier postorder : cond-8
DepStagesThruDomFrontier postorder : tbl_drop_0
DepStagesThruDomFrontier postorder : cond-7
DepStagesThruDomFrontier postorder : tbl_drop_1
DepStagesThruDomFrontier postorder : ip_table_0
    Maximum stage number according to dependences: 
      INGRESS: 9
      EGRESS: -1
GRAPH
    ip_table_0 -- CONTROL_TABLE_HIT --> tbl_tofino2l344
    ip_table_0 -- CONTROL_TABLE_HIT --> src_tcam_table_0
    ip_table_0 -- CONTROL_TABLE_HIT --> src_sram_table_0
    ip_table_0 -- CONTROL_TABLE_HIT --> tbl_tofino2l353
    ip_table_0 -- CONTROL_TABLE_HIT --> cond-5
    ip_table_0 -- CONTROL_TABLE_HIT --> cond-7
    src_tcam_table_0 -- CONTROL_TABLE_HIT --> tbl_act
    src_tcam_table_0 -- CONTROL_TABLE_MISS --> tbl_act_0
    src_sram_table_0 -- CONTROL_TABLE_HIT --> tbl_act_1
    src_sram_table_0 -- CONTROL_TABLE_MISS --> tbl_act_2
    cond-5 -- CONTROL_COND_TRUE --> src_tcam_table_secondary_0
    cond-5 -- CONTROL_COND_TRUE --> src_sram_table_secondary_0
    cond-5 -- CONTROL_COND_TRUE --> cond-6
    src_tcam_table_secondary_0 -- CONTROL_TABLE_HIT --> tbl_act_3
    src_tcam_table_secondary_0 -- CONTROL_TABLE_MISS --> tbl_act_4
    src_sram_table_secondary_0 -- CONTROL_TABLE_HIT --> tbl_act_5
    src_sram_table_secondary_0 -- CONTROL_TABLE_MISS --> tbl_act_6
    cond-6 -- CONTROL_COND_TRUE --> tbl_tofino2l358
    cond-7 -- CONTROL_COND_TRUE --> dst_tcam_table_0
    cond-7 -- CONTROL_COND_TRUE --> dst_sram_table_0
    cond-7 -- CONTROL_COND_TRUE --> cond-8
    dst_tcam_table_0 -- CONTROL_TABLE_HIT --> tbl_act_7
    dst_tcam_table_0 -- CONTROL_TABLE_MISS --> tbl_act_8
    dst_sram_table_0 -- CONTROL_TABLE_HIT --> tbl_act_9
    dst_sram_table_0 -- CONTROL_TABLE_MISS --> tbl_act_10
    cond-8 -- CONTROL_COND_TRUE --> tbl_drop
    cond-7 -- CONTROL_COND_FALSE --> tbl_drop_0
    ip_table_0 -- CONTROL_TABLE_MISS --> tbl_drop_1
    tbl_tofino2l338 -- IXBAR_READ --> ip_table_0
    ip_table_0 -- IXBAR_READ --> src_tcam_table_0
    ip_table_0 -- OUTPUT --> src_tcam_table_0
    ip_table_0 -- IXBAR_READ --> src_sram_table_0
    src_tcam_table_0 -- OUTPUT --> src_sram_table_0
    ip_table_0 -- OUTPUT --> src_sram_table_0
    tbl_act -- ACTION_READ --> cond-5
    tbl_act_0 -- ACTION_READ --> cond-5
    tbl_act_1 -- ACTION_READ --> cond-5
    tbl_act_2 -- ACTION_READ --> cond-5
    ip_table_0 -- ACTION_READ --> cond-5
    ip_table_0 -- IXBAR_READ --> src_tcam_table_secondary_0
    src_sram_table_0 -- OUTPUT --> src_tcam_table_secondary_0
    src_tcam_table_0 -- OUTPUT --> src_tcam_table_secondary_0
    ip_table_0 -- IXBAR_READ --> src_sram_table_secondary_0
    src_sram_table_0 -- OUTPUT --> src_sram_table_secondary_0
    src_tcam_table_secondary_0 -- OUTPUT --> src_sram_table_secondary_0
    src_tcam_table_0 -- OUTPUT --> src_sram_table_secondary_0
    tbl_act_3 -- ACTION_READ --> cond-6
    tbl_act_4 -- ACTION_READ --> cond-6
    tbl_act_5 -- ACTION_READ --> cond-6
    tbl_act_6 -- ACTION_READ --> cond-6
    tbl_tofino2l353 -- OUTPUT --> tbl_tofino2l358
    tbl_act -- ACTION_READ --> cond-7
    tbl_act_0 -- ACTION_READ --> cond-7
    tbl_act_1 -- ACTION_READ --> cond-7
    tbl_act_2 -- ACTION_READ --> cond-7
    tbl_tofino2l353 -- ACTION_READ --> cond-7
    tbl_tofino2l358 -- ACTION_READ --> cond-7
    src_sram_table_0 -- IXBAR_READ --> dst_tcam_table_0
    src_tcam_table_0 -- IXBAR_READ --> dst_tcam_table_0
    src_sram_table_secondary_0 -- IXBAR_READ --> dst_tcam_table_0
    src_tcam_table_secondary_0 -- IXBAR_READ --> dst_tcam_table_0
    ip_table_0 -- OUTPUT --> dst_tcam_table_0
    src_tcam_table_0 -- OUTPUT --> dst_tcam_table_0
    src_sram_table_0 -- OUTPUT --> dst_tcam_table_0
    src_sram_table_0 -- IXBAR_READ --> dst_sram_table_0
    src_tcam_table_0 -- IXBAR_READ --> dst_sram_table_0
    src_sram_table_secondary_0 -- IXBAR_READ --> dst_sram_table_0
    src_tcam_table_secondary_0 -- IXBAR_READ --> dst_sram_table_0
    dst_tcam_table_0 -- OUTPUT --> dst_sram_table_0
    ip_table_0 -- OUTPUT --> dst_sram_table_0
    src_tcam_table_0 -- OUTPUT --> dst_sram_table_0
    src_sram_table_0 -- OUTPUT --> dst_sram_table_0
    tbl_act_7 -- ACTION_READ --> cond-8
    tbl_act_8 -- ACTION_READ --> cond-8
    tbl_act_9 -- ACTION_READ --> cond-8
    tbl_act_10 -- ACTION_READ --> cond-8
    ip_table_0 -- OUTPUT --> tbl_drop
    src_tcam_table_0 -- OUTPUT --> tbl_drop
    src_sram_table_0 -- OUTPUT --> tbl_drop
    dst_tcam_table_0 -- OUTPUT --> tbl_drop
    dst_sram_table_0 -- OUTPUT --> tbl_drop
    ip_table_0 -- OUTPUT --> tbl_drop_0
    src_tcam_table_0 -- OUTPUT --> tbl_drop_0
    src_sram_table_0 -- OUTPUT --> tbl_drop_0
    ip_table_0 -- OUTPUT --> tbl_drop_1
MIN STAGE INFO
    Each table also indicates its dependency chain length
    First number refers to a dependency chain from which each tables are not split
    Second number refers to a dependency chain from which each tables are split as on  last allocation pass
 Stage #0
     tbl_tofino2l338 (tbl_tofino2l338) 9 9
 Stage #1
     ip_table_0 (SwitchIngress.ip_table) 8 8
	- Edge IXBAR_READ tbl_tofino2l338 ( tbl_tofino2l338 )
     tbl_tofino2l344 (tbl_tofino2l344) 0 0
	- Edge CONTROL_TABLE_HIT ip_table_0 ( SwitchIngress.ip_table )
     tbl_tofino2l353 (tbl_tofino2l353) 4 4
	- Edge CONTROL_TABLE_HIT ip_table_0 ( SwitchIngress.ip_table )
 Stage #2
     src_tcam_table_0 (SwitchIngress.src_tcam_table) 7 7
	- Edge IXBAR_READ ip_table_0 ( SwitchIngress.ip_table )
	- Edge OUTPUT ip_table_0 ( SwitchIngress.ip_table )
     tbl_act (tbl_act) 6 6
	- Edge CONTROL_TABLE_HIT src_tcam_table_0 ( SwitchIngress.src_tcam_table )
     tbl_act_0 (tbl_act_0) 6 6
	- Edge CONTROL_TABLE_MISS src_tcam_table_0 ( SwitchIngress.src_tcam_table )
     tbl_drop_1 (tbl_drop_1) 0 0
	- Edge OUTPUT ip_table_0 ( SwitchIngress.ip_table )
 Stage #3
     src_sram_table_0 (SwitchIngress.src_sram_table) 6 6
	- Edge OUTPUT src_tcam_table_0 ( SwitchIngress.src_tcam_table )
     tbl_act_1 (tbl_act_1) 6 6
	- Edge CONTROL_TABLE_HIT src_sram_table_0 ( SwitchIngress.src_sram_table )
     tbl_act_2 (tbl_act_2) 6 6
	- Edge CONTROL_TABLE_MISS src_sram_table_0 ( SwitchIngress.src_sram_table )
 Stage #4
     cond-5 (cond-5) 5 5
	- Edge ACTION_READ tbl_act_1 ( tbl_act_1 )
	- Edge ACTION_READ tbl_act_2 ( tbl_act_2 )
     src_tcam_table_secondary_0 (SwitchIngress.src_tcam_table_secondary) 5 5
	- Edge CONTROL_COND_TRUE cond-5 ( cond-5 )
	- Edge OUTPUT src_sram_table_0 ( SwitchIngress.src_sram_table )
     tbl_act_3 (tbl_act_3) 4 4
	- Edge CONTROL_TABLE_HIT src_tcam_table_secondary_0 ( SwitchIngress.src_tcam_table_secondary )
     tbl_act_4 (tbl_act_4) 4 4
	- Edge CONTROL_TABLE_MISS src_tcam_table_secondary_0 ( SwitchIngress.src_tcam_table_secondary )
 Stage #5
     src_sram_table_secondary_0 (SwitchIngress.src_sram_table_secondary) 4 4
	- Edge OUTPUT src_tcam_table_secondary_0 ( SwitchIngress.src_tcam_table_secondary )
     tbl_act_5 (tbl_act_5) 4 4
	- Edge CONTROL_TABLE_HIT src_sram_table_secondary_0 ( SwitchIngress.src_sram_table_secondary )
     tbl_act_6 (tbl_act_6) 4 4
	- Edge CONTROL_TABLE_MISS src_sram_table_secondary_0 ( SwitchIngress.src_sram_table_secondary )
 Stage #6
     cond-6 (cond-6) 3 3
	- Edge ACTION_READ tbl_act_5 ( tbl_act_5 )
	- Edge ACTION_READ tbl_act_6 ( tbl_act_6 )
     tbl_tofino2l358 (tbl_tofino2l358) 3 3
	- Edge CONTROL_COND_TRUE cond-6 ( cond-6 )
 Stage #7
     cond-7 (cond-7) 2 2
	- Edge ACTION_READ tbl_tofino2l358 ( tbl_tofino2l358 )
     dst_tcam_table_0 (SwitchIngress.dst_tcam_table) 2 2
	- Edge CONTROL_COND_TRUE cond-7 ( cond-7 )
     tbl_act_7 (tbl_act_7) 1 1
	- Edge CONTROL_TABLE_HIT dst_tcam_table_0 ( SwitchIngress.dst_tcam_table )
     tbl_act_8 (tbl_act_8) 1 1
	- Edge CONTROL_TABLE_MISS dst_tcam_table_0 ( SwitchIngress.dst_tcam_table )
     tbl_drop_0 (tbl_drop_0) 0 0
	- Edge CONTROL_COND_FALSE cond-7 ( cond-7 )
 Stage #8
     dst_sram_table_0 (SwitchIngress.dst_sram_table) 1 1
	- Edge OUTPUT dst_tcam_table_0 ( SwitchIngress.dst_tcam_table )
     tbl_act_9 (tbl_act_9) 1 1
	- Edge CONTROL_TABLE_HIT dst_sram_table_0 ( SwitchIngress.dst_sram_table )
     tbl_act_10 (tbl_act_10) 1 1
	- Edge CONTROL_TABLE_MISS dst_sram_table_0 ( SwitchIngress.dst_sram_table )
 Stage #9
     cond-8 (cond-8) 0 0
	- Edge ACTION_READ tbl_act_9 ( tbl_act_9 )
	- Edge ACTION_READ tbl_act_10 ( tbl_act_10 )
     tbl_drop (tbl_drop) 0 0
	- Edge CONTROL_COND_TRUE cond-8 ( cond-8 )
	- Edge OUTPUT dst_sram_table_0 ( SwitchIngress.dst_sram_table )

FindDependencyGraph : Just Before PHV allocation
ingress: [22]
  ip_table_0
    $hit: [23] 0 00 000
      src_tcam_table_0
        $hit: [24]
          tbl_act
        $miss: [25]
      src_sram_table_0
        $hit: [26]
          tbl_act_1
        $miss: [27]
      cond-5(ingress::src_tcam_match_0 => $false, ingress::src_sram_match_0 => $false, ingress::ig_md.Group_id_secondary == 511; => $false, 1 => $true)
        $true: [28] 0 00
          src_tcam_table_secondary_0
            $hit: [29]
              tbl_act_3
            $miss: [30]
          src_sram_table_secondary_0
            $hit: [31]
              tbl_act_5
            $miss: [32]
          cond-6(ingress::src_tcam_match_sec_0 => $true, ingress::src_sram_match_sec_0 => $true, 1 => $false)
            $true: [33]
              tbl_tofino2l358
      cond-7(ingress::src_tcam_match_0 => $true, ingress::src_sram_match_0 => $true, ingress::src_match_secondary_0 => $true, 1 => $false)
        $true: [34] 0 00
          dst_tcam_table_0
            $hit: [35]
              tbl_act_7
            $miss: [36]
          dst_sram_table_0
            $hit: [37]
              tbl_act_9
            $miss: [38]
          cond-8(!ingress::dst_tcam_match_0 && !ingress::dst_sram_match_0; => $true, 1 => $false)
            $true: [39]
              tbl_drop
        $false: [40]
          tbl_drop_0
    $miss: [41]
      tbl_drop_1
egress: [42]

DepStagesThruDomFrontier postorder : tbl_act
DepStagesThruDomFrontier postorder : src_tcam_table_0
DepStagesThruDomFrontier postorder : tbl_act_1
DepStagesThruDomFrontier postorder : src_sram_table_0
DepStagesThruDomFrontier postorder : tbl_act_3
DepStagesThruDomFrontier postorder : src_tcam_table_secondary_0
DepStagesThruDomFrontier postorder : tbl_act_5
DepStagesThruDomFrontier postorder : src_sram_table_secondary_0
DepStagesThruDomFrontier postorder : tbl_tofino2l358
DepStagesThruDomFrontier postorder : cond-6
DepStagesThruDomFrontier postorder : cond-5
DepStagesThruDomFrontier postorder : tbl_act_7
DepStagesThruDomFrontier postorder : dst_tcam_table_0
DepStagesThruDomFrontier postorder : tbl_act_9
DepStagesThruDomFrontier postorder : dst_sram_table_0
DepStagesThruDomFrontier postorder : tbl_drop
DepStagesThruDomFrontier postorder : cond-8
DepStagesThruDomFrontier postorder : tbl_drop_0
DepStagesThruDomFrontier postorder : cond-7
DepStagesThruDomFrontier postorder : tbl_drop_1
DepStagesThruDomFrontier postorder : ip_table_0
    Maximum stage number according to dependences: 
      INGRESS: 8
      EGRESS: -1
GRAPH
    ip_table_0 -- CONTROL_TABLE_HIT --> src_tcam_table_0
    ip_table_0 -- CONTROL_TABLE_HIT --> src_sram_table_0
    ip_table_0 -- CONTROL_TABLE_HIT --> cond-5
    ip_table_0 -- CONTROL_TABLE_HIT --> cond-7
    src_tcam_table_0 -- CONTROL_TABLE_HIT --> tbl_act
    src_sram_table_0 -- CONTROL_TABLE_HIT --> tbl_act_1
    cond-5 -- CONTROL_COND_TRUE --> src_tcam_table_secondary_0
    cond-5 -- CONTROL_COND_TRUE --> src_sram_table_secondary_0
    cond-5 -- CONTROL_COND_TRUE --> cond-6
    src_tcam_table_secondary_0 -- CONTROL_TABLE_HIT --> tbl_act_3
    src_sram_table_secondary_0 -- CONTROL_TABLE_HIT --> tbl_act_5
    cond-6 -- CONTROL_COND_TRUE --> tbl_tofino2l358
    cond-7 -- CONTROL_COND_TRUE --> dst_tcam_table_0
    cond-7 -- CONTROL_COND_TRUE --> dst_sram_table_0
    cond-7 -- CONTROL_COND_TRUE --> cond-8
    dst_tcam_table_0 -- CONTROL_TABLE_HIT --> tbl_act_7
    dst_sram_table_0 -- CONTROL_TABLE_HIT --> tbl_act_9
    cond-8 -- CONTROL_COND_TRUE --> tbl_drop
    cond-7 -- CONTROL_COND_FALSE --> tbl_drop_0
    ip_table_0 -- CONTROL_TABLE_MISS --> tbl_drop_1
    ip_table_0 -- IXBAR_READ --> src_tcam_table_0
    ip_table_0 -- OUTPUT --> src_tcam_table_0
    ip_table_0 -- IXBAR_READ --> src_sram_table_0
    src_tcam_table_0 -- OUTPUT --> src_sram_table_0
    ip_table_0 -- OUTPUT --> src_sram_table_0
    tbl_act -- ACTION_READ --> cond-5
    tbl_act_1 -- ACTION_READ --> cond-5
    ip_table_0 -- ACTION_READ --> cond-5
    ip_table_0 -- IXBAR_READ --> src_tcam_table_secondary_0
    src_sram_table_0 -- OUTPUT --> src_tcam_table_secondary_0
    src_tcam_table_0 -- OUTPUT --> src_tcam_table_secondary_0
    ip_table_0 -- IXBAR_READ --> src_sram_table_secondary_0
    src_tcam_table_secondary_0 -- OUTPUT --> src_sram_table_secondary_0
    src_sram_table_0 -- OUTPUT --> src_sram_table_secondary_0
    src_tcam_table_0 -- OUTPUT --> src_sram_table_secondary_0
    tbl_act_3 -- ACTION_READ --> cond-6
    tbl_act_5 -- ACTION_READ --> cond-6
    tbl_act -- ACTION_READ --> cond-7
    tbl_act_1 -- ACTION_READ --> cond-7
    tbl_tofino2l358 -- ACTION_READ --> cond-7
    src_sram_table_0 -- IXBAR_READ --> dst_tcam_table_0
    src_tcam_table_0 -- IXBAR_READ --> dst_tcam_table_0
    src_sram_table_secondary_0 -- IXBAR_READ --> dst_tcam_table_0
    src_tcam_table_secondary_0 -- IXBAR_READ --> dst_tcam_table_0
    ip_table_0 -- OUTPUT --> dst_tcam_table_0
    src_tcam_table_0 -- OUTPUT --> dst_tcam_table_0
    src_sram_table_0 -- OUTPUT --> dst_tcam_table_0
    src_sram_table_0 -- IXBAR_READ --> dst_sram_table_0
    src_tcam_table_0 -- IXBAR_READ --> dst_sram_table_0
    src_sram_table_secondary_0 -- IXBAR_READ --> dst_sram_table_0
    src_tcam_table_secondary_0 -- IXBAR_READ --> dst_sram_table_0
    dst_tcam_table_0 -- OUTPUT --> dst_sram_table_0
    ip_table_0 -- OUTPUT --> dst_sram_table_0
    src_tcam_table_0 -- OUTPUT --> dst_sram_table_0
    src_sram_table_0 -- OUTPUT --> dst_sram_table_0
    tbl_act_7 -- ACTION_READ --> cond-8
    tbl_act_9 -- ACTION_READ --> cond-8
    ip_table_0 -- OUTPUT --> tbl_drop
    src_tcam_table_0 -- OUTPUT --> tbl_drop
    src_sram_table_0 -- OUTPUT --> tbl_drop
    dst_tcam_table_0 -- OUTPUT --> tbl_drop
    dst_sram_table_0 -- OUTPUT --> tbl_drop
    ip_table_0 -- OUTPUT --> tbl_drop_0
    src_tcam_table_0 -- OUTPUT --> tbl_drop_0
    src_sram_table_0 -- OUTPUT --> tbl_drop_0
    ip_table_0 -- OUTPUT --> tbl_drop_1
MIN STAGE INFO
    Each table also indicates its dependency chain length
    First number refers to a dependency chain from which each tables are not split
    Second number refers to a dependency chain from which each tables are split as on  last allocation pass
 Stage #0
     ip_table_0 (SwitchIngress.ip_table) 8 8
 Stage #1
     src_tcam_table_0 (SwitchIngress.src_tcam_table) 7 7
	- Edge IXBAR_READ ip_table_0 ( SwitchIngress.ip_table )
	- Edge OUTPUT ip_table_0 ( SwitchIngress.ip_table )
     tbl_act (tbl_act) 6 6
	- Edge CONTROL_TABLE_HIT src_tcam_table_0 ( SwitchIngress.src_tcam_table )
     tbl_drop_1 (tbl_drop_1) 0 0
	- Edge OUTPUT ip_table_0 ( SwitchIngress.ip_table )
 Stage #2
     src_sram_table_0 (SwitchIngress.src_sram_table) 6 6
	- Edge OUTPUT src_tcam_table_0 ( SwitchIngress.src_tcam_table )
     tbl_act_1 (tbl_act_1) 6 6
	- Edge CONTROL_TABLE_HIT src_sram_table_0 ( SwitchIngress.src_sram_table )
 Stage #3
     cond-5 (cond-5) 5 5
	- Edge ACTION_READ tbl_act_1 ( tbl_act_1 )
     src_tcam_table_secondary_0 (SwitchIngress.src_tcam_table_secondary) 5 5
	- Edge CONTROL_COND_TRUE cond-5 ( cond-5 )
	- Edge OUTPUT src_sram_table_0 ( SwitchIngress.src_sram_table )
     tbl_act_3 (tbl_act_3) 4 4
	- Edge CONTROL_TABLE_HIT src_tcam_table_secondary_0 ( SwitchIngress.src_tcam_table_secondary )
 Stage #4
     src_sram_table_secondary_0 (SwitchIngress.src_sram_table_secondary) 4 4
	- Edge OUTPUT src_tcam_table_secondary_0 ( SwitchIngress.src_tcam_table_secondary )
     tbl_act_5 (tbl_act_5) 4 4
	- Edge CONTROL_TABLE_HIT src_sram_table_secondary_0 ( SwitchIngress.src_sram_table_secondary )
 Stage #5
     cond-6 (cond-6) 3 3
	- Edge ACTION_READ tbl_act_5 ( tbl_act_5 )
     tbl_tofino2l358 (tbl_tofino2l358) 3 3
	- Edge CONTROL_COND_TRUE cond-6 ( cond-6 )
 Stage #6
     cond-7 (cond-7) 2 2
	- Edge ACTION_READ tbl_tofino2l358 ( tbl_tofino2l358 )
     dst_tcam_table_0 (SwitchIngress.dst_tcam_table) 2 2
	- Edge CONTROL_COND_TRUE cond-7 ( cond-7 )
     tbl_act_7 (tbl_act_7) 1 1
	- Edge CONTROL_TABLE_HIT dst_tcam_table_0 ( SwitchIngress.dst_tcam_table )
     tbl_drop_0 (tbl_drop_0) 0 0
	- Edge CONTROL_COND_FALSE cond-7 ( cond-7 )
 Stage #7
     dst_sram_table_0 (SwitchIngress.dst_sram_table) 1 1
	- Edge OUTPUT dst_tcam_table_0 ( SwitchIngress.dst_tcam_table )
     tbl_act_9 (tbl_act_9) 1 1
	- Edge CONTROL_TABLE_HIT dst_sram_table_0 ( SwitchIngress.dst_sram_table )
 Stage #8
     cond-8 (cond-8) 0 0
	- Edge ACTION_READ tbl_act_9 ( tbl_act_9 )
     tbl_drop (tbl_drop) 0 0
	- Edge CONTROL_COND_TRUE cond-8 ( cond-8 )
	- Edge OUTPUT dst_sram_table_0 ( SwitchIngress.dst_sram_table )

FindDependencyGraph : Before Uninitialized Read Check
ingress: [22]
  ip_table_0
    $hit: [23] 0 00 000
      src_tcam_table_0
        $hit: [24]
          tbl_act
        $miss: [25]
      src_sram_table_0
        $hit: [26]
          tbl_act_1
        $miss: [27]
      cond-5(ingress::src_tcam_match_0 => $false, ingress::src_sram_match_0 => $false, ingress::ig_md.Group_id_secondary == 511; => $false, 1 => $true)
        $true: [28] 0 00
          src_tcam_table_secondary_0
            $hit: [29]
              tbl_act_3
            $miss: [30]
          src_sram_table_secondary_0
            $hit: [31]
              tbl_act_5
            $miss: [32]
          cond-6(ingress::src_tcam_match_sec_0 => $true, ingress::src_sram_match_sec_0 => $true, 1 => $false)
            $true: [33]
              tbl_tofino2l358
            $false: [43]
        $false: [44]
      cond-7(ingress::src_tcam_match_0 => $true, ingress::src_sram_match_0 => $true, ingress::src_match_secondary_0 => $true, 1 => $false)
        $true: [34] 0 00
          dst_tcam_table_0
            $hit: [35]
              tbl_act_7
            $miss: [36]
          dst_sram_table_0
            $hit: [37]
              tbl_act_9
            $miss: [38]
          cond-8(!ingress::dst_tcam_match_0 && !ingress::dst_sram_match_0; => $true, 1 => $false)
            $true: [39]
              tbl_drop
            $false: [45]
        $false: [40]
          tbl_drop_0
    $miss: [41]
      tbl_drop_1
egress: [42]

DepStagesThruDomFrontier postorder : tbl_act
DepStagesThruDomFrontier postorder : src_tcam_table_0
DepStagesThruDomFrontier postorder : tbl_act_1
DepStagesThruDomFrontier postorder : src_sram_table_0
DepStagesThruDomFrontier postorder : tbl_act_3
DepStagesThruDomFrontier postorder : src_tcam_table_secondary_0
DepStagesThruDomFrontier postorder : tbl_act_5
DepStagesThruDomFrontier postorder : src_sram_table_secondary_0
DepStagesThruDomFrontier postorder : tbl_tofino2l358
DepStagesThruDomFrontier postorder : cond-6
DepStagesThruDomFrontier postorder : cond-5
DepStagesThruDomFrontier postorder : tbl_act_7
DepStagesThruDomFrontier postorder : dst_tcam_table_0
DepStagesThruDomFrontier postorder : tbl_act_9
DepStagesThruDomFrontier postorder : dst_sram_table_0
DepStagesThruDomFrontier postorder : tbl_drop
DepStagesThruDomFrontier postorder : cond-8
DepStagesThruDomFrontier postorder : tbl_drop_0
DepStagesThruDomFrontier postorder : cond-7
DepStagesThruDomFrontier postorder : tbl_drop_1
DepStagesThruDomFrontier postorder : ip_table_0
    Maximum stage number according to dependences: 
      INGRESS: 8
      EGRESS: -1
GRAPH
    ip_table_0 -- CONTROL_TABLE_HIT --> src_tcam_table_0
    ip_table_0 -- CONTROL_TABLE_HIT --> src_sram_table_0
    ip_table_0 -- CONTROL_TABLE_HIT --> cond-5
    ip_table_0 -- CONTROL_TABLE_HIT --> cond-7
    src_tcam_table_0 -- CONTROL_TABLE_HIT --> tbl_act
    src_sram_table_0 -- CONTROL_TABLE_HIT --> tbl_act_1
    cond-5 -- CONTROL_COND_TRUE --> src_tcam_table_secondary_0
    cond-5 -- CONTROL_COND_TRUE --> src_sram_table_secondary_0
    cond-5 -- CONTROL_COND_TRUE --> cond-6
    src_tcam_table_secondary_0 -- CONTROL_TABLE_HIT --> tbl_act_3
    src_sram_table_secondary_0 -- CONTROL_TABLE_HIT --> tbl_act_5
    cond-6 -- CONTROL_COND_TRUE --> tbl_tofino2l358
    cond-7 -- CONTROL_COND_TRUE --> dst_tcam_table_0
    cond-7 -- CONTROL_COND_TRUE --> dst_sram_table_0
    cond-7 -- CONTROL_COND_TRUE --> cond-8
    dst_tcam_table_0 -- CONTROL_TABLE_HIT --> tbl_act_7
    dst_sram_table_0 -- CONTROL_TABLE_HIT --> tbl_act_9
    cond-8 -- CONTROL_COND_TRUE --> tbl_drop
    cond-7 -- CONTROL_COND_FALSE --> tbl_drop_0
    ip_table_0 -- CONTROL_TABLE_MISS --> tbl_drop_1
    ip_table_0 -- IXBAR_READ --> src_tcam_table_0
    ip_table_0 -- OUTPUT --> src_tcam_table_0
    ip_table_0 -- IXBAR_READ --> src_sram_table_0
    src_tcam_table_0 -- OUTPUT --> src_sram_table_0
    ip_table_0 -- OUTPUT --> src_sram_table_0
    tbl_act -- ACTION_READ --> cond-5
    tbl_act_1 -- ACTION_READ --> cond-5
    ip_table_0 -- ACTION_READ --> cond-5
    ip_table_0 -- IXBAR_READ --> src_tcam_table_secondary_0
    src_sram_table_0 -- OUTPUT --> src_tcam_table_secondary_0
    src_tcam_table_0 -- OUTPUT --> src_tcam_table_secondary_0
    ip_table_0 -- IXBAR_READ --> src_sram_table_secondary_0
    src_tcam_table_secondary_0 -- OUTPUT --> src_sram_table_secondary_0
    src_sram_table_0 -- OUTPUT --> src_sram_table_secondary_0
    src_tcam_table_0 -- OUTPUT --> src_sram_table_secondary_0
    tbl_act_3 -- ACTION_READ --> cond-6
    tbl_act_5 -- ACTION_READ --> cond-6
    tbl_act -- ACTION_READ --> cond-7
    tbl_act_1 -- ACTION_READ --> cond-7
    tbl_tofino2l358 -- ACTION_READ --> cond-7
    src_sram_table_0 -- IXBAR_READ --> dst_tcam_table_0
    src_tcam_table_0 -- IXBAR_READ --> dst_tcam_table_0
    src_sram_table_secondary_0 -- IXBAR_READ --> dst_tcam_table_0
    src_tcam_table_secondary_0 -- IXBAR_READ --> dst_tcam_table_0
    ip_table_0 -- OUTPUT --> dst_tcam_table_0
    src_tcam_table_0 -- OUTPUT --> dst_tcam_table_0
    src_sram_table_0 -- OUTPUT --> dst_tcam_table_0
    src_sram_table_0 -- IXBAR_READ --> dst_sram_table_0
    src_tcam_table_0 -- IXBAR_READ --> dst_sram_table_0
    src_sram_table_secondary_0 -- IXBAR_READ --> dst_sram_table_0
    src_tcam_table_secondary_0 -- IXBAR_READ --> dst_sram_table_0
    dst_tcam_table_0 -- OUTPUT --> dst_sram_table_0
    ip_table_0 -- OUTPUT --> dst_sram_table_0
    src_tcam_table_0 -- OUTPUT --> dst_sram_table_0
    src_sram_table_0 -- OUTPUT --> dst_sram_table_0
    tbl_act_7 -- ACTION_READ --> cond-8
    tbl_act_9 -- ACTION_READ --> cond-8
    ip_table_0 -- OUTPUT --> tbl_drop
    src_tcam_table_0 -- OUTPUT --> tbl_drop
    src_sram_table_0 -- OUTPUT --> tbl_drop
    dst_tcam_table_0 -- OUTPUT --> tbl_drop
    dst_sram_table_0 -- OUTPUT --> tbl_drop
    ip_table_0 -- OUTPUT --> tbl_drop_0
    src_tcam_table_0 -- OUTPUT --> tbl_drop_0
    src_sram_table_0 -- OUTPUT --> tbl_drop_0
    ip_table_0 -- OUTPUT --> tbl_drop_1
MIN STAGE INFO
    Each table also indicates its dependency chain length
    First number refers to a dependency chain from which each tables are not split
    Second number refers to a dependency chain from which each tables are split as on  last allocation pass
 Stage #0
     ip_table_0 (SwitchIngress.ip_table) 8 8
 Stage #1
     src_tcam_table_0 (SwitchIngress.src_tcam_table) 7 7
	- Edge IXBAR_READ ip_table_0 ( SwitchIngress.ip_table )
	- Edge OUTPUT ip_table_0 ( SwitchIngress.ip_table )
     tbl_act (tbl_act) 6 6
	- Edge CONTROL_TABLE_HIT src_tcam_table_0 ( SwitchIngress.src_tcam_table )
     tbl_drop_1 (tbl_drop_1) 0 0
	- Edge OUTPUT ip_table_0 ( SwitchIngress.ip_table )
 Stage #2
     src_sram_table_0 (SwitchIngress.src_sram_table) 6 6
	- Edge OUTPUT src_tcam_table_0 ( SwitchIngress.src_tcam_table )
     tbl_act_1 (tbl_act_1) 6 6
	- Edge CONTROL_TABLE_HIT src_sram_table_0 ( SwitchIngress.src_sram_table )
 Stage #3
     cond-5 (cond-5) 5 5
	- Edge ACTION_READ tbl_act_1 ( tbl_act_1 )
     src_tcam_table_secondary_0 (SwitchIngress.src_tcam_table_secondary) 5 5
	- Edge CONTROL_COND_TRUE cond-5 ( cond-5 )
	- Edge OUTPUT src_sram_table_0 ( SwitchIngress.src_sram_table )
     tbl_act_3 (tbl_act_3) 4 4
	- Edge CONTROL_TABLE_HIT src_tcam_table_secondary_0 ( SwitchIngress.src_tcam_table_secondary )
 Stage #4
     src_sram_table_secondary_0 (SwitchIngress.src_sram_table_secondary) 4 4
	- Edge OUTPUT src_tcam_table_secondary_0 ( SwitchIngress.src_tcam_table_secondary )
     tbl_act_5 (tbl_act_5) 4 4
	- Edge CONTROL_TABLE_HIT src_sram_table_secondary_0 ( SwitchIngress.src_sram_table_secondary )
 Stage #5
     cond-6 (cond-6) 3 3
	- Edge ACTION_READ tbl_act_5 ( tbl_act_5 )
     tbl_tofino2l358 (tbl_tofino2l358) 3 3
	- Edge CONTROL_COND_TRUE cond-6 ( cond-6 )
 Stage #6
     cond-7 (cond-7) 2 2
	- Edge ACTION_READ tbl_tofino2l358 ( tbl_tofino2l358 )
     dst_tcam_table_0 (SwitchIngress.dst_tcam_table) 2 2
	- Edge CONTROL_COND_TRUE cond-7 ( cond-7 )
     tbl_act_7 (tbl_act_7) 1 1
	- Edge CONTROL_TABLE_HIT dst_tcam_table_0 ( SwitchIngress.dst_tcam_table )
     tbl_drop_0 (tbl_drop_0) 0 0
	- Edge CONTROL_COND_FALSE cond-7 ( cond-7 )
 Stage #7
     dst_sram_table_0 (SwitchIngress.dst_sram_table) 1 1
	- Edge OUTPUT dst_tcam_table_0 ( SwitchIngress.dst_tcam_table )
     tbl_act_9 (tbl_act_9) 1 1
	- Edge CONTROL_TABLE_HIT dst_sram_table_0 ( SwitchIngress.dst_sram_table )
 Stage #8
     cond-8 (cond-8) 0 0
	- Edge ACTION_READ tbl_act_9 ( tbl_act_9 )
     tbl_drop (tbl_drop) 0 0
	- Edge CONTROL_COND_TRUE cond-8 ( cond-8 )
	- Edge OUTPUT dst_sram_table_0 ( SwitchIngress.dst_sram_table )

ingress: [22]
  ip_table_0{ T 88+1, 4 1K }
    $hit: [23] 1 11 111
      src_tcam_table_0{ T 25+1, 2 2K }
        $hit: [24]
          tbl_act
        $miss: [25]
      src_sram_table_0{ E 10+1, 2 4K }
        $hit: [26]
          tbl_act_1
        $miss: [27]
      cond-5(ingress::src_tcam_match_0 => $false, ingress::src_sram_match_0 => $false, ingress::ig_md.Group_id_secondary == 511; => $false, 1 => $true)
        $true: [28] 1 11
          src_tcam_table_secondary_0{ T 25+1, 2 2K }
            $hit: [29]
              tbl_act_3
            $miss: [30]
          src_sram_table_secondary_0{ E 10+1, 2 4K }
            $hit: [31]
              tbl_act_5
            $miss: [32]
          cond-6(ingress::src_tcam_match_sec_0 => $true, ingress::src_sram_match_sec_0 => $true, 1 => $false)
            $true: [33]
              tbl_tofino2l358
            $false: [43]
        $false: [44]
      cond-7(ingress::src_tcam_match_0 => $true, ingress::src_sram_match_0 => $true, ingress::src_match_secondary_0 => $true, 1 => $false)
        $true: [34] 1 11
          dst_tcam_table_0{ T 25+1, 2 2K }
            $hit: [35]
              tbl_act_7
            $miss: [36]
          dst_sram_table_0{ E 10+1, 2 4K }
            $hit: [37]
              tbl_act_9
            $miss: [38]
          cond-8(!ingress::dst_tcam_match_0 && !ingress::dst_sram_match_0; => $true, 1 => $false)
            $true: [39]
              tbl_drop
            $false: [45]
        $false: [40]
          tbl_drop_0
    $miss: [41]
      tbl_drop_1
egress: [42]

DepStagesThruDomFrontier postorder : tbl_act
DepStagesThruDomFrontier postorder : src_tcam_table_0
DepStagesThruDomFrontier postorder : tbl_act_1
DepStagesThruDomFrontier postorder : src_sram_table_0
DepStagesThruDomFrontier postorder : tbl_act_3
DepStagesThruDomFrontier postorder : src_tcam_table_secondary_0
DepStagesThruDomFrontier postorder : tbl_act_5
DepStagesThruDomFrontier postorder : src_sram_table_secondary_0
DepStagesThruDomFrontier postorder : tbl_tofino2l358
DepStagesThruDomFrontier postorder : cond-6
DepStagesThruDomFrontier postorder : cond-5
DepStagesThruDomFrontier postorder : tbl_act_7
DepStagesThruDomFrontier postorder : dst_tcam_table_0
DepStagesThruDomFrontier postorder : tbl_act_9
DepStagesThruDomFrontier postorder : dst_sram_table_0
DepStagesThruDomFrontier postorder : tbl_drop
DepStagesThruDomFrontier postorder : cond-8
DepStagesThruDomFrontier postorder : tbl_drop_0
DepStagesThruDomFrontier postorder : cond-7
DepStagesThruDomFrontier postorder : tbl_drop_1
DepStagesThruDomFrontier postorder : ip_table_0
    Maximum stage number according to dependences: 
      INGRESS: 8
      EGRESS: -1
GRAPH
    ip_table_0 -- CONTROL_TABLE_HIT --> src_tcam_table_0
    ip_table_0 -- CONTROL_TABLE_HIT --> src_sram_table_0
    ip_table_0 -- CONTROL_TABLE_HIT --> cond-5
    ip_table_0 -- CONTROL_TABLE_HIT --> cond-7
    src_tcam_table_0 -- CONTROL_TABLE_HIT --> tbl_act
    src_sram_table_0 -- CONTROL_TABLE_HIT --> tbl_act_1
    cond-5 -- CONTROL_COND_TRUE --> src_tcam_table_secondary_0
    cond-5 -- CONTROL_COND_TRUE --> src_sram_table_secondary_0
    cond-5 -- CONTROL_COND_TRUE --> cond-6
    src_tcam_table_secondary_0 -- CONTROL_TABLE_HIT --> tbl_act_3
    src_sram_table_secondary_0 -- CONTROL_TABLE_HIT --> tbl_act_5
    cond-6 -- CONTROL_COND_TRUE --> tbl_tofino2l358
    cond-7 -- CONTROL_COND_TRUE --> dst_tcam_table_0
    cond-7 -- CONTROL_COND_TRUE --> dst_sram_table_0
    cond-7 -- CONTROL_COND_TRUE --> cond-8
    dst_tcam_table_0 -- CONTROL_TABLE_HIT --> tbl_act_7
    dst_sram_table_0 -- CONTROL_TABLE_HIT --> tbl_act_9
    cond-8 -- CONTROL_COND_TRUE --> tbl_drop
    cond-7 -- CONTROL_COND_FALSE --> tbl_drop_0
    ip_table_0 -- CONTROL_TABLE_MISS --> tbl_drop_1
    ip_table_0 -- IXBAR_READ --> src_tcam_table_0
    ip_table_0 -- OUTPUT --> src_tcam_table_0
    ip_table_0 -- IXBAR_READ --> src_sram_table_0
    src_tcam_table_0 -- OUTPUT --> src_sram_table_0
    ip_table_0 -- OUTPUT --> src_sram_table_0
    tbl_act -- ACTION_READ --> cond-5
    tbl_act_1 -- ACTION_READ --> cond-5
    ip_table_0 -- ACTION_READ --> cond-5
    ip_table_0 -- IXBAR_READ --> src_tcam_table_secondary_0
    src_sram_table_0 -- OUTPUT --> src_tcam_table_secondary_0
    src_tcam_table_0 -- OUTPUT --> src_tcam_table_secondary_0
    ip_table_0 -- IXBAR_READ --> src_sram_table_secondary_0
    src_tcam_table_secondary_0 -- OUTPUT --> src_sram_table_secondary_0
    src_sram_table_0 -- OUTPUT --> src_sram_table_secondary_0
    src_tcam_table_0 -- OUTPUT --> src_sram_table_secondary_0
    tbl_act_3 -- ACTION_READ --> cond-6
    tbl_act_5 -- ACTION_READ --> cond-6
    tbl_act -- ACTION_READ --> cond-7
    tbl_act_1 -- ACTION_READ --> cond-7
    tbl_tofino2l358 -- ACTION_READ --> cond-7
    src_sram_table_0 -- IXBAR_READ --> dst_tcam_table_0
    src_tcam_table_0 -- IXBAR_READ --> dst_tcam_table_0
    src_sram_table_secondary_0 -- IXBAR_READ --> dst_tcam_table_0
    src_tcam_table_secondary_0 -- IXBAR_READ --> dst_tcam_table_0
    ip_table_0 -- OUTPUT --> dst_tcam_table_0
    src_tcam_table_0 -- OUTPUT --> dst_tcam_table_0
    src_sram_table_0 -- OUTPUT --> dst_tcam_table_0
    src_sram_table_0 -- IXBAR_READ --> dst_sram_table_0
    src_tcam_table_0 -- IXBAR_READ --> dst_sram_table_0
    src_sram_table_secondary_0 -- IXBAR_READ --> dst_sram_table_0
    src_tcam_table_secondary_0 -- IXBAR_READ --> dst_sram_table_0
    dst_tcam_table_0 -- OUTPUT --> dst_sram_table_0
    ip_table_0 -- OUTPUT --> dst_sram_table_0
    src_tcam_table_0 -- OUTPUT --> dst_sram_table_0
    src_sram_table_0 -- OUTPUT --> dst_sram_table_0
    tbl_act_7 -- ACTION_READ --> cond-8
    tbl_act_9 -- ACTION_READ --> cond-8
    ip_table_0 -- OUTPUT --> tbl_drop
    src_tcam_table_0 -- OUTPUT --> tbl_drop
    src_sram_table_0 -- OUTPUT --> tbl_drop
    dst_tcam_table_0 -- OUTPUT --> tbl_drop
    dst_sram_table_0 -- OUTPUT --> tbl_drop
    ip_table_0 -- OUTPUT --> tbl_drop_0
    src_tcam_table_0 -- OUTPUT --> tbl_drop_0
    src_sram_table_0 -- OUTPUT --> tbl_drop_0
    ip_table_0 -- OUTPUT --> tbl_drop_1
MIN STAGE INFO
    Each table also indicates its dependency chain length
    First number refers to a dependency chain from which each tables are not split
    Second number refers to a dependency chain from which each tables are split as on  last allocation pass
 Stage #0
     ip_table_0 (SwitchIngress.ip_table) 8 8
 Stage #1
     src_tcam_table_0 (SwitchIngress.src_tcam_table) 7 7
	- Edge IXBAR_READ ip_table_0 ( SwitchIngress.ip_table )
	- Edge OUTPUT ip_table_0 ( SwitchIngress.ip_table )
     tbl_act (tbl_act) 6 6
	- Edge CONTROL_TABLE_HIT src_tcam_table_0 ( SwitchIngress.src_tcam_table )
     tbl_drop_1 (tbl_drop_1) 0 0
	- Edge OUTPUT ip_table_0 ( SwitchIngress.ip_table )
 Stage #2
     src_sram_table_0 (SwitchIngress.src_sram_table) 6 6
	- Edge OUTPUT src_tcam_table_0 ( SwitchIngress.src_tcam_table )
     tbl_act_1 (tbl_act_1) 6 6
	- Edge CONTROL_TABLE_HIT src_sram_table_0 ( SwitchIngress.src_sram_table )
 Stage #3
     cond-5 (cond-5) 5 5
	- Edge ACTION_READ tbl_act_1 ( tbl_act_1 )
     src_tcam_table_secondary_0 (SwitchIngress.src_tcam_table_secondary) 5 5
	- Edge CONTROL_COND_TRUE cond-5 ( cond-5 )
	- Edge OUTPUT src_sram_table_0 ( SwitchIngress.src_sram_table )
     tbl_act_3 (tbl_act_3) 4 4
	- Edge CONTROL_TABLE_HIT src_tcam_table_secondary_0 ( SwitchIngress.src_tcam_table_secondary )
 Stage #4
     src_sram_table_secondary_0 (SwitchIngress.src_sram_table_secondary) 4 4
	- Edge OUTPUT src_tcam_table_secondary_0 ( SwitchIngress.src_tcam_table_secondary )
     tbl_act_5 (tbl_act_5) 4 4
	- Edge CONTROL_TABLE_HIT src_sram_table_secondary_0 ( SwitchIngress.src_sram_table_secondary )
 Stage #5
     cond-6 (cond-6) 3 3
	- Edge ACTION_READ tbl_act_5 ( tbl_act_5 )
     tbl_tofino2l358 (tbl_tofino2l358) 3 3
	- Edge CONTROL_COND_TRUE cond-6 ( cond-6 )
 Stage #6
     cond-7 (cond-7) 2 2
	- Edge ACTION_READ tbl_tofino2l358 ( tbl_tofino2l358 )
     dst_tcam_table_0 (SwitchIngress.dst_tcam_table) 2 2
	- Edge CONTROL_COND_TRUE cond-7 ( cond-7 )
     tbl_act_7 (tbl_act_7) 1 1
	- Edge CONTROL_TABLE_HIT dst_tcam_table_0 ( SwitchIngress.dst_tcam_table )
     tbl_drop_0 (tbl_drop_0) 0 0
	- Edge CONTROL_COND_FALSE cond-7 ( cond-7 )
 Stage #7
     dst_sram_table_0 (SwitchIngress.dst_sram_table) 1 1
	- Edge OUTPUT dst_tcam_table_0 ( SwitchIngress.dst_tcam_table )
     tbl_act_9 (tbl_act_9) 1 1
	- Edge CONTROL_TABLE_HIT dst_sram_table_0 ( SwitchIngress.dst_sram_table )
 Stage #8
     cond-8 (cond-8) 0 0
	- Edge ACTION_READ tbl_act_9 ( tbl_act_9 )
     tbl_drop (tbl_drop) 0 0
	- Edge CONTROL_COND_TRUE cond-8 ( cond-8 )
	- Edge OUTPUT dst_sram_table_0 ( SwitchIngress.dst_sram_table )

FindDependencyGraph : Before Table Placement
ingress: [22]
  ip_table_0{ T 88+1, 4 1K }
    $hit: [23] 1 11 111
      src_tcam_table_0{ T 25+1, 2 2K }
        $hit: [24]
          tbl_act
        $miss: [25]
      src_sram_table_0{ E 10+1, 2 4K }
        $hit: [26]
          tbl_act_1
        $miss: [27]
      cond-5(ingress::src_tcam_match_0 => $false, ingress::src_sram_match_0 => $false, ingress::ig_md.Group_id_secondary == 511; => $false, 1 => $true)
        $true: [28] 1 11
          src_tcam_table_secondary_0{ T 25+1, 2 2K }
            $hit: [29]
              tbl_act_3
            $miss: [30]
          src_sram_table_secondary_0{ E 10+1, 2 4K }
            $hit: [31]
              tbl_act_5
            $miss: [32]
          cond-6(ingress::src_tcam_match_sec_0 => $true, ingress::src_sram_match_sec_0 => $true, 1 => $false)
            $true: [33]
              tbl_tofino2l358
            $false: [43]
        $false: [44]
      cond-7(ingress::src_tcam_match_0 => $true, ingress::src_sram_match_0 => $true, ingress::src_match_secondary_0 => $true, 1 => $false)
        $true: [34] 1 11
          dst_tcam_table_0{ T 25+1, 2 2K }
            $hit: [35]
              tbl_act_7
            $miss: [36]
          dst_sram_table_0{ E 10+1, 2 4K }
            $hit: [37]
              tbl_act_9
            $miss: [38]
          cond-8(!ingress::dst_tcam_match_0 && !ingress::dst_sram_match_0; => $true, 1 => $false)
            $true: [39]
              tbl_drop
            $false: [45]
        $false: [40]
          tbl_drop_0
    $miss: [41]
      tbl_drop_1
egress: [42]

DepStagesThruDomFrontier postorder : tbl_act
DepStagesThruDomFrontier postorder : src_tcam_table_0
DepStagesThruDomFrontier postorder : tbl_act_1
DepStagesThruDomFrontier postorder : src_sram_table_0
DepStagesThruDomFrontier postorder : tbl_act_3
DepStagesThruDomFrontier postorder : src_tcam_table_secondary_0
DepStagesThruDomFrontier postorder : tbl_act_5
DepStagesThruDomFrontier postorder : src_sram_table_secondary_0
DepStagesThruDomFrontier postorder : tbl_tofino2l358
DepStagesThruDomFrontier postorder : cond-6
DepStagesThruDomFrontier postorder : cond-5
DepStagesThruDomFrontier postorder : tbl_act_7
DepStagesThruDomFrontier postorder : dst_tcam_table_0
DepStagesThruDomFrontier postorder : tbl_act_9
DepStagesThruDomFrontier postorder : dst_sram_table_0
DepStagesThruDomFrontier postorder : tbl_drop
DepStagesThruDomFrontier postorder : cond-8
DepStagesThruDomFrontier postorder : tbl_drop_0
DepStagesThruDomFrontier postorder : cond-7
DepStagesThruDomFrontier postorder : tbl_drop_1
DepStagesThruDomFrontier postorder : ip_table_0
    Maximum stage number according to dependences: 
      INGRESS: 8
      EGRESS: -1
GRAPH
    ip_table_0 -- CONTROL_TABLE_HIT --> src_tcam_table_0
    ip_table_0 -- CONTROL_TABLE_HIT --> src_sram_table_0
    ip_table_0 -- CONTROL_TABLE_HIT --> cond-5
    ip_table_0 -- CONTROL_TABLE_HIT --> cond-7
    src_tcam_table_0 -- CONTROL_TABLE_HIT --> tbl_act
    src_sram_table_0 -- CONTROL_TABLE_HIT --> tbl_act_1
    cond-5 -- CONTROL_COND_TRUE --> src_tcam_table_secondary_0
    cond-5 -- CONTROL_COND_TRUE --> src_sram_table_secondary_0
    cond-5 -- CONTROL_COND_TRUE --> cond-6
    src_tcam_table_secondary_0 -- CONTROL_TABLE_HIT --> tbl_act_3
    src_sram_table_secondary_0 -- CONTROL_TABLE_HIT --> tbl_act_5
    cond-6 -- CONTROL_COND_TRUE --> tbl_tofino2l358
    cond-7 -- CONTROL_COND_TRUE --> dst_tcam_table_0
    cond-7 -- CONTROL_COND_TRUE --> dst_sram_table_0
    cond-7 -- CONTROL_COND_TRUE --> cond-8
    dst_tcam_table_0 -- CONTROL_TABLE_HIT --> tbl_act_7
    dst_sram_table_0 -- CONTROL_TABLE_HIT --> tbl_act_9
    cond-8 -- CONTROL_COND_TRUE --> tbl_drop
    cond-7 -- CONTROL_COND_FALSE --> tbl_drop_0
    ip_table_0 -- CONTROL_TABLE_MISS --> tbl_drop_1
    ip_table_0 -- IXBAR_READ --> src_tcam_table_0
    ip_table_0 -- OUTPUT --> src_tcam_table_0
    ip_table_0 -- IXBAR_READ --> src_sram_table_0
    src_tcam_table_0 -- OUTPUT --> src_sram_table_0
    ip_table_0 -- OUTPUT --> src_sram_table_0
    tbl_act -- ACTION_READ --> cond-5
    tbl_act_1 -- ACTION_READ --> cond-5
    ip_table_0 -- ACTION_READ --> cond-5
    ip_table_0 -- IXBAR_READ --> src_tcam_table_secondary_0
    src_sram_table_0 -- OUTPUT --> src_tcam_table_secondary_0
    src_tcam_table_0 -- OUTPUT --> src_tcam_table_secondary_0
    ip_table_0 -- IXBAR_READ --> src_sram_table_secondary_0
    src_tcam_table_secondary_0 -- OUTPUT --> src_sram_table_secondary_0
    src_sram_table_0 -- OUTPUT --> src_sram_table_secondary_0
    src_tcam_table_0 -- OUTPUT --> src_sram_table_secondary_0
    tbl_act_3 -- ACTION_READ --> cond-6
    tbl_act_5 -- ACTION_READ --> cond-6
    tbl_act -- ACTION_READ --> cond-7
    tbl_act_1 -- ACTION_READ --> cond-7
    tbl_tofino2l358 -- ACTION_READ --> cond-7
    src_sram_table_0 -- IXBAR_READ --> dst_tcam_table_0
    src_tcam_table_0 -- IXBAR_READ --> dst_tcam_table_0
    src_sram_table_secondary_0 -- IXBAR_READ --> dst_tcam_table_0
    src_tcam_table_secondary_0 -- IXBAR_READ --> dst_tcam_table_0
    ip_table_0 -- OUTPUT --> dst_tcam_table_0
    src_tcam_table_0 -- OUTPUT --> dst_tcam_table_0
    src_sram_table_0 -- OUTPUT --> dst_tcam_table_0
    src_sram_table_0 -- IXBAR_READ --> dst_sram_table_0
    src_tcam_table_0 -- IXBAR_READ --> dst_sram_table_0
    src_sram_table_secondary_0 -- IXBAR_READ --> dst_sram_table_0
    src_tcam_table_secondary_0 -- IXBAR_READ --> dst_sram_table_0
    dst_tcam_table_0 -- OUTPUT --> dst_sram_table_0
    ip_table_0 -- OUTPUT --> dst_sram_table_0
    src_tcam_table_0 -- OUTPUT --> dst_sram_table_0
    src_sram_table_0 -- OUTPUT --> dst_sram_table_0
    tbl_act_7 -- ACTION_READ --> cond-8
    tbl_act_9 -- ACTION_READ --> cond-8
    ip_table_0 -- OUTPUT --> tbl_drop
    src_tcam_table_0 -- OUTPUT --> tbl_drop
    src_sram_table_0 -- OUTPUT --> tbl_drop
    dst_tcam_table_0 -- OUTPUT --> tbl_drop
    dst_sram_table_0 -- OUTPUT --> tbl_drop
    ip_table_0 -- OUTPUT --> tbl_drop_0
    src_tcam_table_0 -- OUTPUT --> tbl_drop_0
    src_sram_table_0 -- OUTPUT --> tbl_drop_0
    ip_table_0 -- OUTPUT --> tbl_drop_1
MIN STAGE INFO
    Each table also indicates its dependency chain length
    First number refers to a dependency chain from which each tables are not split
    Second number refers to a dependency chain from which each tables are split as on  last allocation pass
 Stage #0
     ip_table_0 (SwitchIngress.ip_table) 8 8
 Stage #1
     src_tcam_table_0 (SwitchIngress.src_tcam_table) 7 7
	- Edge IXBAR_READ ip_table_0 ( SwitchIngress.ip_table )
	- Edge OUTPUT ip_table_0 ( SwitchIngress.ip_table )
     tbl_act (tbl_act) 6 6
	- Edge CONTROL_TABLE_HIT src_tcam_table_0 ( SwitchIngress.src_tcam_table )
     tbl_drop_1 (tbl_drop_1) 0 0
	- Edge OUTPUT ip_table_0 ( SwitchIngress.ip_table )
 Stage #2
     src_sram_table_0 (SwitchIngress.src_sram_table) 6 6
	- Edge OUTPUT src_tcam_table_0 ( SwitchIngress.src_tcam_table )
     tbl_act_1 (tbl_act_1) 6 6
	- Edge CONTROL_TABLE_HIT src_sram_table_0 ( SwitchIngress.src_sram_table )
 Stage #3
     cond-5 (cond-5) 5 5
	- Edge ACTION_READ tbl_act_1 ( tbl_act_1 )
     src_tcam_table_secondary_0 (SwitchIngress.src_tcam_table_secondary) 5 5
	- Edge CONTROL_COND_TRUE cond-5 ( cond-5 )
	- Edge OUTPUT src_sram_table_0 ( SwitchIngress.src_sram_table )
     tbl_act_3 (tbl_act_3) 4 4
	- Edge CONTROL_TABLE_HIT src_tcam_table_secondary_0 ( SwitchIngress.src_tcam_table_secondary )
 Stage #4
     src_sram_table_secondary_0 (SwitchIngress.src_sram_table_secondary) 4 4
	- Edge OUTPUT src_tcam_table_secondary_0 ( SwitchIngress.src_tcam_table_secondary )
     tbl_act_5 (tbl_act_5) 4 4
	- Edge CONTROL_TABLE_HIT src_sram_table_secondary_0 ( SwitchIngress.src_sram_table_secondary )
 Stage #5
     cond-6 (cond-6) 3 3
	- Edge ACTION_READ tbl_act_5 ( tbl_act_5 )
     tbl_tofino2l358 (tbl_tofino2l358) 3 3
	- Edge CONTROL_COND_TRUE cond-6 ( cond-6 )
 Stage #6
     cond-7 (cond-7) 2 2
	- Edge ACTION_READ tbl_tofino2l358 ( tbl_tofino2l358 )
     dst_tcam_table_0 (SwitchIngress.dst_tcam_table) 2 2
	- Edge CONTROL_COND_TRUE cond-7 ( cond-7 )
     tbl_act_7 (tbl_act_7) 1 1
	- Edge CONTROL_TABLE_HIT dst_tcam_table_0 ( SwitchIngress.dst_tcam_table )
     tbl_drop_0 (tbl_drop_0) 0 0
	- Edge CONTROL_COND_FALSE cond-7 ( cond-7 )
 Stage #7
     dst_sram_table_0 (SwitchIngress.dst_sram_table) 1 1
	- Edge OUTPUT dst_tcam_table_0 ( SwitchIngress.dst_tcam_table )
     tbl_act_9 (tbl_act_9) 1 1
	- Edge CONTROL_TABLE_HIT dst_sram_table_0 ( SwitchIngress.dst_sram_table )
 Stage #8
     cond-8 (cond-8) 0 0
	- Edge ACTION_READ tbl_act_9 ( tbl_act_9 )
     tbl_drop (tbl_drop) 0 0
	- Edge CONTROL_COND_TRUE cond-8 ( cond-8 )
	- Edge OUTPUT dst_sram_table_0 ( SwitchIngress.dst_sram_table )

FindDependencyGraph : After Table Placement
ingress: [22]
  0: ip_table_0{ T 88+25, 4 1K }
    $hit: [23] 0 00 000
      10: src_tcam_table_0{ T 25+10, 2 2K }
        $hit: [24]
          30: tbl_act
        $miss: [25]
      20: src_sram_table_0{ E 10+10, 2 [1x4 4K 4K 4K 4K] }
        $hit: [26]
          21: tbl_act_1
        $miss: [27]
      40: src_tcam_table_secondary_0(ingress::src_tcam_match_0 => $false, ingress::src_sram_match_0 => $false, ingress::ig_md.Group_id_secondary == 511; => $false, 1){ GT 25+10, 2 2K }
        $false: [44]
        $hit: [29] 0 00
          41: tbl_act_3
          50: src_sram_table_secondary_0{ E 10+10, 2 [1x4 4K 4K 4K 4K] }
            $hit: [31]
              51: tbl_act_5
            $miss: [32]
          60: tbl_tofino2l358(ingress::src_tcam_match_sec_0, ingress::src_sram_match_sec_0, 1 => $false)
            $false: [43]
        $miss: [30] 0
          50: src_sram_table_secondary_0{ E 10+10, 2 [1x4 4K 4K 4K 4K] }
            $hit: [31]...
            $miss: [32]...
          60: tbl_tofino2l358(ingress::src_tcam_match_sec_0, ingress::src_sram_match_sec_0, 1 => $false)
            $false: [43]...
      70: dst_tcam_table_0(ingress::src_tcam_match_0, ingress::src_sram_match_0, ingress::src_match_secondary_0, 1 => $false){ GT 25+10, 2 2K }
        $false: [40]
          72: tbl_drop_0
        $hit: [35] 0 00
          71: tbl_act_7
          80: dst_sram_table_0{ E 10+10, 2 [1x4 4K 4K 4K 4K] }
            $hit: [37]
              81: tbl_act_9
            $miss: [38]
          90: tbl_drop(!ingress::dst_tcam_match_0 && !ingress::dst_sram_match_0;, 1 => $false)
            $false: [45]
        $miss: [36] 0
          80: dst_sram_table_0{ E 10+10, 2 [1x4 4K 4K 4K 4K] }
            $hit: [37]...
            $miss: [38]...
          90: tbl_drop(!ingress::dst_tcam_match_0 && !ingress::dst_sram_match_0;, 1 => $false)
            $false: [45]...
    $miss: [41]
      11: tbl_drop_1
egress: [42]

DepStagesThruDomFrontier postorder : tbl_act
DepStagesThruDomFrontier postorder : src_tcam_table_0
DepStagesThruDomFrontier postorder : tbl_act_1
DepStagesThruDomFrontier postorder : src_sram_table_0
DepStagesThruDomFrontier postorder : tbl_act_3
DepStagesThruDomFrontier postorder : tbl_act_5
DepStagesThruDomFrontier postorder : src_sram_table_secondary_0
DepStagesThruDomFrontier postorder : tbl_tofino2l358
DepStagesThruDomFrontier postorder : src_tcam_table_secondary_0
DepStagesThruDomFrontier postorder : tbl_drop_0
DepStagesThruDomFrontier postorder : tbl_act_7
DepStagesThruDomFrontier postorder : tbl_act_9
DepStagesThruDomFrontier postorder : dst_sram_table_0
DepStagesThruDomFrontier postorder : tbl_drop
DepStagesThruDomFrontier postorder : dst_tcam_table_0
DepStagesThruDomFrontier postorder : tbl_drop_1
DepStagesThruDomFrontier postorder : ip_table_0
    Maximum stage number according to dependences: 
      INGRESS: 8
      EGRESS: -1
GRAPH
    ip_table_0 -- CONTROL_TABLE_HIT --> src_tcam_table_0
    ip_table_0 -- CONTROL_TABLE_HIT --> src_sram_table_0
    ip_table_0 -- CONTROL_TABLE_HIT --> src_tcam_table_secondary_0
    ip_table_0 -- CONTROL_TABLE_HIT --> dst_tcam_table_0
    src_tcam_table_0 -- CONTROL_TABLE_HIT --> tbl_act
    src_sram_table_0 -- CONTROL_TABLE_HIT --> tbl_act_1
    src_tcam_table_secondary_0 -- CONTROL_TABLE_HIT --> tbl_act_3
    src_tcam_table_secondary_0 -- CONTROL_TABLE_HIT --> src_sram_table_secondary_0
    src_tcam_table_secondary_0 -- CONTROL_TABLE_HIT --> tbl_tofino2l358
    src_sram_table_secondary_0 -- CONTROL_TABLE_HIT --> tbl_act_5
    src_tcam_table_secondary_0 -- CONTROL_TABLE_MISS --> src_sram_table_secondary_0
    src_tcam_table_secondary_0 -- CONTROL_TABLE_MISS --> tbl_tofino2l358
    dst_tcam_table_0 -- CONTROL_COND_FALSE --> tbl_drop_0
    dst_tcam_table_0 -- CONTROL_TABLE_HIT --> tbl_act_7
    dst_tcam_table_0 -- CONTROL_TABLE_HIT --> dst_sram_table_0
    dst_tcam_table_0 -- CONTROL_TABLE_HIT --> tbl_drop
    dst_sram_table_0 -- CONTROL_TABLE_HIT --> tbl_act_9
    dst_tcam_table_0 -- CONTROL_TABLE_MISS --> dst_sram_table_0
    dst_tcam_table_0 -- CONTROL_TABLE_MISS --> tbl_drop
    ip_table_0 -- CONTROL_TABLE_MISS --> tbl_drop_1
    ip_table_0 -- IXBAR_READ --> src_tcam_table_0
    ip_table_0 -- OUTPUT --> src_tcam_table_0
    ip_table_0 -- IXBAR_READ --> src_sram_table_0
    src_tcam_table_0 -- OUTPUT --> src_sram_table_0
    ip_table_0 -- OUTPUT --> src_sram_table_0
    tbl_act -- ACTION_READ --> src_tcam_table_secondary_0
    tbl_act_1 -- ACTION_READ --> src_tcam_table_secondary_0
    ip_table_0 -- ACTION_READ --> src_tcam_table_secondary_0
    ip_table_0 -- IXBAR_READ --> src_tcam_table_secondary_0
    src_sram_table_0 -- OUTPUT --> src_tcam_table_secondary_0
    src_tcam_table_0 -- OUTPUT --> src_tcam_table_secondary_0
    ip_table_0 -- IXBAR_READ --> src_sram_table_secondary_0
    src_tcam_table_secondary_0 -- OUTPUT --> src_sram_table_secondary_0
    src_sram_table_0 -- OUTPUT --> src_sram_table_secondary_0
    src_tcam_table_0 -- OUTPUT --> src_sram_table_secondary_0
    tbl_act_3 -- ACTION_READ --> tbl_tofino2l358
    tbl_act_5 -- ACTION_READ --> tbl_tofino2l358
    tbl_act -- ACTION_READ --> dst_tcam_table_0
    tbl_act_1 -- ACTION_READ --> dst_tcam_table_0
    tbl_tofino2l358 -- ACTION_READ --> dst_tcam_table_0
    src_sram_table_secondary_0 -- IXBAR_READ --> dst_tcam_table_0
    src_tcam_table_secondary_0 -- IXBAR_READ --> dst_tcam_table_0
    src_sram_table_0 -- IXBAR_READ --> dst_tcam_table_0
    src_tcam_table_0 -- IXBAR_READ --> dst_tcam_table_0
    ip_table_0 -- OUTPUT --> dst_tcam_table_0
    src_tcam_table_0 -- OUTPUT --> dst_tcam_table_0
    src_sram_table_0 -- OUTPUT --> dst_tcam_table_0
    ip_table_0 -- OUTPUT --> tbl_drop_0
    src_tcam_table_0 -- OUTPUT --> tbl_drop_0
    src_sram_table_0 -- OUTPUT --> tbl_drop_0
    src_sram_table_secondary_0 -- IXBAR_READ --> dst_sram_table_0
    src_tcam_table_secondary_0 -- IXBAR_READ --> dst_sram_table_0
    src_sram_table_0 -- IXBAR_READ --> dst_sram_table_0
    src_tcam_table_0 -- IXBAR_READ --> dst_sram_table_0
    dst_tcam_table_0 -- OUTPUT --> dst_sram_table_0
    ip_table_0 -- OUTPUT --> dst_sram_table_0
    src_tcam_table_0 -- OUTPUT --> dst_sram_table_0
    src_sram_table_0 -- OUTPUT --> dst_sram_table_0
    tbl_act_7 -- ACTION_READ --> tbl_drop
    tbl_act_9 -- ACTION_READ --> tbl_drop
    ip_table_0 -- OUTPUT --> tbl_drop
    src_tcam_table_0 -- OUTPUT --> tbl_drop
    src_sram_table_0 -- OUTPUT --> tbl_drop
    dst_tcam_table_0 -- OUTPUT --> tbl_drop
    dst_sram_table_0 -- OUTPUT --> tbl_drop
    ip_table_0 -- OUTPUT --> tbl_drop_1
MIN STAGE INFO
    Each table also indicates its dependency chain length
    First number refers to a dependency chain from which each tables are not split
    Second number refers to a dependency chain from which each tables are split as on  last allocation pass
 Stage #0
     ip_table_0 (SwitchIngress.ip_table) 8 8
 Stage #1
     src_tcam_table_0 (SwitchIngress.src_tcam_table) 7 7
	- Edge IXBAR_READ ip_table_0 ( SwitchIngress.ip_table )
	- Edge OUTPUT ip_table_0 ( SwitchIngress.ip_table )
     tbl_act (tbl_act) 6 6
	- Edge CONTROL_TABLE_HIT src_tcam_table_0 ( SwitchIngress.src_tcam_table )
     tbl_drop_1 (tbl_drop_1) 0 0
	- Edge OUTPUT ip_table_0 ( SwitchIngress.ip_table )
 Stage #2
     src_sram_table_0 (SwitchIngress.src_sram_table) 6 6
	- Edge OUTPUT src_tcam_table_0 ( SwitchIngress.src_tcam_table )
     tbl_act_1 (tbl_act_1) 6 6
	- Edge CONTROL_TABLE_HIT src_sram_table_0 ( SwitchIngress.src_sram_table )
 Stage #3
     src_tcam_table_secondary_0 (SwitchIngress.src_tcam_table_secondary) 5 5
	- Edge ACTION_READ tbl_act_1 ( tbl_act_1 )
	- Edge OUTPUT src_sram_table_0 ( SwitchIngress.src_sram_table )
     tbl_act_3 (tbl_act_3) 4 4
	- Edge CONTROL_TABLE_HIT src_tcam_table_secondary_0 ( SwitchIngress.src_tcam_table_secondary )
 Stage #4
     src_sram_table_secondary_0 (SwitchIngress.src_sram_table_secondary) 4 4
	- Edge OUTPUT src_tcam_table_secondary_0 ( SwitchIngress.src_tcam_table_secondary )
     tbl_act_5 (tbl_act_5) 4 4
	- Edge CONTROL_TABLE_HIT src_sram_table_secondary_0 ( SwitchIngress.src_sram_table_secondary )
 Stage #5
     tbl_tofino2l358 (tbl_tofino2l358) 3 3
	- Edge ACTION_READ tbl_act_5 ( tbl_act_5 )
 Stage #6
     dst_tcam_table_0 (SwitchIngress.dst_tcam_table) 2 2
	- Edge ACTION_READ tbl_tofino2l358 ( tbl_tofino2l358 )
     tbl_drop_0 (tbl_drop_0) 0 0
	- Edge CONTROL_COND_FALSE dst_tcam_table_0 ( SwitchIngress.dst_tcam_table )
     tbl_act_7 (tbl_act_7) 1 1
	- Edge CONTROL_TABLE_HIT dst_tcam_table_0 ( SwitchIngress.dst_tcam_table )
 Stage #7
     dst_sram_table_0 (SwitchIngress.dst_sram_table) 1 1
	- Edge OUTPUT dst_tcam_table_0 ( SwitchIngress.dst_tcam_table )
     tbl_act_9 (tbl_act_9) 1 1
	- Edge CONTROL_TABLE_HIT dst_sram_table_0 ( SwitchIngress.dst_sram_table )
 Stage #8
     tbl_drop (tbl_drop) 0 0
	- Edge ACTION_READ tbl_act_9 ( tbl_act_9 )
	- Edge OUTPUT dst_sram_table_0 ( SwitchIngress.dst_sram_table )

FindDependencyGraph : After Table Placement
ingress: [22]
  0: ip_table_0{ T 88+25, 4 1K }
    $hit: [23] 1 11 111
      10: src_tcam_table_0{ T 25+10, 2 2K }
        $hit: [24]
          30: tbl_act
        $miss: [25]
      20: src_sram_table_0{ E 10+10, 2 [1x4 4K 4K 4K 4K] }
        $hit: [26]
          21: tbl_act_1
        $miss: [27]
      40: src_tcam_table_secondary_0(ingress::src_tcam_match_0 => $false, ingress::src_sram_match_0 => $false, ingress::ig_md.Group_id_secondary == 511; => $false, 1){ GT 25+10, 2 2K }
        $false: [44]
        $hit: [29] 0 11
          41: tbl_act_3
          50: src_sram_table_secondary_0{ E 10+10, 2 [1x4 4K 4K 4K 4K] }
            $hit: [31]
              51: tbl_act_5
            $miss: [32]
          60: tbl_tofino2l358(ingress::src_tcam_match_sec_0, ingress::src_sram_match_sec_0, 1 => $false)
            $false: [43]
        $miss: [30] 1
          50: src_sram_table_secondary_0{ E 10+10, 2 [1x4 4K 4K 4K 4K] }
            $hit: [31]...
            $miss: [32]...
          60: tbl_tofino2l358(ingress::src_tcam_match_sec_0, ingress::src_sram_match_sec_0, 1 => $false)
            $false: [43]...
      70: dst_tcam_table_0(ingress::src_tcam_match_0, ingress::src_sram_match_0, ingress::src_match_secondary_0, 1 => $false){ GT 25+10, 2 2K }
        $false: [40]
          72: tbl_drop_0
        $hit: [35] 0 11
          71: tbl_act_7
          80: dst_sram_table_0{ E 10+10, 2 [1x4 4K 4K 4K 4K] }
            $hit: [37]
              81: tbl_act_9
            $miss: [38]
          90: tbl_drop(!ingress::dst_tcam_match_0 && !ingress::dst_sram_match_0;, 1 => $false)
            $false: [45]
        $miss: [36] 1
          80: dst_sram_table_0{ E 10+10, 2 [1x4 4K 4K 4K 4K] }
            $hit: [37]...
            $miss: [38]...
          90: tbl_drop(!ingress::dst_tcam_match_0 && !ingress::dst_sram_match_0;, 1 => $false)
            $false: [45]...
    $miss: [41]
      11: tbl_drop_1
egress: [42]

DepStagesThruDomFrontier postorder : tbl_act
DepStagesThruDomFrontier postorder : src_tcam_table_0
DepStagesThruDomFrontier postorder : tbl_act_1
DepStagesThruDomFrontier postorder : src_sram_table_0
DepStagesThruDomFrontier postorder : tbl_act_3
DepStagesThruDomFrontier postorder : tbl_act_5
DepStagesThruDomFrontier postorder : src_sram_table_secondary_0
DepStagesThruDomFrontier postorder : tbl_tofino2l358
DepStagesThruDomFrontier postorder : src_tcam_table_secondary_0
DepStagesThruDomFrontier postorder : tbl_drop_0
DepStagesThruDomFrontier postorder : tbl_act_7
DepStagesThruDomFrontier postorder : tbl_act_9
DepStagesThruDomFrontier postorder : dst_sram_table_0
DepStagesThruDomFrontier postorder : tbl_drop
DepStagesThruDomFrontier postorder : dst_tcam_table_0
DepStagesThruDomFrontier postorder : tbl_drop_1
DepStagesThruDomFrontier postorder : ip_table_0
    Maximum stage number according to dependences: 
      INGRESS: 8
      EGRESS: -1
GRAPH
    ip_table_0 -- CONTROL_TABLE_HIT --> src_tcam_table_0
    ip_table_0 -- CONTROL_TABLE_HIT --> src_sram_table_0
    ip_table_0 -- CONTROL_TABLE_HIT --> src_tcam_table_secondary_0
    ip_table_0 -- CONTROL_TABLE_HIT --> dst_tcam_table_0
    src_tcam_table_0 -- CONTROL_TABLE_HIT --> tbl_act
    src_sram_table_0 -- CONTROL_TABLE_HIT --> tbl_act_1
    src_tcam_table_secondary_0 -- CONTROL_TABLE_HIT --> tbl_act_3
    src_tcam_table_secondary_0 -- CONTROL_TABLE_HIT --> src_sram_table_secondary_0
    src_tcam_table_secondary_0 -- CONTROL_TABLE_HIT --> tbl_tofino2l358
    src_sram_table_secondary_0 -- CONTROL_TABLE_HIT --> tbl_act_5
    src_tcam_table_secondary_0 -- CONTROL_TABLE_MISS --> src_sram_table_secondary_0
    src_tcam_table_secondary_0 -- CONTROL_TABLE_MISS --> tbl_tofino2l358
    dst_tcam_table_0 -- CONTROL_COND_FALSE --> tbl_drop_0
    dst_tcam_table_0 -- CONTROL_TABLE_HIT --> tbl_act_7
    dst_tcam_table_0 -- CONTROL_TABLE_HIT --> dst_sram_table_0
    dst_tcam_table_0 -- CONTROL_TABLE_HIT --> tbl_drop
    dst_sram_table_0 -- CONTROL_TABLE_HIT --> tbl_act_9
    dst_tcam_table_0 -- CONTROL_TABLE_MISS --> dst_sram_table_0
    dst_tcam_table_0 -- CONTROL_TABLE_MISS --> tbl_drop
    ip_table_0 -- CONTROL_TABLE_MISS --> tbl_drop_1
    ip_table_0 -- IXBAR_READ --> src_tcam_table_0
    ip_table_0 -- OUTPUT --> src_tcam_table_0
    ip_table_0 -- IXBAR_READ --> src_sram_table_0
    src_tcam_table_0 -- OUTPUT --> src_sram_table_0
    ip_table_0 -- OUTPUT --> src_sram_table_0
    tbl_act -- ACTION_READ --> src_tcam_table_secondary_0
    tbl_act_1 -- ACTION_READ --> src_tcam_table_secondary_0
    ip_table_0 -- ACTION_READ --> src_tcam_table_secondary_0
    ip_table_0 -- IXBAR_READ --> src_tcam_table_secondary_0
    src_sram_table_0 -- OUTPUT --> src_tcam_table_secondary_0
    src_tcam_table_0 -- OUTPUT --> src_tcam_table_secondary_0
    ip_table_0 -- IXBAR_READ --> src_sram_table_secondary_0
    src_tcam_table_secondary_0 -- OUTPUT --> src_sram_table_secondary_0
    src_sram_table_0 -- OUTPUT --> src_sram_table_secondary_0
    src_tcam_table_0 -- OUTPUT --> src_sram_table_secondary_0
    tbl_act_3 -- ACTION_READ --> tbl_tofino2l358
    tbl_act_5 -- ACTION_READ --> tbl_tofino2l358
    tbl_act -- ACTION_READ --> dst_tcam_table_0
    tbl_act_1 -- ACTION_READ --> dst_tcam_table_0
    tbl_tofino2l358 -- ACTION_READ --> dst_tcam_table_0
    src_sram_table_secondary_0 -- IXBAR_READ --> dst_tcam_table_0
    src_tcam_table_secondary_0 -- IXBAR_READ --> dst_tcam_table_0
    src_sram_table_0 -- IXBAR_READ --> dst_tcam_table_0
    src_tcam_table_0 -- IXBAR_READ --> dst_tcam_table_0
    ip_table_0 -- OUTPUT --> dst_tcam_table_0
    src_tcam_table_0 -- OUTPUT --> dst_tcam_table_0
    src_sram_table_0 -- OUTPUT --> dst_tcam_table_0
    ip_table_0 -- OUTPUT --> tbl_drop_0
    src_tcam_table_0 -- OUTPUT --> tbl_drop_0
    src_sram_table_0 -- OUTPUT --> tbl_drop_0
    src_sram_table_secondary_0 -- IXBAR_READ --> dst_sram_table_0
    src_tcam_table_secondary_0 -- IXBAR_READ --> dst_sram_table_0
    src_sram_table_0 -- IXBAR_READ --> dst_sram_table_0
    src_tcam_table_0 -- IXBAR_READ --> dst_sram_table_0
    dst_tcam_table_0 -- OUTPUT --> dst_sram_table_0
    ip_table_0 -- OUTPUT --> dst_sram_table_0
    src_tcam_table_0 -- OUTPUT --> dst_sram_table_0
    src_sram_table_0 -- OUTPUT --> dst_sram_table_0
    tbl_act_7 -- ACTION_READ --> tbl_drop
    tbl_act_9 -- ACTION_READ --> tbl_drop
    ip_table_0 -- OUTPUT --> tbl_drop
    src_tcam_table_0 -- OUTPUT --> tbl_drop
    src_sram_table_0 -- OUTPUT --> tbl_drop
    dst_tcam_table_0 -- OUTPUT --> tbl_drop
    dst_sram_table_0 -- OUTPUT --> tbl_drop
    ip_table_0 -- OUTPUT --> tbl_drop_1
MIN STAGE INFO
    Each table also indicates its dependency chain length
    First number refers to a dependency chain from which each tables are not split
    Second number refers to a dependency chain from which each tables are split as on  last allocation pass
 Stage #0
     ip_table_0 (SwitchIngress.ip_table) 8 8
 Stage #1
     src_tcam_table_0 (SwitchIngress.src_tcam_table) 7 7
	- Edge IXBAR_READ ip_table_0 ( SwitchIngress.ip_table )
	- Edge OUTPUT ip_table_0 ( SwitchIngress.ip_table )
     tbl_act (tbl_act) 6 6
	- Edge CONTROL_TABLE_HIT src_tcam_table_0 ( SwitchIngress.src_tcam_table )
     tbl_drop_1 (tbl_drop_1) 0 0
	- Edge OUTPUT ip_table_0 ( SwitchIngress.ip_table )
 Stage #2
     src_sram_table_0 (SwitchIngress.src_sram_table) 6 6
	- Edge OUTPUT src_tcam_table_0 ( SwitchIngress.src_tcam_table )
     tbl_act_1 (tbl_act_1) 6 6
	- Edge CONTROL_TABLE_HIT src_sram_table_0 ( SwitchIngress.src_sram_table )
 Stage #3
     src_tcam_table_secondary_0 (SwitchIngress.src_tcam_table_secondary) 5 5
	- Edge ACTION_READ tbl_act_1 ( tbl_act_1 )
	- Edge OUTPUT src_sram_table_0 ( SwitchIngress.src_sram_table )
     tbl_act_3 (tbl_act_3) 4 4
	- Edge CONTROL_TABLE_HIT src_tcam_table_secondary_0 ( SwitchIngress.src_tcam_table_secondary )
 Stage #4
     src_sram_table_secondary_0 (SwitchIngress.src_sram_table_secondary) 4 4
	- Edge OUTPUT src_tcam_table_secondary_0 ( SwitchIngress.src_tcam_table_secondary )
     tbl_act_5 (tbl_act_5) 4 4
	- Edge CONTROL_TABLE_HIT src_sram_table_secondary_0 ( SwitchIngress.src_sram_table_secondary )
 Stage #5
     tbl_tofino2l358 (tbl_tofino2l358) 3 3
	- Edge ACTION_READ tbl_act_5 ( tbl_act_5 )
 Stage #6
     dst_tcam_table_0 (SwitchIngress.dst_tcam_table) 2 2
	- Edge ACTION_READ tbl_tofino2l358 ( tbl_tofino2l358 )
     tbl_drop_0 (tbl_drop_0) 0 0
	- Edge CONTROL_COND_FALSE dst_tcam_table_0 ( SwitchIngress.dst_tcam_table )
     tbl_act_7 (tbl_act_7) 1 1
	- Edge CONTROL_TABLE_HIT dst_tcam_table_0 ( SwitchIngress.dst_tcam_table )
 Stage #7
     dst_sram_table_0 (SwitchIngress.dst_sram_table) 1 1
	- Edge OUTPUT dst_tcam_table_0 ( SwitchIngress.dst_tcam_table )
     tbl_act_9 (tbl_act_9) 1 1
	- Edge CONTROL_TABLE_HIT dst_sram_table_0 ( SwitchIngress.dst_sram_table )
 Stage #8
     tbl_drop (tbl_drop) 0 0
	- Edge ACTION_READ tbl_act_9 ( tbl_act_9 )
	- Edge OUTPUT dst_sram_table_0 ( SwitchIngress.dst_sram_table )

FindDependencyGraph : Power Calculation
ingress: [22]
  0: ip_table_0{ T 88+25, 4 1K }
    $hit: [23] 1 11 111
      10: src_tcam_table_0{ T 25+10, 2 2K }
        $hit: [24]
          30: tbl_act
        $miss: [25]
      20: src_sram_table_0{ E 10+10, 2 [1x4 4K 4K 4K 4K] }
        $hit: [26]
          21: tbl_act_1
        $miss: [27]
      40: src_tcam_table_secondary_0(ingress::src_tcam_match_0 => $false, ingress::src_sram_match_0 => $false, ingress::ig_md.Group_id_secondary == 511; => $false, 1){ GT 25+10, 2 2K }
        $false: [44]
        $hit: [29] 0 11
          41: tbl_act_3
          50: src_sram_table_secondary_0{ E 10+10, 2 [1x4 4K 4K 4K 4K] }
            $hit: [31]
              51: tbl_act_5
            $miss: [32]
          60: tbl_tofino2l358(ingress::src_tcam_match_sec_0, ingress::src_sram_match_sec_0, 1 => $false)
            $false: [43]
        $miss: [30] 1
          50: src_sram_table_secondary_0{ E 10+10, 2 [1x4 4K 4K 4K 4K] }
            $hit: [31]...
            $miss: [32]...
          60: tbl_tofino2l358(ingress::src_tcam_match_sec_0, ingress::src_sram_match_sec_0, 1 => $false)
            $false: [43]...
      70: dst_tcam_table_0(ingress::src_tcam_match_0, ingress::src_sram_match_0, ingress::src_match_secondary_0, 1 => $false){ GT 25+10, 2 2K }
        $false: [40]
          72: tbl_drop_0
        $hit: [35] 0 11
          71: tbl_act_7
          80: dst_sram_table_0{ E 10+10, 2 [1x4 4K 4K 4K 4K] }
            $hit: [37]
              81: tbl_act_9
            $miss: [38]
          90: tbl_drop(!ingress::dst_tcam_match_0 && !ingress::dst_sram_match_0;, 1 => $false)
            $false: [45]
        $miss: [36] 1
          80: dst_sram_table_0{ E 10+10, 2 [1x4 4K 4K 4K 4K] }
            $hit: [37]...
            $miss: [38]...
          90: tbl_drop(!ingress::dst_tcam_match_0 && !ingress::dst_sram_match_0;, 1 => $false)
            $false: [45]...
    $miss: [41]
      11: tbl_drop_1
egress: [42]

DepStagesThruDomFrontier postorder : tbl_act
DepStagesThruDomFrontier postorder : src_tcam_table_0
DepStagesThruDomFrontier postorder : tbl_act_1
DepStagesThruDomFrontier postorder : src_sram_table_0
DepStagesThruDomFrontier postorder : tbl_act_3
DepStagesThruDomFrontier postorder : tbl_act_5
DepStagesThruDomFrontier postorder : src_sram_table_secondary_0
DepStagesThruDomFrontier postorder : tbl_tofino2l358
DepStagesThruDomFrontier postorder : src_tcam_table_secondary_0
DepStagesThruDomFrontier postorder : tbl_drop_0
DepStagesThruDomFrontier postorder : tbl_act_7
DepStagesThruDomFrontier postorder : tbl_act_9
DepStagesThruDomFrontier postorder : dst_sram_table_0
DepStagesThruDomFrontier postorder : tbl_drop
DepStagesThruDomFrontier postorder : dst_tcam_table_0
DepStagesThruDomFrontier postorder : tbl_drop_1
DepStagesThruDomFrontier postorder : ip_table_0
    Maximum stage number according to dependences: 
      INGRESS: 8
      EGRESS: -1
GRAPH
    ip_table_0 -- CONTROL_TABLE_HIT --> src_tcam_table_0
    ip_table_0 -- CONTROL_TABLE_HIT --> src_sram_table_0
    ip_table_0 -- CONTROL_TABLE_HIT --> src_tcam_table_secondary_0
    ip_table_0 -- CONTROL_TABLE_HIT --> dst_tcam_table_0
    src_tcam_table_0 -- CONTROL_TABLE_HIT --> tbl_act
    src_sram_table_0 -- CONTROL_TABLE_HIT --> tbl_act_1
    src_tcam_table_secondary_0 -- CONTROL_TABLE_HIT --> tbl_act_3
    src_tcam_table_secondary_0 -- CONTROL_TABLE_HIT --> src_sram_table_secondary_0
    src_tcam_table_secondary_0 -- CONTROL_TABLE_HIT --> tbl_tofino2l358
    src_sram_table_secondary_0 -- CONTROL_TABLE_HIT --> tbl_act_5
    src_tcam_table_secondary_0 -- CONTROL_TABLE_MISS --> src_sram_table_secondary_0
    src_tcam_table_secondary_0 -- CONTROL_TABLE_MISS --> tbl_tofino2l358
    dst_tcam_table_0 -- CONTROL_COND_FALSE --> tbl_drop_0
    dst_tcam_table_0 -- CONTROL_TABLE_HIT --> tbl_act_7
    dst_tcam_table_0 -- CONTROL_TABLE_HIT --> dst_sram_table_0
    dst_tcam_table_0 -- CONTROL_TABLE_HIT --> tbl_drop
    dst_sram_table_0 -- CONTROL_TABLE_HIT --> tbl_act_9
    dst_tcam_table_0 -- CONTROL_TABLE_MISS --> dst_sram_table_0
    dst_tcam_table_0 -- CONTROL_TABLE_MISS --> tbl_drop
    ip_table_0 -- CONTROL_TABLE_MISS --> tbl_drop_1
    ip_table_0 -- IXBAR_READ --> src_tcam_table_0
    ip_table_0 -- OUTPUT --> src_tcam_table_0
    ip_table_0 -- IXBAR_READ --> src_sram_table_0
    src_tcam_table_0 -- OUTPUT --> src_sram_table_0
    ip_table_0 -- OUTPUT --> src_sram_table_0
    tbl_act -- ACTION_READ --> src_tcam_table_secondary_0
    tbl_act_1 -- ACTION_READ --> src_tcam_table_secondary_0
    ip_table_0 -- ACTION_READ --> src_tcam_table_secondary_0
    ip_table_0 -- IXBAR_READ --> src_tcam_table_secondary_0
    src_sram_table_0 -- OUTPUT --> src_tcam_table_secondary_0
    src_tcam_table_0 -- OUTPUT --> src_tcam_table_secondary_0
    ip_table_0 -- IXBAR_READ --> src_sram_table_secondary_0
    src_tcam_table_secondary_0 -- OUTPUT --> src_sram_table_secondary_0
    src_sram_table_0 -- OUTPUT --> src_sram_table_secondary_0
    src_tcam_table_0 -- OUTPUT --> src_sram_table_secondary_0
    tbl_act_3 -- ACTION_READ --> tbl_tofino2l358
    tbl_act_5 -- ACTION_READ --> tbl_tofino2l358
    tbl_act -- ACTION_READ --> dst_tcam_table_0
    tbl_act_1 -- ACTION_READ --> dst_tcam_table_0
    tbl_tofino2l358 -- ACTION_READ --> dst_tcam_table_0
    src_sram_table_secondary_0 -- IXBAR_READ --> dst_tcam_table_0
    src_tcam_table_secondary_0 -- IXBAR_READ --> dst_tcam_table_0
    src_sram_table_0 -- IXBAR_READ --> dst_tcam_table_0
    src_tcam_table_0 -- IXBAR_READ --> dst_tcam_table_0
    ip_table_0 -- OUTPUT --> dst_tcam_table_0
    src_tcam_table_0 -- OUTPUT --> dst_tcam_table_0
    src_sram_table_0 -- OUTPUT --> dst_tcam_table_0
    ip_table_0 -- OUTPUT --> tbl_drop_0
    src_tcam_table_0 -- OUTPUT --> tbl_drop_0
    src_sram_table_0 -- OUTPUT --> tbl_drop_0
    src_sram_table_secondary_0 -- IXBAR_READ --> dst_sram_table_0
    src_tcam_table_secondary_0 -- IXBAR_READ --> dst_sram_table_0
    src_sram_table_0 -- IXBAR_READ --> dst_sram_table_0
    src_tcam_table_0 -- IXBAR_READ --> dst_sram_table_0
    dst_tcam_table_0 -- OUTPUT --> dst_sram_table_0
    ip_table_0 -- OUTPUT --> dst_sram_table_0
    src_tcam_table_0 -- OUTPUT --> dst_sram_table_0
    src_sram_table_0 -- OUTPUT --> dst_sram_table_0
    tbl_act_7 -- ACTION_READ --> tbl_drop
    tbl_act_9 -- ACTION_READ --> tbl_drop
    ip_table_0 -- OUTPUT --> tbl_drop
    src_tcam_table_0 -- OUTPUT --> tbl_drop
    src_sram_table_0 -- OUTPUT --> tbl_drop
    dst_tcam_table_0 -- OUTPUT --> tbl_drop
    dst_sram_table_0 -- OUTPUT --> tbl_drop
    ip_table_0 -- OUTPUT --> tbl_drop_1
MIN STAGE INFO
    Each table also indicates its dependency chain length
    First number refers to a dependency chain from which each tables are not split
    Second number refers to a dependency chain from which each tables are split as on  last allocation pass
 Stage #0
     ip_table_0 (SwitchIngress.ip_table) 8 8
 Stage #1
     src_tcam_table_0 (SwitchIngress.src_tcam_table) 7 7
	- Edge IXBAR_READ ip_table_0 ( SwitchIngress.ip_table )
	- Edge OUTPUT ip_table_0 ( SwitchIngress.ip_table )
     tbl_act (tbl_act) 6 6
	- Edge CONTROL_TABLE_HIT src_tcam_table_0 ( SwitchIngress.src_tcam_table )
     tbl_drop_1 (tbl_drop_1) 0 0
	- Edge OUTPUT ip_table_0 ( SwitchIngress.ip_table )
 Stage #2
     src_sram_table_0 (SwitchIngress.src_sram_table) 6 6
	- Edge OUTPUT src_tcam_table_0 ( SwitchIngress.src_tcam_table )
     tbl_act_1 (tbl_act_1) 6 6
	- Edge CONTROL_TABLE_HIT src_sram_table_0 ( SwitchIngress.src_sram_table )
 Stage #3
     src_tcam_table_secondary_0 (SwitchIngress.src_tcam_table_secondary) 5 5
	- Edge ACTION_READ tbl_act_1 ( tbl_act_1 )
	- Edge OUTPUT src_sram_table_0 ( SwitchIngress.src_sram_table )
     tbl_act_3 (tbl_act_3) 4 4
	- Edge CONTROL_TABLE_HIT src_tcam_table_secondary_0 ( SwitchIngress.src_tcam_table_secondary )
 Stage #4
     src_sram_table_secondary_0 (SwitchIngress.src_sram_table_secondary) 4 4
	- Edge OUTPUT src_tcam_table_secondary_0 ( SwitchIngress.src_tcam_table_secondary )
     tbl_act_5 (tbl_act_5) 4 4
	- Edge CONTROL_TABLE_HIT src_sram_table_secondary_0 ( SwitchIngress.src_sram_table_secondary )
 Stage #5
     tbl_tofino2l358 (tbl_tofino2l358) 3 3
	- Edge ACTION_READ tbl_act_5 ( tbl_act_5 )
 Stage #6
     dst_tcam_table_0 (SwitchIngress.dst_tcam_table) 2 2
	- Edge ACTION_READ tbl_tofino2l358 ( tbl_tofino2l358 )
     tbl_drop_0 (tbl_drop_0) 0 0
	- Edge CONTROL_COND_FALSE dst_tcam_table_0 ( SwitchIngress.dst_tcam_table )
     tbl_act_7 (tbl_act_7) 1 1
	- Edge CONTROL_TABLE_HIT dst_tcam_table_0 ( SwitchIngress.dst_tcam_table )
 Stage #7
     dst_sram_table_0 (SwitchIngress.dst_sram_table) 1 1
	- Edge OUTPUT dst_tcam_table_0 ( SwitchIngress.dst_tcam_table )
     tbl_act_9 (tbl_act_9) 1 1
	- Edge CONTROL_TABLE_HIT dst_sram_table_0 ( SwitchIngress.dst_sram_table )
 Stage #8
     tbl_drop (tbl_drop) 0 0
	- Edge ACTION_READ tbl_act_9 ( tbl_act_9 )
	- Edge OUTPUT dst_sram_table_0 ( SwitchIngress.dst_sram_table )

