Table Placement INITIAL, not ignoring container conflicts
Table placement starting on pipe with DEFAULT PLACEMENT approach
ingress: [16]
  ip_table_0{ T 88+1, 2 1K }
    $hit: [17] 1 11
      src_tcam_table_0{ T 25+1, 2 2K }
        $hit: [18]
          tbl_act
        $miss: [19]
      src_sram_table_0{ E 10+1, 2 4K }
        $hit: [20]
          tbl_act_1
        $miss: [21]
      cond-3(ingress::src_tcam_match_0 => $true, ingress::src_sram_match_0 => $true, 1 => $false)
        $true: [22] 1 11
          dst_tcam_table_0{ T 25+2, 2 2K }
            $hit: [23]
              tbl_act_3
            $miss: [24]
          dst_sram_table_0{ E 10+2, 2 4K }
            $hit: [25]
              tbl_act_5
            $miss: [26]
          cond-4(!ingress::dst_tcam_match_0 && !ingress::dst_sram_match_0; => $true, 1 => $false)
            $true: [27]
              tbl_drop
            $false: [31]
        $false: [28]
          tbl_drop_0
    $miss: [29]
      tbl_drop_1
egress: [30]

stage 0, work: [ 4012937 ], partly placed 0, placed 0
    { id=0 ram=0 tcam=0 mram=0 eixb=0 tixb=0 malu=0 salu=0 local_tinds=0 }
ip_table_0 is not a gateway! Aborting search for merge choices
try_place_table(ip_table_0, stage=0)
    Initial # of stages is 0, initial # of entries is 1024
  Try_alloc_all for Table use
  Trying to allocate layout for ip_table_0 
  Picking layout option for table : ip_table_0 with requested entries : 1024
  picked layout for ip_table_0 FormatType(02) layout: 1024tV ixbar:11B/88b match:11B/88b adb:2 ov:10 imm:9
  entries:1024 srams:1 local_tinds: 0 maprams:0 tcams:4 afi:1
  Trying to allocate adb for ip_table_0 
  Trying to allocate imem for ip_table_0 
    Selected stage: 0    Furthest stage: 0
    try_place_table returning 1024 of ip_table_0 in stage 0
    Pl vector: ip_table_0 
found 1 tables that could be placed: [ ip_table_0 ]
Initial best is first table seen: ip_table_0
Adding table:ip_table_0 in the initial stage option
placing 1024 entries of ip_table_0 ( SwitchIngress.ip_table )  in stage 0(0) FormatType(02)
stage 0, work: [ 4012937, 4013101, 4014345 ], partly placed 0, placed 1
    { id=1 ram=1 tcam=4 mram=0 eixb=11 tixb=0 malu=0 salu=0 local_tinds=0 }
    - skipping ip_table_0 as its already done
src_tcam_table_0 is not a gateway! Aborting search for merge choices
try_place_table(src_tcam_table_0, stage=0)
    - dependency between ip_table_0 and table advances stage
    Initial # of stages is 1, initial # of entries is 2048
  Try_alloc_all for Table use
  Trying to allocate layout for src_tcam_table_0 
  Picking layout option for table : src_tcam_table_0 with requested entries : 2048
  picked layout for src_tcam_table_0 FormatType(02) layout: 2048tV ixbar:4B/25b match:4B/25b adb:2 ov:10 imm:9
  entries:2048 srams:1 local_tinds: 0 maprams:0 tcams:4 afi:1
  Trying to allocate adb for src_tcam_table_0 
  Trying to allocate imem for src_tcam_table_0 
    Selected stage: 1    Furthest stage: 1
    try_place_table returning 2048 of src_tcam_table_0 in stage 1
    Pl vector: src_tcam_table_0 
  - skipping src_sram_table_0 due to in-sequence control dependence on src_tcam_table_0
  - skipping cond-3 due to in-sequence control dependence on src_tcam_table_0
tbl_drop_1 is not a gateway! Aborting search for merge choices
try_place_table(tbl_drop_1, stage=0)
    - dependency between ip_table_0 and table advances stage
    Initial # of stages is 1, initial # of entries is 1
  Try_alloc_all for Table use
  Trying to allocate layout for tbl_drop_1 
  Picking layout option for table : tbl_drop_1 with requested entries : 1
  picked layout for tbl_drop_1 FormatType(02) layout: 0V ixbar:0B/0b match:0B/0b
  entries:1 srams:0 local_tinds: 0 maprams:0 tcams:0 afi:0
  Trying to allocate adb for tbl_drop_1 
  Trying to allocate imem for tbl_drop_1 
    Selected stage: 1    Furthest stage: 1
    try_place_table returning 1 of tbl_drop_1 in stage 1
    Pl vector: tbl_drop_1 
found 2 tables that could be placed: [ src_tcam_table_0, tbl_drop_1 ]
Initial best is first table seen: src_tcam_table_0
For trial t : tbl_drop_1 with best: src_tcam_table_0
    Keeping best src_tcam_table_0 for reason: longer downward prop control-included dependence tail chain
Adding table:src_tcam_table_0 in the initial stage option
Adding table:tbl_drop_1 in the initial stage option
placing 2048 entries of src_tcam_table_0 ( SwitchIngress.src_tcam_table )  in stage 1(10) FormatType(02)
stage 1, work: [ 4013101, 4014345, 4013404 ], partly placed 0, placed 2
    { id=1 ram=1 tcam=4 mram=0 eixb=4 tixb=0 malu=0 salu=0 local_tinds=0 }
    - skipping src_tcam_table_0 as its already done
src_sram_table_0 is not a gateway! Aborting search for merge choices
try_place_table(src_sram_table_0, stage=1)
    - dependency between src_tcam_table_0 and table advances stage
    Initial # of stages is 2, initial # of entries is 4096
  Try_alloc_all for Table use
  Trying to allocate layout for src_sram_table_0 
  Picking layout option for table : src_sram_table_0 with requested entries : 4096
      The selected pack format for table src_sram_table_0 could not fit given the input xbar allocation
  picked layout for src_sram_table_0 FormatType(02) layout: 4096eV ixbar:4B/20b match:2B/10b gh:2 adb:2 ov:10 imm:9
  way:{ g:4 e:0 w:1 1 1 1 1 }
  entries:16384 srams:4 local_tinds: 0 maprams:0 tcams:0 afi:1
  Trying to allocate adb for src_sram_table_0 
  Trying to allocate imem for src_sram_table_0 
    Selected stage: 2    Furthest stage: 2
    try_place_table returning 16384 of src_sram_table_0 in stage 2
    Pl vector: src_sram_table_0 
  - skipping cond-3 due to in-sequence control dependence on src_sram_table_0
tbl_drop_1 is not a gateway! Aborting search for merge choices
try_place_table(tbl_drop_1, stage=1)
    Initial # of stages is 1, initial # of entries is 1
  Try_alloc_all for Table use
  Trying to allocate layout for tbl_drop_1 
  Picking layout option for table : tbl_drop_1 with requested entries : 1
  picked layout for tbl_drop_1 FormatType(02) layout: 0V ixbar:0B/0b match:0B/0b
  entries:1 srams:0 local_tinds: 0 maprams:0 tcams:0 afi:0
  Trying to allocate adb for tbl_drop_1 
  Trying to allocate imem for tbl_drop_1 
    Selected stage: 1    Furthest stage: 2
    try_place_table returning 1 of tbl_drop_1 in stage 1
    Pl vector: tbl_drop_1 
tbl_act is not a gateway! Aborting search for merge choices
try_place_table(tbl_act, stage=1)
    Initial # of stages is 1, initial # of entries is 1
  Try_alloc_all for Table use
  Trying to allocate layout for tbl_act 
  Picking layout option for table : tbl_act with requested entries : 1
  picked layout for tbl_act FormatType(02) layout: 0V ixbar:0B/0b match:0B/0b
  entries:1 srams:0 local_tinds: 0 maprams:0 tcams:0 afi:0
  Trying to allocate adb for tbl_act 
  Trying to allocate imem for tbl_act 
    Selected stage: 1    Furthest stage: 2
    try_place_table returning 1 of tbl_act in stage 1
    Pl vector: tbl_act 
found 3 tables that could be placed: [ src_sram_table_0, tbl_drop_1, tbl_act ]
Initial best is first table seen: src_sram_table_0
For trial t : tbl_drop_1 with best: src_sram_table_0
    Updating best to tbl_drop_1 from src_sram_table_0 for reason: earlier stage calculated
For trial t : tbl_act with best: tbl_drop_1
    Updating best to tbl_act from tbl_drop_1 for reason: longer downward prop control-included dependence tail chain
placing 1 entries of tbl_act ( tbl_act )  in stage 1(11) FormatType(02)
stage 1, work: [ 4013101, 4014345 ], partly placed 0, placed 3
    { id=2 ram=1 tcam=4 mram=0 eixb=4 tixb=0 malu=0 salu=0 local_tinds=0 }
    - skipping src_tcam_table_0 as its already done
src_sram_table_0 is not a gateway! Aborting search for merge choices
try_place_table(src_sram_table_0, stage=1)
    - dependency between src_tcam_table_0 and table advances stage
    Initial # of stages is 2, initial # of entries is 4096
  Try_alloc_all for Table use
  Trying to allocate layout for src_sram_table_0 
  Picking layout option for table : src_sram_table_0 with requested entries : 4096
      The selected pack format for table src_sram_table_0 could not fit given the input xbar allocation
  picked layout for src_sram_table_0 FormatType(02) layout: 4096eV ixbar:4B/20b match:2B/10b gh:2 adb:2 ov:10 imm:9
  way:{ g:4 e:0 w:1 1 1 1 1 }
  entries:16384 srams:4 local_tinds: 0 maprams:0 tcams:0 afi:1
  Trying to allocate adb for src_sram_table_0 
  Trying to allocate imem for src_sram_table_0 
    Selected stage: 2    Furthest stage: 2
    try_place_table returning 16384 of src_sram_table_0 in stage 2
    Pl vector: src_sram_table_0 
  - skipping cond-3 due to in-sequence control dependence on src_sram_table_0
tbl_drop_1 is not a gateway! Aborting search for merge choices
try_place_table(tbl_drop_1, stage=1)
    Initial # of stages is 1, initial # of entries is 1
  Try_alloc_all for Table use
  Trying to allocate layout for tbl_drop_1 
  Picking layout option for table : tbl_drop_1 with requested entries : 1
  picked layout for tbl_drop_1 FormatType(02) layout: 0V ixbar:0B/0b match:0B/0b
  entries:1 srams:0 local_tinds: 0 maprams:0 tcams:0 afi:0
  Trying to allocate adb for tbl_drop_1 
  Trying to allocate imem for tbl_drop_1 
    Selected stage: 1    Furthest stage: 2
    try_place_table returning 1 of tbl_drop_1 in stage 1
    Pl vector: tbl_drop_1 
found 2 tables that could be placed: [ src_sram_table_0, tbl_drop_1 ]
Initial best is first table seen: src_sram_table_0
For trial t : tbl_drop_1 with best: src_sram_table_0
    Updating best to tbl_drop_1 from src_sram_table_0 for reason: earlier stage calculated
placing 1 entries of tbl_drop_1 ( tbl_drop_1 )  in stage 1(12) FormatType(02)
stage 1, work: [ 4013101 ], partly placed 0, placed 4
    { id=3 ram=1 tcam=4 mram=0 eixb=4 tixb=0 malu=0 salu=0 local_tinds=0 }
    - skipping src_tcam_table_0 as its already done
src_sram_table_0 is not a gateway! Aborting search for merge choices
try_place_table(src_sram_table_0, stage=1)
    - dependency between src_tcam_table_0 and table advances stage
    Initial # of stages is 2, initial # of entries is 4096
  Try_alloc_all for Table use
  Trying to allocate layout for src_sram_table_0 
  Picking layout option for table : src_sram_table_0 with requested entries : 4096
      The selected pack format for table src_sram_table_0 could not fit given the input xbar allocation
  picked layout for src_sram_table_0 FormatType(02) layout: 4096eV ixbar:4B/20b match:2B/10b gh:2 adb:2 ov:10 imm:9
  way:{ g:4 e:0 w:1 1 1 1 1 }
  entries:16384 srams:4 local_tinds: 0 maprams:0 tcams:0 afi:1
  Trying to allocate adb for src_sram_table_0 
  Trying to allocate imem for src_sram_table_0 
    Selected stage: 2    Furthest stage: 2
    try_place_table returning 16384 of src_sram_table_0 in stage 2
    Pl vector: src_sram_table_0 
  - skipping cond-3 due to in-sequence control dependence on src_sram_table_0
found 1 tables that could be placed: [ src_sram_table_0 ]
Initial best is first table seen: src_sram_table_0
Adding table:src_sram_table_0 in the initial stage option
placing 16384 entries of src_sram_table_0 ( SwitchIngress.src_sram_table )  in stage 2(20) FormatType(02)
stage 2, work: [ 4013101, 4013634 ], partly placed 0, placed 5
    { id=1 ram=4 tcam=0 mram=0 eixb=4 tixb=0 malu=0 salu=0 local_tinds=0 }
    - skipping src_tcam_table_0 as its already done
    - skipping src_sram_table_0 as its already done
  - skipping cond-3 because it depends on tbl_act_1
    - removing tbl_drop_0 from merge list because it depends on tbl_act_1
    - removing dst_tcam_table_0 from merge list because it depends on tbl_act_1
    - skipping gateway cond-3 until mergeable tables are available
tbl_act_1 is not a gateway! Aborting search for merge choices
try_place_table(tbl_act_1, stage=2)
    Initial # of stages is 2, initial # of entries is 1
  Try_alloc_all for Table use
  Trying to allocate layout for tbl_act_1 
  Picking layout option for table : tbl_act_1 with requested entries : 1
  picked layout for tbl_act_1 FormatType(02) layout: 0V ixbar:0B/0b match:0B/0b
  entries:1 srams:0 local_tinds: 0 maprams:0 tcams:0 afi:0
  Trying to allocate adb for tbl_act_1 
  Trying to allocate imem for tbl_act_1 
    Selected stage: 2    Furthest stage: 3
    try_place_table returning 1 of tbl_act_1 in stage 2
    Pl vector: tbl_act_1 
found 1 tables that could be placed: [ tbl_act_1 ]
Initial best is first table seen: tbl_act_1
placing 1 entries of tbl_act_1 ( tbl_act_1 )  in stage 2(21) FormatType(02)
stage 2, work: [ 4013101 ], partly placed 0, placed 6
    { id=2 ram=4 tcam=0 mram=0 eixb=4 tixb=0 malu=0 salu=0 local_tinds=0 }
    - skipping src_tcam_table_0 as its already done
    - skipping src_sram_table_0 as its already done
try_place_table(cond-3, stage=2)
    Merging with match table tbl_drop_0 and tag $false
    - dependency between tbl_act_1 and table advances stage
    Initial # of stages is 3, initial # of entries is 1
  Try_alloc_all for Table use
  Trying to allocate layout for tbl_drop_0 
  Picking layout option for table : tbl_drop_0 with requested entries : 1
  picked layout for tbl_drop_0 FormatType(02) layout: 0V ixbar:0B/0b match:0B/0b
  entries:1 srams:0 local_tinds: 0 maprams:0 tcams:0 afi:0
  Trying to allocate adb for tbl_drop_0 
  Trying to allocate imem for tbl_drop_0 
    Selected stage: 3    Furthest stage: 3
    try_place_table returning 1 of tbl_drop_0 in stage 3
    Merging with match table dst_tcam_table_0 and tag $true
    - dependency between tbl_act_1 and table advances stage
    Initial # of stages is 3, initial # of entries is 2048
  Try_alloc_all for Table use
  Trying to allocate layout for dst_tcam_table_0 
  Picking layout option for table : dst_tcam_table_0 with requested entries : 2048
  picked layout for dst_tcam_table_0 FormatType(02) layout: 2048tV ixbar:4B/25b match:4B/25b adb:2 ov:11 imm:9
  entries:2048 srams:1 local_tinds: 0 maprams:0 tcams:4 afi:1
  Trying to allocate adb for dst_tcam_table_0 
  Trying to allocate imem for dst_tcam_table_0 
    Selected stage: 3    Furthest stage: 3
    try_place_table returning 2048 of dst_tcam_table_0 in stage 3
    Pl vector: tbl_drop_0 dst_tcam_table_0 
found 2 tables that could be placed: [ tbl_drop_0, dst_tcam_table_0 ]
Initial best is first table seen: tbl_drop_0
For trial t : dst_tcam_table_0 with best: tbl_drop_0
    Updating best to dst_tcam_table_0 from tbl_drop_0 for reason: longer downward prop control-included dependence tail chain
Adding table:tbl_drop_0 in the initial stage option
Adding table:dst_tcam_table_0 in the initial stage option
placing 2048 entries of dst_tcam_table_0 ( SwitchIngress.dst_tcam_table )  (with gw cond-3, result tag $true) in stage 3(30) FormatType(02)
stage 3, work: [ 4013101, 4013642, 4014281, 4013889 ], partly placed 0, placed 7
    { id=1 ram=1 tcam=4 mram=0 eixb=4 tixb=0 malu=0 salu=0 local_tinds=0 }
    - skipping src_tcam_table_0 as its already done
    - skipping src_sram_table_0 as its already done
    - skipping cond-3 as its already done
    - skipping dst_tcam_table_0 as its already done
dst_sram_table_0 is not a gateway! Aborting search for merge choices
try_place_table(dst_sram_table_0, stage=3)
    - dependency between dst_tcam_table_0 and table advances stage
    Initial # of stages is 4, initial # of entries is 4096
  Try_alloc_all for Table use
  Trying to allocate layout for dst_sram_table_0 
  Picking layout option for table : dst_sram_table_0 with requested entries : 4096
      The selected pack format for table dst_sram_table_0 could not fit given the input xbar allocation
  picked layout for dst_sram_table_0 FormatType(02) layout: 4096eV ixbar:4B/20b match:2B/10b gh:2 adb:2 ov:11 imm:9
  way:{ g:4 e:0 w:1 1 1 1 1 }
  entries:16384 srams:4 local_tinds: 0 maprams:0 tcams:0 afi:1
  Trying to allocate adb for dst_sram_table_0 
  Trying to allocate imem for dst_sram_table_0 
    Selected stage: 4    Furthest stage: 4
    try_place_table returning 16384 of dst_sram_table_0 in stage 4
    Pl vector: dst_sram_table_0 
  - skipping cond-4 due to in-sequence control dependence on dst_sram_table_0
tbl_drop_0 is not a gateway! Aborting search for merge choices
try_place_table(tbl_drop_0, stage=3)
    Initial # of stages is 3, initial # of entries is 1
  Try_alloc_all for Table use
  Trying to allocate layout for tbl_drop_0 
  Picking layout option for table : tbl_drop_0 with requested entries : 1
  picked layout for tbl_drop_0 FormatType(02) layout: 0V ixbar:0B/0b match:0B/0b
  entries:1 srams:0 local_tinds: 0 maprams:0 tcams:0 afi:0
  Trying to allocate adb for tbl_drop_0 
  Trying to allocate imem for tbl_drop_0 
    Selected stage: 3    Furthest stage: 4
    try_place_table returning 1 of tbl_drop_0 in stage 3
    Pl vector: tbl_drop_0 
tbl_act_3 is not a gateway! Aborting search for merge choices
try_place_table(tbl_act_3, stage=3)
    Initial # of stages is 3, initial # of entries is 1
  Try_alloc_all for Table use
  Trying to allocate layout for tbl_act_3 
  Picking layout option for table : tbl_act_3 with requested entries : 1
  picked layout for tbl_act_3 FormatType(02) layout: 0V ixbar:0B/0b match:0B/0b
  entries:1 srams:0 local_tinds: 0 maprams:0 tcams:0 afi:0
  Trying to allocate adb for tbl_act_3 
  Trying to allocate imem for tbl_act_3 
    Selected stage: 3    Furthest stage: 4
    try_place_table returning 1 of tbl_act_3 in stage 3
    Pl vector: tbl_act_3 
found 3 tables that could be placed: [ dst_sram_table_0, tbl_drop_0, tbl_act_3 ]
Initial best is first table seen: dst_sram_table_0
For trial t : tbl_drop_0 with best: dst_sram_table_0
    Updating best to tbl_drop_0 from dst_sram_table_0 for reason: earlier stage calculated
For trial t : tbl_act_3 with best: tbl_drop_0
    Updating best to tbl_act_3 from tbl_drop_0 for reason: longer downward prop control-included dependence tail chain
placing 1 entries of tbl_act_3 ( tbl_act_3 )  in stage 3(31) FormatType(02)
stage 3, work: [ 4013642, 4014281 ], partly placed 0, placed 8
    { id=2 ram=1 tcam=4 mram=0 eixb=4 tixb=0 malu=0 salu=0 local_tinds=0 }
    - skipping dst_tcam_table_0 as its already done
dst_sram_table_0 is not a gateway! Aborting search for merge choices
try_place_table(dst_sram_table_0, stage=3)
    - dependency between dst_tcam_table_0 and table advances stage
    Initial # of stages is 4, initial # of entries is 4096
  Try_alloc_all for Table use
  Trying to allocate layout for dst_sram_table_0 
  Picking layout option for table : dst_sram_table_0 with requested entries : 4096
      The selected pack format for table dst_sram_table_0 could not fit given the input xbar allocation
  picked layout for dst_sram_table_0 FormatType(02) layout: 4096eV ixbar:4B/20b match:2B/10b gh:2 adb:2 ov:11 imm:9
  way:{ g:4 e:0 w:1 1 1 1 1 }
  entries:16384 srams:4 local_tinds: 0 maprams:0 tcams:0 afi:1
  Trying to allocate adb for dst_sram_table_0 
  Trying to allocate imem for dst_sram_table_0 
    Selected stage: 4    Furthest stage: 4
    try_place_table returning 16384 of dst_sram_table_0 in stage 4
    Pl vector: dst_sram_table_0 
  - skipping cond-4 due to in-sequence control dependence on dst_sram_table_0
tbl_drop_0 is not a gateway! Aborting search for merge choices
try_place_table(tbl_drop_0, stage=3)
    Initial # of stages is 3, initial # of entries is 1
  Try_alloc_all for Table use
  Trying to allocate layout for tbl_drop_0 
  Picking layout option for table : tbl_drop_0 with requested entries : 1
  picked layout for tbl_drop_0 FormatType(02) layout: 0V ixbar:0B/0b match:0B/0b
  entries:1 srams:0 local_tinds: 0 maprams:0 tcams:0 afi:0
  Trying to allocate adb for tbl_drop_0 
  Trying to allocate imem for tbl_drop_0 
    Selected stage: 3    Furthest stage: 4
    try_place_table returning 1 of tbl_drop_0 in stage 3
    Pl vector: tbl_drop_0 
found 2 tables that could be placed: [ dst_sram_table_0, tbl_drop_0 ]
Initial best is first table seen: dst_sram_table_0
For trial t : tbl_drop_0 with best: dst_sram_table_0
    Updating best to tbl_drop_0 from dst_sram_table_0 for reason: earlier stage calculated
placing 1 entries of tbl_drop_0 ( tbl_drop_0 )  in stage 3(32) FormatType(02)
stage 3, work: [ 4013642 ], partly placed 0, placed 9
    { id=3 ram=1 tcam=4 mram=0 eixb=4 tixb=0 malu=0 salu=0 local_tinds=0 }
    - skipping dst_tcam_table_0 as its already done
dst_sram_table_0 is not a gateway! Aborting search for merge choices
try_place_table(dst_sram_table_0, stage=3)
    - dependency between dst_tcam_table_0 and table advances stage
    Initial # of stages is 4, initial # of entries is 4096
  Try_alloc_all for Table use
  Trying to allocate layout for dst_sram_table_0 
  Picking layout option for table : dst_sram_table_0 with requested entries : 4096
      The selected pack format for table dst_sram_table_0 could not fit given the input xbar allocation
  picked layout for dst_sram_table_0 FormatType(02) layout: 4096eV ixbar:4B/20b match:2B/10b gh:2 adb:2 ov:11 imm:9
  way:{ g:4 e:0 w:1 1 1 1 1 }
  entries:16384 srams:4 local_tinds: 0 maprams:0 tcams:0 afi:1
  Trying to allocate adb for dst_sram_table_0 
  Trying to allocate imem for dst_sram_table_0 
    Selected stage: 4    Furthest stage: 4
    try_place_table returning 16384 of dst_sram_table_0 in stage 4
    Pl vector: dst_sram_table_0 
  - skipping cond-4 due to in-sequence control dependence on dst_sram_table_0
found 1 tables that could be placed: [ dst_sram_table_0 ]
Initial best is first table seen: dst_sram_table_0
Adding table:dst_sram_table_0 in the initial stage option
placing 16384 entries of dst_sram_table_0 ( SwitchIngress.dst_sram_table )  in stage 4(40) FormatType(02)
stage 4, work: [ 4013642, 4014147 ], partly placed 0, placed 10
    { id=1 ram=4 tcam=0 mram=0 eixb=4 tixb=0 malu=0 salu=0 local_tinds=0 }
    - skipping dst_tcam_table_0 as its already done
    - skipping dst_sram_table_0 as its already done
  - skipping cond-4 because it depends on tbl_act_5
    - removing tbl_drop from merge list because it depends on tbl_act_5
    - skipping gateway cond-4 until mergeable tables are available
tbl_act_5 is not a gateway! Aborting search for merge choices
try_place_table(tbl_act_5, stage=4)
    Initial # of stages is 4, initial # of entries is 1
  Try_alloc_all for Table use
  Trying to allocate layout for tbl_act_5 
  Picking layout option for table : tbl_act_5 with requested entries : 1
  picked layout for tbl_act_5 FormatType(02) layout: 0V ixbar:0B/0b match:0B/0b
  entries:1 srams:0 local_tinds: 0 maprams:0 tcams:0 afi:0
  Trying to allocate adb for tbl_act_5 
  Trying to allocate imem for tbl_act_5 
    Selected stage: 4    Furthest stage: 5
    try_place_table returning 1 of tbl_act_5 in stage 4
    Pl vector: tbl_act_5 
found 1 tables that could be placed: [ tbl_act_5 ]
Initial best is first table seen: tbl_act_5
placing 1 entries of tbl_act_5 ( tbl_act_5 )  in stage 4(41) FormatType(02)
stage 4, work: [ 4013642 ], partly placed 0, placed 11
    { id=2 ram=4 tcam=0 mram=0 eixb=4 tixb=0 malu=0 salu=0 local_tinds=0 }
    - skipping dst_tcam_table_0 as its already done
    - skipping dst_sram_table_0 as its already done
try_place_table(cond-4, stage=4)
    Merging with match table tbl_drop and tag $true
    - dependency between tbl_act_5 and table advances stage
    Initial # of stages is 5, initial # of entries is 1
  Try_alloc_all for Table use
  Trying to allocate layout for tbl_drop 
  Picking layout option for table : tbl_drop with requested entries : 1
  picked layout for tbl_drop FormatType(02) layout: 0V ixbar:0B/0b match:0B/0b
  entries:1 srams:0 local_tinds: 0 maprams:0 tcams:0 afi:0
  Trying to allocate adb for tbl_drop 
  Trying to allocate imem for tbl_drop 
    Selected stage: 5    Furthest stage: 5
    try_place_table returning 1 of tbl_drop in stage 5
    Pl vector: tbl_drop 
found 1 tables that could be placed: [ tbl_drop ]
Initial best is first table seen: tbl_drop
Adding table:tbl_drop in the initial stage option
placing 1 entries of tbl_drop ( tbl_drop )  (with gw cond-4, result tag $true) in stage 5(50) FormatType(02)
Adding complete placement for resource mode:0
Found a complete solution that fit the number of stages required
Evaluating complete solution with resource:0
Placement error(s):0 stages required:6
Updating best final placement with this one
Table placement placed 12 tables in 6 stages
  Table tbl_drop logical id 0x50 entries=1 stage=5
  Gateway cond-4 is also logical id 0x50
  Table tbl_act_5 logical id 0x41 entries=1 stage=4
  Table dst_sram_table_0 logical id 0x40 entries=16384 stage=4
  Table tbl_drop_0 logical id 0x32 entries=1 stage=3
  Table tbl_act_3 logical id 0x31 entries=1 stage=3
  Table dst_tcam_table_0 logical id 0x30 entries=2048 stage=3
  Gateway cond-3 is also logical id 0x30
  Table tbl_act_1 logical id 0x21 entries=1 stage=2
  Table src_sram_table_0 logical id 0x20 entries=16384 stage=2
  Table tbl_drop_1 logical id 0x12 entries=1 stage=1
  Table tbl_act logical id 0x11 entries=1 stage=1
  Table src_tcam_table_0 logical id 0x10 entries=2048 stage=1
  Table ip_table_0 logical id 0x0 entries=1024 stage=0
Finished table placement decisions pipe
  Adding Ternary Indirect table to ip_table_0
  Adding Ternary Indirect table to src_tcam_table_0
  Adding Ternary Indirect table to tbl_act
  Adding Ternary Indirect table to tbl_act_1
folding gateway cond-3 onto dst_tcam_table_0
  Adding Ternary Indirect table to dst_tcam_table_0
  Adding Ternary Indirect table to tbl_drop_0
  Adding Ternary Indirect table to tbl_act_3
  Adding Ternary Indirect table to tbl_act_5
folding gateway cond-4 onto tbl_drop
  Adding Ternary Indirect table to tbl_drop
  Adding Ternary Indirect table to tbl_drop_1
table placement completed pipe
ingress: [16]
  0: ip_table_0{ T 88+10, 2 1K }
    $hit: [17] 0 00
      10: src_tcam_table_0{ T 25+10, 2 2K }
        $hit: [18]
          11: tbl_act
        $miss: [19]
      20: src_sram_table_0{ E 10+10, 2 [1x4 4K 4K 4K 4K] }
        $hit: [20]
          21: tbl_act_1
        $miss: [21]
      30: dst_tcam_table_0(ingress::src_tcam_match_0, ingress::src_sram_match_0, 1 => $false){ GT 25+11, 2 2K }
        $false: [28]
          32: tbl_drop_0
        $hit: [23] 0 00
          31: tbl_act_3
          40: dst_sram_table_0{ E 10+11, 2 [1x4 4K 4K 4K 4K] }
            $hit: [25]
              41: tbl_act_5
            $miss: [26]
          50: tbl_drop(!ingress::dst_tcam_match_0 && !ingress::dst_sram_match_0;, 1 => $false)
            $false: [31]
        $miss: [24] 0
          40: dst_sram_table_0{ E 10+11, 2 [1x4 4K 4K 4K 4K] }
            $hit: [25]...
            $miss: [26]...
          50: tbl_drop(!ingress::dst_tcam_match_0 && !ingress::dst_sram_match_0;, 1 => $false)
            $false: [31]...
    $miss: [29]
      12: tbl_drop_1
egress: [30]

